<html>
<body>
<pre>
<h1>µVision Build Log</h1>
<h2>Tool Versions:</h2>
IDE-Version: ¦ÌVision V5.37.0.0
Copyright (C) 2022 ARM Ltd and ARM Germany GmbH. All rights reserved.
License Information: sdf fds, sdads, LIC=ATTQ1-CJ7X1-63KMB-2W2RU-KIDFR-KZ5XL
 
Tool Versions:
Toolchain:       MDK-ARM Plus  Version: 5.37.0.0
Toolchain Path:  D:\Keil5\Keil5\ARM\ARMCC\Bin
C Compiler:      Armcc.exe V5.06 update 1 (build 61)
Assembler:       Armasm.exe V5.06 update 1 (build 61)
Linker/Locator:  ArmLink.exe V5.06 update 1 (build 61)
Library Manager: ArmAr.exe V5.06 update 1 (build 61)
Hex Converter:   FromElf.exe V5.06 update 1 (build 61)
CPU DLL:         SARMCM3.DLL V5.37.0.0
Dialog DLL:      DCM.DLL V1.17.5.0
Target DLL:      CMSIS_AGDI.dll V1.33.12.0
Dialog DLL:      TCM.DLL V1.56.1.0
 
<h2>Project:</h2>
C:\Users\Liu_yu\Desktop\FOC_MATLAB\FOC_MATLAB\MDK-ARM\FOC_MATLAB.uvprojx
Project File Date:  12/09/2023

<h2>Output:</h2>
*** Using Compiler 'V5.06 update 1 (build 61)', folder: 'D:\Keil5\Keil5\ARM\ARMCC\Bin'
Build target 'FOC_MATLAB'
compiling main.c...
../Inc/IIC.h(25): warning:  #1-D: last line of file ends without a newline
                            
../Src/main.c: 1 warning, 0 errors
compiling tim.c...
linking...
Program Size: Code=18816 RO-data=568 RW-data=16 ZI-data=1944  
FromELF: creating hex file...
"FOC_MATLAB\FOC_MATLAB.axf" - 0 Error(s), 1 Warning(s).

<h2>Software Packages used:</h2>

Package Vendor: ARM
                http://www.keil.com/pack/ARM.CMSIS.5.9.0.pack
                ARM.CMSIS.5.9.0
                CMSIS (Common Microcontroller Software Interface Standard)
   * Component: CORE Version: 5.6.0

Package Vendor: Keil
                https://www.keil.com/pack/Keil.STM32G4xx_DFP.1.5.0.pack
                Keil.STM32G4xx_DFP.1.5.0
                STMicroelectronics STM32G4 Series Device Support, Drivers and Examples

<h2>Collection of Component include folders:</h2>
  ./RTE/_FOC_MATLAB
  D:/Keil5/Pack/ARM/CMSIS/5.9.0/CMSIS/Core/Include
  D:/Keil5/Pack/Keil/STM32G4xx_DFP/1.5.0/Drivers/CMSIS/Device/ST/STM32G4xx/Include

<h2>Collection of Component Files used:</h2>

   * Component: ARM::CMSIS:CORE:5.6.0
Build Time Elapsed:  00:00:03
</pre>
</body>
</html>
