Component: ARM Compiler 5.06 update 1 (build 61) Tool: armlink [4d35a8]

==============================================================================

Section Cross References

    startup_stm32g431xx.o(RESET) refers to startup_stm32g431xx.o(STACK) for __initial_sp
    startup_stm32g431xx.o(RESET) refers to startup_stm32g431xx.o(.text) for Reset_Handler
    startup_stm32g431xx.o(RESET) refers to stm32g4xx_it.o(i.NMI_Handler) for NMI_Handler
    startup_stm32g431xx.o(RESET) refers to stm32g4xx_it.o(i.HardFault_Handler) for HardFault_Handler
    startup_stm32g431xx.o(RESET) refers to stm32g4xx_it.o(i.MemManage_Handler) for MemManage_Handler
    startup_stm32g431xx.o(RESET) refers to stm32g4xx_it.o(i.BusFault_Handler) for BusFault_Handler
    startup_stm32g431xx.o(RESET) refers to stm32g4xx_it.o(i.UsageFault_Handler) for UsageFault_Handler
    startup_stm32g431xx.o(RESET) refers to stm32g4xx_it.o(i.SVC_Handler) for SVC_Handler
    startup_stm32g431xx.o(RESET) refers to stm32g4xx_it.o(i.DebugMon_Handler) for DebugMon_Handler
    startup_stm32g431xx.o(RESET) refers to stm32g4xx_it.o(i.PendSV_Handler) for PendSV_Handler
    startup_stm32g431xx.o(RESET) refers to stm32g4xx_it.o(i.SysTick_Handler) for SysTick_Handler
    startup_stm32g431xx.o(RESET) refers to stm32g4xx_it.o(i.DMA1_Channel1_IRQHandler) for DMA1_Channel1_IRQHandler
    startup_stm32g431xx.o(RESET) refers to stm32g4xx_it.o(i.DMA1_Channel2_IRQHandler) for DMA1_Channel2_IRQHandler
    startup_stm32g431xx.o(RESET) refers to stm32g4xx_it.o(i.TIM1_BRK_TIM15_IRQHandler) for TIM1_BRK_TIM15_IRQHandler
    startup_stm32g431xx.o(RESET) refers to stm32g4xx_it.o(i.USART1_IRQHandler) for USART1_IRQHandler
    startup_stm32g431xx.o(RESET) refers to stm32g4xx_it.o(i.EXTI15_10_IRQHandler) for EXTI15_10_IRQHandler
    startup_stm32g431xx.o(RESET) refers to stm32g4xx_it.o(i.TIM6_DAC_IRQHandler) for TIM6_DAC_IRQHandler
    startup_stm32g431xx.o(.text) refers to system_stm32g4xx.o(i.SystemInit) for SystemInit
    startup_stm32g431xx.o(.text) refers to entry.o(.ARM.Collect$$$$00000000) for __main
    as5600.o(i.AS5600_Get_Angle) refers to as5600.o(i.AS5600_IIC_Read_OneByte) for AS5600_IIC_Read_OneByte
    as5600.o(i.AS5600_Get_Angle) refers to as5600.o(i.angle_Calculate) for angle_Calculate
    as5600.o(i.AS5600_IIC_Read_OneByte) refers to iic.o(i.IIC_Start) for IIC_Start
    as5600.o(i.AS5600_IIC_Read_OneByte) refers to iic.o(i.IIC_Send_Byte) for IIC_Send_Byte
    as5600.o(i.AS5600_IIC_Read_OneByte) refers to iic.o(i.IIC_Wait_ack) for IIC_Wait_ack
    as5600.o(i.AS5600_IIC_Read_OneByte) refers to iic.o(i.IIC_Read_Byte) for IIC_Read_Byte
    as5600.o(i.AS5600_IIC_Read_OneByte) refers to iic.o(i.IIC_Stop) for IIC_Stop
    as5600.o(i.AS5600_Init) refers to iic.o(i.IIC_Init) for IIC_Init
    as5600.o(i.AS5600_Init) refers to as5600.o(i.AS5600_IIC_Read_OneByte) for AS5600_IIC_Read_OneByte
    as5600.o(i.AS5600_Speed_Cal_1khz) refers to f2d.o(.text) for __aeabi_f2d
    as5600.o(i.AS5600_Speed_Cal_1khz) refers to dmul.o(.text) for __aeabi_dmul
    as5600.o(i.AS5600_Speed_Cal_1khz) refers to dadd.o(.text) for __aeabi_dadd
    as5600.o(i.AS5600_Speed_Cal_1khz) refers to d2f.o(.text) for __aeabi_d2f
    iic.o(i.IIC_Ack) refers to stm32g4xx_hal_gpio.o(i.HAL_GPIO_WritePin) for HAL_GPIO_WritePin
    iic.o(i.IIC_Ack) refers to iic.o(i.IIC_Delay) for IIC_Delay
    iic.o(i.IIC_Init) refers to iic.o(i.IIC_Stop) for IIC_Stop
    iic.o(i.IIC_Nack) refers to stm32g4xx_hal_gpio.o(i.HAL_GPIO_WritePin) for HAL_GPIO_WritePin
    iic.o(i.IIC_Nack) refers to iic.o(i.IIC_Delay) for IIC_Delay
    iic.o(i.IIC_Read_Byte) refers to stm32g4xx_hal_gpio.o(i.HAL_GPIO_WritePin) for HAL_GPIO_WritePin
    iic.o(i.IIC_Read_Byte) refers to iic.o(i.IIC_Delay) for IIC_Delay
    iic.o(i.IIC_Read_Byte) refers to stm32g4xx_hal_gpio.o(i.HAL_GPIO_ReadPin) for HAL_GPIO_ReadPin
    iic.o(i.IIC_Read_Byte) refers to iic.o(i.IIC_Ack) for IIC_Ack
    iic.o(i.IIC_Read_Byte) refers to iic.o(i.IIC_Nack) for IIC_Nack
    iic.o(i.IIC_Send_Byte) refers to stm32g4xx_hal_gpio.o(i.HAL_GPIO_WritePin) for HAL_GPIO_WritePin
    iic.o(i.IIC_Send_Byte) refers to iic.o(i.IIC_Delay) for IIC_Delay
    iic.o(i.IIC_Start) refers to stm32g4xx_hal_gpio.o(i.HAL_GPIO_WritePin) for HAL_GPIO_WritePin
    iic.o(i.IIC_Start) refers to iic.o(i.IIC_Delay) for IIC_Delay
    iic.o(i.IIC_Stop) refers to stm32g4xx_hal_gpio.o(i.HAL_GPIO_WritePin) for HAL_GPIO_WritePin
    iic.o(i.IIC_Stop) refers to iic.o(i.IIC_Delay) for IIC_Delay
    iic.o(i.IIC_Wait_ack) refers to stm32g4xx_hal_gpio.o(i.HAL_GPIO_WritePin) for HAL_GPIO_WritePin
    iic.o(i.IIC_Wait_ack) refers to iic.o(i.IIC_Delay) for IIC_Delay
    iic.o(i.IIC_Wait_ack) refers to iic.o(i.IIC_Stop) for IIC_Stop
    iic.o(i.IIC_Wait_ack) refers to stm32g4xx_hal_gpio.o(i.HAL_GPIO_ReadPin) for HAL_GPIO_ReadPin
    vofa.o(i.Vofa_Bar_Handler) refers to vofa.o(.bss) for .bss
    vofa.o(i.Vofa_Button_Handler) refers to vofa.o(.bss) for .bss
[...]
    ../Drivers/STM32G4xx_HAL_Driver/Src/stm32g4xx_hal_pwr_ex.c 0x00000000   Number         0  stm32g4xx_hal_pwr_ex.o ABSOLUTE
    ../Drivers/STM32G4xx_HAL_Driver/Src/stm32g4xx_hal_rcc.c 0x00000000   Number         0  stm32g4xx_hal_rcc.o ABSOLUTE
    ../Drivers/STM32G4xx_HAL_Driver/Src/stm32g4xx_hal_rcc_ex.c 0x00000000   Number         0  stm32g4xx_hal_rcc_ex.o ABSOLUTE
    ../Drivers/STM32G4xx_HAL_Driver/Src/stm32g4xx_hal_tim.c 0x00000000   Number         0  stm32g4xx_hal_tim.o ABSOLUTE
    ../Drivers/STM32G4xx_HAL_Driver/Src/stm32g4xx_hal_tim_ex.c 0x00000000   Number         0  stm32g4xx_hal_tim_ex.o ABSOLUTE
    ../Drivers/STM32G4xx_HAL_Driver/Src/stm32g4xx_hal_uart.c 0x00000000   Number         0  stm32g4xx_hal_uart.o ABSOLUTE
    ../Drivers/STM32G4xx_HAL_Driver/Src/stm32g4xx_hal_uart_ex.c 0x00000000   Number         0  stm32g4xx_hal_uart_ex.o ABSOLUTE
    ../Drivers/STM32G4xx_HAL_Driver/Src/stm32g4xx_ll_adc.c 0x00000000   Number         0  stm32g4xx_ll_adc.o ABSOLUTE
    ../Src/adc.c                             0x00000000   Number         0  adc.o ABSOLUTE
    ../Src/dma.c                             0x00000000   Number         0  dma.o ABSOLUTE
    ../Src/gpio.c                            0x00000000   Number         0  gpio.o ABSOLUTE
    ../Src/main.c                            0x00000000   Number         0  main.o ABSOLUTE
    ../Src/stm32g4xx_hal_msp.c               0x00000000   Number         0  stm32g4xx_hal_msp.o ABSOLUTE
    ../Src/stm32g4xx_it.c                    0x00000000   Number         0  stm32g4xx_it.o ABSOLUTE
    ../Src/system_stm32g4xx.c                0x00000000   Number         0  system_stm32g4xx.o ABSOLUTE
    ../Src/tim.c                             0x00000000   Number         0  tim.o ABSOLUTE
    ../Src/usart.c                           0x00000000   Number         0  usart.o ABSOLUTE
    ../clib/microlib/division.c              0x00000000   Number         0  uldiv.o ABSOLUTE
    ../clib/microlib/init/entry.s            0x00000000   Number         0  entry9a.o ABSOLUTE
    ../clib/microlib/init/entry.s            0x00000000   Number         0  entry11a.o ABSOLUTE
    ../clib/microlib/init/entry.s            0x00000000   Number         0  entry8a.o ABSOLUTE
    ../clib/microlib/init/entry.s            0x00000000   Number         0  entry10a.o ABSOLUTE
    ../clib/microlib/init/entry.s            0x00000000   Number         0  entry2.o ABSOLUTE
    ../clib/microlib/init/entry.s            0x00000000   Number         0  entry11b.o ABSOLUTE
    ../clib/microlib/init/entry.s            0x00000000   Number         0  entry9b.o ABSOLUTE
    ../clib/microlib/init/entry.s            0x00000000   Number         0  entry7b.o ABSOLUTE
    ../clib/microlib/init/entry.s            0x00000000   Number         0  entry.o ABSOLUTE
    ../clib/microlib/init/entry.s            0x00000000   Number         0  entry7a.o ABSOLUTE
    ../clib/microlib/init/entry.s            0x00000000   Number         0  entry5.o ABSOLUTE
    ../clib/microlib/init/entry.s            0x00000000   Number         0  entry8b.o ABSOLUTE
    ../clib/microlib/init/entry.s            0x00000000   Number         0  entry10b.o ABSOLUTE
    ../clib/microlib/longlong.c              0x00000000   Number         0  llsshr.o ABSOLUTE
    ../clib/microlib/longlong.c              0x00000000   Number         0  llushr.o ABSOLUTE
    ../clib/microlib/longlong.c              0x00000000   Number         0  llshl.o ABSOLUTE
    ../clib/microlib/string/memcpy.c         0x00000000   Number         0  memcpya.o ABSOLUTE
    ../clib/microlib/string/memcpy.c         0x00000000   Number         0  memcpyb.o ABSOLUTE
    ../clib/microlib/string/memset.c         0x00000000   Number         0  memseta.o ABSOLUTE
    ../clib/microlib/stubs.s                 0x00000000   Number         0  iusefp.o ABSOLUTE
    ../fplib/microlib/d2f.c                  0x00000000   Number         0  d2f.o ABSOLUTE
    ../fplib/microlib/f2d.c                  0x00000000   Number         0  f2d.o ABSOLUTE
    ../fplib/microlib/fpadd.c                0x00000000   Number         0  dadd.o ABSOLUTE
    ../fplib/microlib/fpepilogue.c           0x00000000   Number         0  fepilogue.o ABSOLUTE
    ../fplib/microlib/fpepilogue.c           0x00000000   Number         0  depilogue.o ABSOLUTE
    ../fplib/microlib/fpmul.c                0x00000000   Number         0  dmul.o ABSOLUTE
    ..\Drivers\STM32G4xx_HAL_Driver\Src\stm32g4xx_hal.c 0x00000000   Number         0  stm32g4xx_hal.o ABSOLUTE
    ..\Drivers\STM32G4xx_HAL_Driver\Src\stm32g4xx_hal_adc.c 0x00000000   Number         0  stm32g4xx_hal_adc.o ABSOLUTE
    ..\Drivers\STM32G4xx_HAL_Driver\Src\stm32g4xx_hal_adc_ex.c 0x00000000   Number         0  stm32g4xx_hal_adc_ex.o ABSOLUTE
    ..\Drivers\STM32G4xx_HAL_Driver\Src\stm32g4xx_hal_cortex.c 0x00000000   Number         0  stm32g4xx_hal_cortex.o ABSOLUTE
    ..\Drivers\STM32G4xx_HAL_Driver\Src\stm32g4xx_hal_dma.c 0x00000000   Number         0  stm32g4xx_hal_dma.o ABSOLUTE
    ..\Drivers\STM32G4xx_HAL_Driver\Src\stm32g4xx_hal_dma_ex.c 0x00000000   Number         0  stm32g4xx_hal_dma_ex.o ABSOLUTE
    ..\Drivers\STM32G4xx_HAL_Driver\Src\stm32g4xx_hal_exti.c 0x00000000   Number         0  stm32g4xx_hal_exti.o ABSOLUTE
    ..\Drivers\STM32G4xx_HAL_Driver\Src\stm32g4xx_hal_flash.c 0x00000000   Number         0  stm32g4xx_hal_flash.o ABSOLUTE
    ..\Drivers\STM32G4xx_HAL_Driver\Src\stm32g4xx_hal_flash_ex.c 0x00000000   Number         0  stm32g4xx_hal_flash_ex.o ABSOLUTE
    ..\Drivers\STM32G4xx_HAL_Driver\Src\stm32g4xx_hal_flash_ramfunc.c 0x00000000   Number         0  stm32g4xx_hal_flash_ramfunc.o ABSOLUTE
    ..\Drivers\STM32G4xx_HAL_Driver\Src\stm32g4xx_hal_gpio.c 0x00000000   Number         0  stm32g4xx_hal_gpio.o ABSOLUTE
    ..\Drivers\STM32G4xx_HAL_Driver\Src\stm32g4xx_hal_pwr.c 0x00000000   Number         0  stm32g4xx_hal_pwr.o ABSOLUTE
    ..\Drivers\STM32G4xx_HAL_Driver\Src\stm32g4xx_hal_pwr_ex.c 0x00000000   Number         0  stm32g4xx_hal_pwr_ex.o ABSOLUTE
    ..\Drivers\STM32G4xx_HAL_Driver\Src\stm32g4xx_hal_rcc.c 0x00000000   Number         0  stm32g4xx_hal_rcc.o ABSOLUTE
    ..\Drivers\STM32G4xx_HAL_Driver\Src\stm32g4xx_hal_rcc_ex.c 0x00000000   Number         0  stm32g4xx_hal_rcc_ex.o ABSOLUTE
    ..\Drivers\STM32G4xx_HAL_Driver\Src\stm32g4xx_hal_tim.c 0x00000000   Number         0  stm32g4xx_hal_tim.o ABSOLUTE
    ..\Drivers\STM32G4xx_HAL_Driver\Src\stm32g4xx_hal_tim_ex.c 0x00000000   Number         0  stm32g4xx_hal_tim_ex.o ABSOLUTE
    ..\Drivers\STM32G4xx_HAL_Driver\Src\stm32g4xx_hal_uart.c 0x00000000   Number         0  stm32g4xx_hal_uart.o ABSOLUTE
    ..\Drivers\STM32G4xx_HAL_Driver\Src\stm32g4xx_hal_uart_ex.c 0x00000000   Number         0  stm32g4xx_hal_uart_ex.o ABSOLUTE
    ..\Src\AS5600.c                          0x00000000   Number         0  as5600.o ABSOLUTE
    ..\Src\IIC.c                             0x00000000   Number         0  iic.o ABSOLUTE
    ..\Src\adc.c                             0x00000000   Number         0  adc.o ABSOLUTE
    ..\Src\dma.c                             0x00000000   Number         0  dma.o ABSOLUTE
    ..\Src\gpio.c                            0x00000000   Number         0  gpio.o ABSOLUTE
    ..\Src\main.c                            0x00000000   Number         0  main.o ABSOLUTE
    ..\Src\stm32g4xx_hal_msp.c               0x00000000   Number         0  stm32g4xx_hal_msp.o ABSOLUTE
    ..\Src\stm32g4xx_it.c                    0x00000000   Number         0  stm32g4xx_it.o ABSOLUTE
    ..\Src\system_stm32g4xx.c                0x00000000   Number         0  system_stm32g4xx.o ABSOLUTE
    ..\Src\tim.c                             0x00000000   Number         0  tim.o ABSOLUTE
    ..\Src\usart.c                           0x00000000   Number         0  usart.o ABSOLUTE
    ..\Src\vofa.c                            0x00000000   Number         0  vofa.o ABSOLUTE
    ..\\Src\\AS5600.c                        0x00000000   Number         0  as5600.o ABSOLUTE
    ..\\Src\\IIC.c                           0x00000000   Number         0  iic.o ABSOLUTE
    ..\\Src\\vofa.c                          0x00000000   Number         0  vofa.o ABSOLUTE
    dc.s                                     0x00000000   Number         0  dc.o ABSOLUTE
    handlers.s                               0x00000000   Number         0  handlers.o ABSOLUTE
    init.s                                   0x00000000   Number         0  init.o ABSOLUTE
    startup_stm32g431xx.s                    0x00000000   Number         0  startup_stm32g431xx.o ABSOLUTE
    RESET                                    0x08000000   Section      472  startup_stm32g431xx.o(RESET)
    .ARM.Collect$$$$00000000                 0x080001d8   Section        0  entry.o(.ARM.Collect$$$$00000000)
    .ARM.Collect$$$$00000001                 0x080001d8   Section        4  entry2.o(.ARM.Collect$$$$00000001)
    .ARM.Collect$$$$00000004                 0x080001dc   Section        4  entry5.o(.ARM.Collect$$$$00000004)
    .ARM.Collect$$$$00000008                 0x080001e0   Section        0  entry7b.o(.ARM.Collect$$$$00000008)
    .ARM.Collect$$$$0000000A                 0x080001e0   Section        0  entry8b.o(.ARM.Collect$$$$0000000A)
    .ARM.Collect$$$$0000000B                 0x080001e0   Section        8  entry9a.o(.ARM.Collect$$$$0000000B)
    .ARM.Collect$$$$0000000D                 0x080001e8   Section        0  entry10a.o(.ARM.Collect$$$$0000000D)
    .ARM.Collect$$$$0000000F                 0x080001e8   Section        0  entry11a.o(.ARM.Collect$$$$0000000F)
    .ARM.Collect$$$$00002712                 0x080001e8   Section        4  entry2.o(.ARM.Collect$$$$00002712)
    __lit__00000000                          0x080001e8   Data           4  entry2.o(.ARM.Collect$$$$00002712)
    .text                                    0x080001ec   Section       36  startup_stm32g431xx.o(.text)
    $v0                                      0x080001ec   Number         0  startup_stm32g431xx.o(.text)
    .text                                    0x08000210   Section        0  uldiv.o(.text)
    .text                                    0x08000272   Section        0  memcpya.o(.text)
    .text                                    0x08000296   Section        0  memseta.o(.text)
    .text                                    0x080002ba   Section        0  dadd.o(.text)
    .text                                    0x08000408   Section        0  dmul.o(.text)
    .text                                    0x080004ec   Section        0  f2d.o(.text)
    .text                                    0x08000512   Section        0  d2f.o(.text)
    .text                                    0x0800054a   Section        0  llshl.o(.text)
    .text                                    0x08000568   Section        0  llushr.o(.text)
    .text                                    0x08000588   Section        0  llsshr.o(.text)
    .text                                    0x080005ac   Section        0  iusefp.o(.text)
    .text                                    0x080005ac   Section        0  fepilogue.o(.text)
    .text                                    0x0800061a   Section        0  depilogue.o(.text)
    .text                                    0x080006d4   Section       36  init.o(.text)
    i.AS5600_Get_Angle                       0x080006f8   Section        0  as5600.o(i.AS5600_Get_Angle)
    i.AS5600_IIC_Read_OneByte                0x08000744   Section        0  as5600.o(i.AS5600_IIC_Read_OneByte)
    i.AS5600_Init                            0x08000784   Section        0  as5600.o(i.AS5600_Init)
    i.AS5600_Speed_Cal_1khz                  0x080007b0   Section        0  as5600.o(i.AS5600_Speed_Cal_1khz)
    i.BusFault_Handler                       0x08000894   Section        0  stm32g4xx_it.o(i.BusFault_Handler)
    i.DMA1_Channel1_IRQHandler               0x08000898   Section        0  stm32g4xx_it.o(i.DMA1_Channel1_IRQHandler)
    i.DMA1_Channel2_IRQHandler               0x080008a4   Section        0  stm32g4xx_it.o(i.DMA1_Channel2_IRQHandler)
    i.DMA_CalcDMAMUXChannelBaseAndMask       0x080008b0   Section        0  stm32g4xx_hal_dma.o(i.DMA_CalcDMAMUXChannelBaseAndMask)
    DMA_CalcDMAMUXChannelBaseAndMask         0x080008b1   Thumb Code    54  stm32g4xx_hal_dma.o(i.DMA_CalcDMAMUXChannelBaseAndMask)
    i.DMA_CalcDMAMUXRequestGenBaseAndMask    0x080008f0   Section        0  stm32g4xx_hal_dma.o(i.DMA_CalcDMAMUXRequestGenBaseAndMask)
    DMA_CalcDMAMUXRequestGenBaseAndMask      0x080008f1   Thumb Code    30  stm32g4xx_hal_dma.o(i.DMA_CalcDMAMUXRequestGenBaseAndMask)
    i.DMA_SetConfig                          0x08000914   Section        0  stm32g4xx_hal_dma.o(i.DMA_SetConfig)
    DMA_SetConfig                            0x08000915   Thumb Code    62  stm32g4xx_hal_dma.o(i.DMA_SetConfig)
    i.DebugMon_Handler                       0x08000952   Section        0  stm32g4xx_it.o(i.DebugMon_Handler)
    i.EXTI15_10_IRQHandler                   0x08000954   Section        0  stm32g4xx_it.o(i.EXTI15_10_IRQHandler)
    i.Error_Handler                          0x08000972   Section        0  main.o(i.Error_Handler)
    i.HAL_ADCEx_InjectedConfigChannel        0x08000974   Section        0  stm32g4xx_hal_adc_ex.o(i.HAL_ADCEx_InjectedConfigChannel)
    i.HAL_ADCEx_MultiModeConfigChannel       0x08000e7c   Section        0  stm32g4xx_hal_adc_ex.o(i.HAL_ADCEx_MultiModeConfigChannel)
    i.HAL_ADC_ConfigChannel                  0x08000f50   Section        0  stm32g4xx_hal_adc.o(i.HAL_ADC_ConfigChannel)
    i.HAL_ADC_Init                           0x08001364   Section        0  stm32g4xx_hal_adc.o(i.HAL_ADC_Init)
    i.HAL_ADC_MspInit                        0x08001560   Section        0  adc.o(i.HAL_ADC_MspInit)
    i.HAL_DMA_Abort                          0x080015d4   Section        0  stm32g4xx_hal_dma.o(i.HAL_DMA_Abort)
    i.HAL_DMA_Abort_IT                       0x0800163e   Section        0  stm32g4xx_hal_dma.o(i.HAL_DMA_Abort_IT)
    i.HAL_DMA_IRQHandler                     0x080016b6   Section        0  stm32g4xx_hal_dma.o(i.HAL_DMA_IRQHandler)
    i.HAL_DMA_Init                           0x08001770   Section        0  stm32g4xx_hal_dma.o(i.HAL_DMA_Init)
    i.HAL_DMA_Start_IT                       0x08001830   Section        0  stm32g4xx_hal_dma.o(i.HAL_DMA_Start_IT)
    i.HAL_Delay                              0x080018bc   Section        0  stm32g4xx_hal.o(i.HAL_Delay)
    i.HAL_GPIO_EXTI_Callback                 0x080018e0   Section        0  stm32g4xx_hal_gpio.o(i.HAL_GPIO_EXTI_Callback)
    i.HAL_GPIO_EXTI_IRQHandler               0x080018e4   Section        0  stm32g4xx_hal_gpio.o(i.HAL_GPIO_EXTI_IRQHandler)
    i.HAL_GPIO_Init                          0x080018fc   Section        0  stm32g4xx_hal_gpio.o(i.HAL_GPIO_Init)
    i.HAL_GPIO_ReadPin                       0x08001b44   Section        0  stm32g4xx_hal_gpio.o(i.HAL_GPIO_ReadPin)
    i.HAL_GPIO_TogglePin                     0x08001b4e   Section        0  stm32g4xx_hal_gpio.o(i.HAL_GPIO_TogglePin)
    i.HAL_GPIO_WritePin                      0x08001b5e   Section        0  stm32g4xx_hal_gpio.o(i.HAL_GPIO_WritePin)
    i.HAL_GetTick                            0x08001b68   Section        0  stm32g4xx_hal.o(i.HAL_GetTick)
    i.HAL_IncTick                            0x08001b74   Section        0  stm32g4xx_hal.o(i.HAL_IncTick)
    i.HAL_Init                               0x08001b84   Section        0  stm32g4xx_hal.o(i.HAL_Init)
    i.HAL_InitTick                           0x08001ba4   Section        0  stm32g4xx_hal.o(i.HAL_InitTick)
    i.HAL_MspInit                            0x08001be8   Section        0  stm32g4xx_hal_msp.o(i.HAL_MspInit)
    i.HAL_NVIC_EnableIRQ                     0x08001c18   Section        0  stm32g4xx_hal_cortex.o(i.HAL_NVIC_EnableIRQ)
    i.HAL_NVIC_SetPriority                   0x08001c34   Section        0  stm32g4xx_hal_cortex.o(i.HAL_NVIC_SetPriority)
    i.HAL_NVIC_SetPriorityGrouping           0x08001c74   Section        0  stm32g4xx_hal_cortex.o(i.HAL_NVIC_SetPriorityGrouping)
    i.HAL_PWREx_ControlVoltageScaling        0x08001c98   Section        0  stm32g4xx_hal_pwr_ex.o(i.HAL_PWREx_ControlVoltageScaling)
    i.HAL_PWREx_DisableUCPDDeadBattery       0x08001d54   Section        0  stm32g4xx_hal_pwr_ex.o(i.HAL_PWREx_DisableUCPDDeadBattery)
    i.HAL_RCCEx_PeriphCLKConfig              0x08001d64   Section        0  stm32g4xx_hal_rcc_ex.o(i.HAL_RCCEx_PeriphCLKConfig)
    i.HAL_RCC_ClockConfig                    0x08001fec   Section        0  stm32g4xx_hal_rcc.o(i.HAL_RCC_ClockConfig)
    i.HAL_RCC_GetPCLK1Freq                   0x080021c8   Section        0  stm32g4xx_hal_rcc.o(i.HAL_RCC_GetPCLK1Freq)
    i.HAL_RCC_GetPCLK2Freq                   0x080021ec   Section        0  stm32g4xx_hal_rcc.o(i.HAL_RCC_GetPCLK2Freq)
    i.HAL_RCC_GetSysClockFreq                0x08002210   Section        0  stm32g4xx_hal_rcc.o(i.HAL_RCC_GetSysClockFreq)
    i.HAL_RCC_OscConfig                      0x0800227c   Section        0  stm32g4xx_hal_rcc.o(i.HAL_RCC_OscConfig)
    i.HAL_SYSTICK_Config                     0x08002688   Section        0  stm32g4xx_hal_cortex.o(i.HAL_SYSTICK_Config)
    i.HAL_TIMEx_Break2Callback               0x080026b0   Section        0  stm32g4xx_hal_tim_ex.o(i.HAL_TIMEx_Break2Callback)
    i.HAL_TIMEx_BreakCallback                0x080026b2   Section        0  stm32g4xx_hal_tim_ex.o(i.HAL_TIMEx_BreakCallback)
    i.HAL_TIMEx_CommutCallback               0x080026b4   Section        0  stm32g4xx_hal_tim_ex.o(i.HAL_TIMEx_CommutCallback)
    i.HAL_TIMEx_ConfigBreakDeadTime          0x080026b8   Section        0  stm32g4xx_hal_tim_ex.o(i.HAL_TIMEx_ConfigBreakDeadTime)
    i.HAL_TIMEx_DirectionChangeCallback      0x08002764   Section        0  stm32g4xx_hal_tim_ex.o(i.HAL_TIMEx_DirectionChangeCallback)
    i.HAL_TIMEx_EnableDeadTimePreload        0x08002766   Section        0  stm32g4xx_hal_tim_ex.o(i.HAL_TIMEx_EnableDeadTimePreload)
    i.HAL_TIMEx_EncoderIndexCallback         0x08002774   Section        0  stm32g4xx_hal_tim_ex.o(i.HAL_TIMEx_EncoderIndexCallback)
    i.HAL_TIMEx_IndexErrorCallback           0x08002776   Section        0  stm32g4xx_hal_tim_ex.o(i.HAL_TIMEx_IndexErrorCallback)
    i.HAL_TIMEx_MasterConfigSynchronization  0x08002778   Section        0  stm32g4xx_hal_tim_ex.o(i.HAL_TIMEx_MasterConfigSynchronization)
    i.HAL_TIMEx_TransitionErrorCallback      0x08002814   Section        0  stm32g4xx_hal_tim_ex.o(i.HAL_TIMEx_TransitionErrorCallback)
    i.HAL_TIM_Base_Init                      0x08002816   Section        0  stm32g4xx_hal_tim.o(i.HAL_TIM_Base_Init)
    i.HAL_TIM_Base_MspInit                   0x08002878   Section        0  tim.o(i.HAL_TIM_Base_MspInit)
    i.HAL_TIM_Base_Start_IT                  0x080028f4   Section        0  stm32g4xx_hal_tim.o(i.HAL_TIM_Base_Start_IT)
    i.HAL_TIM_ConfigClockSource              0x0800296c   Section        0  stm32g4xx_hal_tim.o(i.HAL_TIM_ConfigClockSource)
    i.HAL_TIM_IC_CaptureCallback             0x08002a6c   Section        0  stm32g4xx_hal_tim.o(i.HAL_TIM_IC_CaptureCallback)
    i.HAL_TIM_IRQHandler                     0x08002a6e   Section        0  stm32g4xx_hal_tim.o(i.HAL_TIM_IRQHandler)
    i.HAL_TIM_MspPostInit                    0x08002c6c   Section        0  tim.o(i.HAL_TIM_MspPostInit)
    i.HAL_TIM_OC_DelayElapsedCallback        0x08002d14   Section        0  stm32g4xx_hal_tim.o(i.HAL_TIM_OC_DelayElapsedCallback)
    i.HAL_TIM_PWM_ConfigChannel              0x08002d16   Section        0  stm32g4xx_hal_tim.o(i.HAL_TIM_PWM_ConfigChannel)
    i.HAL_TIM_PWM_Init                       0x08002e3a   Section        0  stm32g4xx_hal_tim.o(i.HAL_TIM_PWM_Init)
    i.HAL_TIM_PWM_MspInit                    0x08002e9c   Section        0  stm32g4xx_hal_tim.o(i.HAL_TIM_PWM_MspInit)
    i.HAL_TIM_PWM_PulseFinishedCallback      0x08002e9e   Section        0  stm32g4xx_hal_tim.o(i.HAL_TIM_PWM_PulseFinishedCallback)
    i.HAL_TIM_PeriodElapsedCallback          0x08002ea0   Section        0  stm32g4xx_hal_tim.o(i.HAL_TIM_PeriodElapsedCallback)
    i.HAL_TIM_TriggerCallback                0x08002ea2   Section        0  stm32g4xx_hal_tim.o(i.HAL_TIM_TriggerCallback)
    i.HAL_UARTEx_DisableFifoMode             0x08002ea4   Section        0  stm32g4xx_hal_uart_ex.o(i.HAL_UARTEx_DisableFifoMode)
    i.HAL_UARTEx_RxEventCallback             0x08002ee2   Section        0  stm32g4xx_hal_uart.o(i.HAL_UARTEx_RxEventCallback)
    i.HAL_UARTEx_RxFifoFullCallback          0x08002ee4   Section        0  stm32g4xx_hal_uart_ex.o(i.HAL_UARTEx_RxFifoFullCallback)
    i.HAL_UARTEx_SetRxFifoThreshold          0x08002ee6   Section        0  stm32g4xx_hal_uart_ex.o(i.HAL_UARTEx_SetRxFifoThreshold)
    i.HAL_UARTEx_SetTxFifoThreshold          0x08002f32   Section        0  stm32g4xx_hal_uart_ex.o(i.HAL_UARTEx_SetTxFifoThreshold)
    i.HAL_UARTEx_TxFifoEmptyCallback         0x08002f7e   Section        0  stm32g4xx_hal_uart_ex.o(i.HAL_UARTEx_TxFifoEmptyCallback)
    i.HAL_UARTEx_WakeupCallback              0x08002f80   Section        0  stm32g4xx_hal_uart_ex.o(i.HAL_UARTEx_WakeupCallback)
    i.HAL_UART_ErrorCallback                 0x08002f82   Section        0  stm32g4xx_hal_uart.o(i.HAL_UART_ErrorCallback)
    i.HAL_UART_IRQHandler                    0x08002f84   Section        0  stm32g4xx_hal_uart.o(i.HAL_UART_IRQHandler)
    i.HAL_UART_Init                          0x08003264   Section        0  stm32g4xx_hal_uart.o(i.HAL_UART_Init)
    i.HAL_UART_MspInit                       0x080032d0   Section        0  usart.o(i.HAL_UART_MspInit)
    i.HAL_UART_Receive_DMA                   0x080033ec   Section        0  stm32g4xx_hal_uart.o(i.HAL_UART_Receive_DMA)
    i.HAL_UART_RxCpltCallback                0x08003440   Section        0  stm32g4xx_hal_uart.o(i.HAL_UART_RxCpltCallback)
    i.HAL_UART_RxHalfCpltCallback            0x08003442   Section        0  stm32g4xx_hal_uart.o(i.HAL_UART_RxHalfCpltCallback)
    i.HAL_UART_Transmit_DMA                  0x08003444   Section        0  stm32g4xx_hal_uart.o(i.HAL_UART_Transmit_DMA)
    i.HAL_UART_TxCpltCallback                0x080034e8   Section        0  stm32g4xx_hal_uart.o(i.HAL_UART_TxCpltCallback)
    i.HAL_UART_TxHalfCpltCallback            0x080034ea   Section        0  stm32g4xx_hal_uart.o(i.HAL_UART_TxHalfCpltCallback)
    i.HardFault_Handler                      0x080034ec   Section        0  stm32g4xx_it.o(i.HardFault_Handler)
    i.IIC_Ack                                0x080034ee   Section        0  iic.o(i.IIC_Ack)
    i.IIC_Delay                              0x08003530   Section        0  iic.o(i.IIC_Delay)
    IIC_Delay                                0x08003531   Thumb Code    10  iic.o(i.IIC_Delay)
    i.IIC_Init                               0x0800353a   Section        0  iic.o(i.IIC_Init)
    i.IIC_Nack                               0x0800353e   Section        0  iic.o(i.IIC_Nack)
    i.IIC_Read_Byte                          0x08003572   Section        0  iic.o(i.IIC_Read_Byte)
    i.IIC_Send_Byte                          0x080035c8   Section        0  iic.o(i.IIC_Send_Byte)
    i.IIC_Start                              0x08003628   Section        0  iic.o(i.IIC_Start)
    i.IIC_Stop                               0x08003666   Section        0  iic.o(i.IIC_Stop)
    i.IIC_Wait_ack                           0x08003696   Section        0  iic.o(i.IIC_Wait_ack)
    i.LL_ADC_GetOffsetChannel                0x080036ec   Section        0  stm32g4xx_hal_adc.o(i.LL_ADC_GetOffsetChannel)
    LL_ADC_GetOffsetChannel                  0x080036ed   Thumb Code    12  stm32g4xx_hal_adc.o(i.LL_ADC_GetOffsetChannel)
    i.LL_ADC_GetOffsetChannel                0x080036f8   Section        0  stm32g4xx_hal_adc_ex.o(i.LL_ADC_GetOffsetChannel)
    LL_ADC_GetOffsetChannel                  0x080036f9   Thumb Code    12  stm32g4xx_hal_adc_ex.o(i.LL_ADC_GetOffsetChannel)
    i.LL_ADC_INJ_IsConversionOngoing         0x08003704   Section        0  stm32g4xx_hal_adc.o(i.LL_ADC_INJ_IsConversionOngoing)
    LL_ADC_INJ_IsConversionOngoing           0x08003705   Thumb Code     8  stm32g4xx_hal_adc.o(i.LL_ADC_INJ_IsConversionOngoing)
    i.LL_ADC_INJ_IsConversionOngoing         0x0800370c   Section        0  stm32g4xx_hal_adc_ex.o(i.LL_ADC_INJ_IsConversionOngoing)
    LL_ADC_INJ_IsConversionOngoing           0x0800370d   Thumb Code     8  stm32g4xx_hal_adc_ex.o(i.LL_ADC_INJ_IsConversionOngoing)
    i.LL_ADC_REG_IsConversionOngoing         0x08003714   Section        0  stm32g4xx_hal_adc.o(i.LL_ADC_REG_IsConversionOngoing)
    LL_ADC_REG_IsConversionOngoing           0x08003715   Thumb Code     8  stm32g4xx_hal_adc.o(i.LL_ADC_REG_IsConversionOngoing)
    i.LL_ADC_REG_IsConversionOngoing         0x0800371c   Section        0  stm32g4xx_hal_adc_ex.o(i.LL_ADC_REG_IsConversionOngoing)
    LL_ADC_REG_IsConversionOngoing           0x0800371d   Thumb Code     8  stm32g4xx_hal_adc_ex.o(i.LL_ADC_REG_IsConversionOngoing)
    i.LL_ADC_SetChannelSamplingTime          0x08003724   Section        0  stm32g4xx_hal_adc.o(i.LL_ADC_SetChannelSamplingTime)
    LL_ADC_SetChannelSamplingTime            0x08003725   Thumb Code    30  stm32g4xx_hal_adc.o(i.LL_ADC_SetChannelSamplingTime)
    i.LL_ADC_SetChannelSamplingTime          0x08003742   Section        0  stm32g4xx_hal_adc_ex.o(i.LL_ADC_SetChannelSamplingTime)
    LL_ADC_SetChannelSamplingTime            0x08003743   Thumb Code    30  stm32g4xx_hal_adc_ex.o(i.LL_ADC_SetChannelSamplingTime)
    i.LL_ADC_SetOffsetState                  0x08003760   Section        0  stm32g4xx_hal_adc.o(i.LL_ADC_SetOffsetState)
    LL_ADC_SetOffsetState                    0x08003761   Thumb Code    16  stm32g4xx_hal_adc.o(i.LL_ADC_SetOffsetState)
    i.LL_ADC_SetOffsetState                  0x08003770   Section        0  stm32g4xx_hal_adc_ex.o(i.LL_ADC_SetOffsetState)
    LL_ADC_SetOffsetState                    0x08003771   Thumb Code    16  stm32g4xx_hal_adc_ex.o(i.LL_ADC_SetOffsetState)
    i.MX_ADC1_Init                           0x08003780   Section        0  adc.o(i.MX_ADC1_Init)
    i.MX_DMA_Init                            0x08003874   Section        0  dma.o(i.MX_DMA_Init)
    i.MX_GPIO_Init                           0x080038c0   Section        0  gpio.o(i.MX_GPIO_Init)
    i.MX_TIM15_Init                          0x080039a0   Section        0  tim.o(i.MX_TIM15_Init)
    i.MX_TIM1_Init                           0x08003a0c   Section        0  tim.o(i.MX_TIM1_Init)
    i.MX_TIM6_Init                           0x08003b24   Section        0  tim.o(i.MX_TIM6_Init)
    i.MX_USART1_UART_Init                    0x08003b68   Section        0  usart.o(i.MX_USART1_UART_Init)
    i.MemManage_Handler                      0x08003bd0   Section        0  stm32g4xx_it.o(i.MemManage_Handler)
    i.NMI_Handler                            0x08003bd2   Section        0  stm32g4xx_it.o(i.NMI_Handler)
    i.PendSV_Handler                         0x08003bd4   Section        0  stm32g4xx_it.o(i.PendSV_Handler)
    i.SVC_Handler                            0x08003bd6   Section        0  stm32g4xx_it.o(i.SVC_Handler)
    i.SysTick_Handler                        0x08003bd8   Section        0  stm32g4xx_it.o(i.SysTick_Handler)
    i.SystemClock_Config                     0x08003bdc   Section        0  main.o(i.SystemClock_Config)
    i.SystemInit                             0x08003c34   Section        0  system_stm32g4xx.o(i.SystemInit)
    i.TIM1_BRK_TIM15_IRQHandler              0x08003c50   Section        0  stm32g4xx_it.o(i.TIM1_BRK_TIM15_IRQHandler)
    i.TIM6_DAC_IRQHandler                    0x08003c7c   Section        0  stm32g4xx_it.o(i.TIM6_DAC_IRQHandler)
    i.TIM_Base_SetConfig                     0x08003c88   Section        0  stm32g4xx_hal_tim.o(i.TIM_Base_SetConfig)
    i.TIM_ETR_SetConfig                      0x08003d38   Section        0  stm32g4xx_hal_tim.o(i.TIM_ETR_SetConfig)
    i.TIM_ITRx_SetConfig                     0x08003d4c   Section        0  stm32g4xx_hal_tim.o(i.TIM_ITRx_SetConfig)
    TIM_ITRx_SetConfig                       0x08003d4d   Thumb Code    16  stm32g4xx_hal_tim.o(i.TIM_ITRx_SetConfig)
    i.TIM_OC1_SetConfig                      0x08003d60   Section        0  stm32g4xx_hal_tim.o(i.TIM_OC1_SetConfig)
    TIM_OC1_SetConfig                        0x08003d61   Thumb Code   132  stm32g4xx_hal_tim.o(i.TIM_OC1_SetConfig)
    i.TIM_OC2_SetConfig                      0x08003dfc   Section        0  stm32g4xx_hal_tim.o(i.TIM_OC2_SetConfig)
    i.TIM_OC3_SetConfig                      0x08003e8c   Section        0  stm32g4xx_hal_tim.o(i.TIM_OC3_SetConfig)
    TIM_OC3_SetConfig                        0x08003e8d   Thumb Code   118  stm32g4xx_hal_tim.o(i.TIM_OC3_SetConfig)
    i.TIM_OC4_SetConfig                      0x08003f1c   Section        0  stm32g4xx_hal_tim.o(i.TIM_OC4_SetConfig)
    TIM_OC4_SetConfig                        0x08003f1d   Thumb Code   120  stm32g4xx_hal_tim.o(i.TIM_OC4_SetConfig)
    i.TIM_OC5_SetConfig                      0x08003fac   Section        0  stm32g4xx_hal_tim.o(i.TIM_OC5_SetConfig)
    TIM_OC5_SetConfig                        0x08003fad   Thumb Code    86  stm32g4xx_hal_tim.o(i.TIM_OC5_SetConfig)
    i.TIM_OC6_SetConfig                      0x0800401c   Section        0  stm32g4xx_hal_tim.o(i.TIM_OC6_SetConfig)
    TIM_OC6_SetConfig                        0x0800401d   Thumb Code    88  stm32g4xx_hal_tim.o(i.TIM_OC6_SetConfig)
    i.TIM_TI1_ConfigInputStage               0x0800408c   Section        0  stm32g4xx_hal_tim.o(i.TIM_TI1_ConfigInputStage)
    TIM_TI1_ConfigInputStage                 0x0800408d   Thumb Code    34  stm32g4xx_hal_tim.o(i.TIM_TI1_ConfigInputStage)
    i.TIM_TI2_ConfigInputStage               0x080040ae   Section        0  stm32g4xx_hal_tim.o(i.TIM_TI2_ConfigInputStage)
    TIM_TI2_ConfigInputStage                 0x080040af   Thumb Code    36  stm32g4xx_hal_tim.o(i.TIM_TI2_ConfigInputStage)
    i.UARTEx_SetNbDataToProcess              0x080040d4   Section        0  stm32g4xx_hal_uart_ex.o(i.UARTEx_SetNbDataToProcess)
    UARTEx_SetNbDataToProcess                0x080040d5   Thumb Code    62  stm32g4xx_hal_uart_ex.o(i.UARTEx_SetNbDataToProcess)
    i.UART_AdvFeatureConfig                  0x08004118   Section        0  stm32g4xx_hal_uart.o(i.UART_AdvFeatureConfig)
    i.UART_CheckIdleState                    0x080041e0   Section        0  stm32g4xx_hal_uart.o(i.UART_CheckIdleState)
    i.UART_DMAAbortOnError                   0x08004240   Section        0  stm32g4xx_hal_uart.o(i.UART_DMAAbortOnError)
    UART_DMAAbortOnError                     0x08004241   Thumb Code    20  stm32g4xx_hal_uart.o(i.UART_DMAAbortOnError)
    i.UART_DMAError                          0x08004254   Section        0  stm32g4xx_hal_uart.o(i.UART_DMAError)
    UART_DMAError                            0x08004255   Thumb Code    80  stm32g4xx_hal_uart.o(i.UART_DMAError)
    i.UART_DMAReceiveCplt                    0x080042a4   Section        0  stm32g4xx_hal_uart.o(i.UART_DMAReceiveCplt)
    UART_DMAReceiveCplt                      0x080042a5   Thumb Code   130  stm32g4xx_hal_uart.o(i.UART_DMAReceiveCplt)
    i.UART_DMARxHalfCplt                     0x08004326   Section        0  stm32g4xx_hal_uart.o(i.UART_DMARxHalfCplt)
    UART_DMARxHalfCplt                       0x08004327   Thumb Code    28  stm32g4xx_hal_uart.o(i.UART_DMARxHalfCplt)
    i.UART_DMATransmitCplt                   0x08004342   Section        0  stm32g4xx_hal_uart.o(i.UART_DMATransmitCplt)
    UART_DMATransmitCplt                     0x08004343   Thumb Code    66  stm32g4xx_hal_uart.o(i.UART_DMATransmitCplt)
    i.UART_DMATxHalfCplt                     0x08004384   Section        0  stm32g4xx_hal_uart.o(i.UART_DMATxHalfCplt)
    UART_DMATxHalfCplt                       0x08004385   Thumb Code    10  stm32g4xx_hal_uart.o(i.UART_DMATxHalfCplt)
    i.UART_EndRxTransfer                     0x08004390   Section        0  stm32g4xx_hal_uart.o(i.UART_EndRxTransfer)
    UART_EndRxTransfer                       0x08004391   Thumb Code    78  stm32g4xx_hal_uart.o(i.UART_EndRxTransfer)
    i.UART_EndTxTransfer                     0x080043e4   Section        0  stm32g4xx_hal_uart.o(i.UART_EndTxTransfer)
    UART_EndTxTransfer                       0x080043e5   Thumb Code    46  stm32g4xx_hal_uart.o(i.UART_EndTxTransfer)
    i.UART_SetConfig                         0x08004414   Section        0  stm32g4xx_hal_uart.o(i.UART_SetConfig)
    i.UART_Start_Receive_DMA                 0x08004688   Section        0  stm32g4xx_hal_uart.o(i.UART_Start_Receive_DMA)
    i.UART_WaitOnFlagUntilTimeout            0x0800472c   Section        0  stm32g4xx_hal_uart.o(i.UART_WaitOnFlagUntilTimeout)
    i.USART1_IRQHandler                      0x080047f4   Section        0  stm32g4xx_it.o(i.USART1_IRQHandler)
    i.UsageFault_Handler                     0x0800482c   Section        0  stm32g4xx_it.o(i.UsageFault_Handler)
    i.Vofa_Bar_Handler                       0x08004830   Section        0  vofa.o(i.Vofa_Bar_Handler)
    i.Vofa_Button_Handler                    0x080048bc   Section        0  vofa.o(i.Vofa_Button_Handler)
    i.Vofa_FRAME_Handler                     0x080048d8   Section        0  vofa.o(i.Vofa_FRAME_Handler)
    i.Vofa_Key_Handler                       0x08004914   Section        0  vofa.o(i.Vofa_Key_Handler)
    i.Vofa_Slider_Handler                    0x08004940   Section        0  vofa.o(i.Vofa_Slider_Handler)
    i.Vofa_Transmit                          0x0800495c   Section        0  vofa.o(i.Vofa_Transmit)
    i.Vofa_UART_Receive                      0x08004998   Section        0  vofa.o(i.Vofa_UART_Receive)
    i.__NVIC_SetPriority                     0x08004a2c   Section        0  stm32g4xx_hal_cortex.o(i.__NVIC_SetPriority)
    __NVIC_SetPriority                       0x08004a2d   Thumb Code    32  stm32g4xx_hal_cortex.o(i.__NVIC_SetPriority)
    i.__scatterload_copy                     0x08004a4c   Section       14  handlers.o(i.__scatterload_copy)
    i.__scatterload_null                     0x08004a5a   Section        2  handlers.o(i.__scatterload_null)
    i.__scatterload_zeroinit                 0x08004a5c   Section       14  handlers.o(i.__scatterload_zeroinit)
    i.angle_Calculate                        0x08004a6a   Section        0  as5600.o(i.angle_Calculate)
    i.main                                   0x08004aac   Section        0  main.o(i.main)
    .constdata                               0x08004b58   Section       16  system_stm32g4xx.o(.constdata)
    .constdata                               0x08004b68   Section        8  system_stm32g4xx.o(.constdata)
    .constdata                               0x08004b70   Section       24  stm32g4xx_hal_uart.o(.constdata)
    .constdata                               0x08004b88   Section       16  stm32g4xx_hal_uart_ex.o(.constdata)
    numerator                                0x08004b88   Data           8  stm32g4xx_hal_uart_ex.o(.constdata)
    denominator                              0x08004b90   Data           8  stm32g4xx_hal_uart_ex.o(.constdata)
    .data                                    0x20000000   Section        4  system_stm32g4xx.o(.data)
    .data                                    0x20000004   Section       12  stm32g4xx_hal.o(.data)
    .bss                                     0x20000010   Section       24  as5600.o(.bss)
    .bss                                     0x20000028   Section      168  vofa.o(.bss)
    .bss                                     0x200000d0   Section       50  vofa.o(.bss)
    .bss                                     0x20000104   Section      108  adc.o(.bss)
    .bss                                     0x20000170   Section      228  tim.o(.bss)
    .bss                                     0x20000254   Section      336  usart.o(.bss)
    STACK                                    0x200003a8   Section     1024  startup_stm32g431xx.o(STACK)

    Global Symbols

    Symbol Name                              Value     Ov Type        Size  Object(Section)

    BuildAttributes$$THM_ISAv4$E$P$D$K$B$S$7EM$VFPi3$EXTD16$VFPS$VFMA$PE$A:L22UL41UL21$X:L11$S22US41US21$IEEE1$IW$USESV6$~STKCKD$USESV7$~SHL$OTIME$ROPI$EBA8$MICROLIB$REQ8$PRES8$EABIv2 0x00000000   Number         0  anon$$obj.o ABSOLUTE
    __ARM_use_no_argv                        0x00000000   Number         0  main.o ABSOLUTE
    __cpp_initialize__aeabi_                  - Undefined Weak Reference
    __cxa_finalize                            - Undefined Weak Reference
    __decompress                              - Undefined Weak Reference
    _clock_init                               - Undefined Weak Reference
    _microlib_exit                            - Undefined Weak Reference
    __Vectors_Size                           0x000001d8   Number         0  startup_stm32g431xx.o ABSOLUTE
    __Vectors                                0x08000000   Data           4  startup_stm32g431xx.o(RESET)
    __Vectors_End                            0x080001d8   Data           0  startup_stm32g431xx.o(RESET)
    __main                                   0x080001d9   Thumb Code     0  entry.o(.ARM.Collect$$$$00000000)
    _main_stk                                0x080001d9   Thumb Code     0  entry2.o(.ARM.Collect$$$$00000001)
    _main_scatterload                        0x080001dd   Thumb Code     0  entry5.o(.ARM.Collect$$$$00000004)
    __main_after_scatterload                 0x080001e1   Thumb Code     0  entry5.o(.ARM.Collect$$$$00000004)
    _main_clock                              0x080001e1   Thumb Code     0  entry7b.o(.ARM.Collect$$$$00000008)
    _main_cpp_init                           0x080001e1   Thumb Code     0  entry8b.o(.ARM.Collect$$$$0000000A)
    _main_init                               0x080001e1   Thumb Code     0  entry9a.o(.ARM.Collect$$$$0000000B)
    __rt_final_cpp                           0x080001e9   Thumb Code     0  entry10a.o(.ARM.Collect$$$$0000000D)
    __rt_final_exit                          0x080001e9   Thumb Code     0  entry11a.o(.ARM.Collect$$$$0000000F)
    Reset_Handler                            0x080001ed   Thumb Code     8  startup_stm32g431xx.o(.text)
    ADC1_2_IRQHandler                        0x08000207   Thumb Code     0  startup_stm32g431xx.o(.text)
    COMP1_2_3_IRQHandler                     0x08000207   Thumb Code     0  startup_stm32g431xx.o(.text)
    COMP4_IRQHandler                         0x08000207   Thumb Code     0  startup_stm32g431xx.o(.text)
    CORDIC_IRQHandler                        0x08000207   Thumb Code     0  startup_stm32g431xx.o(.text)
    CRS_IRQHandler                           0x08000207   Thumb Code     0  startup_stm32g431xx.o(.text)
    DMA1_Channel3_IRQHandler                 0x08000207   Thumb Code     0  startup_stm32g431xx.o(.text)
    DMA1_Channel4_IRQHandler                 0x08000207   Thumb Code     0  startup_stm32g431xx.o(.text)
    DMA1_Channel5_IRQHandler                 0x08000207   Thumb Code     0  startup_stm32g431xx.o(.text)
    DMA1_Channel6_IRQHandler                 0x08000207   Thumb Code     0  startup_stm32g431xx.o(.text)
    DMA2_Channel1_IRQHandler                 0x08000207   Thumb Code     0  startup_stm32g431xx.o(.text)
    DMA2_Channel2_IRQHandler                 0x08000207   Thumb Code     0  startup_stm32g431xx.o(.text)
    DMA2_Channel3_IRQHandler                 0x08000207   Thumb Code     0  startup_stm32g431xx.o(.text)
    DMA2_Channel4_IRQHandler                 0x08000207   Thumb Code     0  startup_stm32g431xx.o(.text)
    DMA2_Channel5_IRQHandler                 0x08000207   Thumb Code     0  startup_stm32g431xx.o(.text)
    DMA2_Channel6_IRQHandler                 0x08000207   Thumb Code     0  startup_stm32g431xx.o(.text)
    DMAMUX_OVR_IRQHandler                    0x08000207   Thumb Code     0  startup_stm32g431xx.o(.text)
    EXTI0_IRQHandler                         0x08000207   Thumb Code     0  startup_stm32g431xx.o(.text)
    EXTI1_IRQHandler                         0x08000207   Thumb Code     0  startup_stm32g431xx.o(.text)
    EXTI2_IRQHandler                         0x08000207   Thumb Code     0  startup_stm32g431xx.o(.text)
    EXTI3_IRQHandler                         0x08000207   Thumb Code     0  startup_stm32g431xx.o(.text)
    EXTI4_IRQHandler                         0x08000207   Thumb Code     0  startup_stm32g431xx.o(.text)
    EXTI9_5_IRQHandler                       0x08000207   Thumb Code     0  startup_stm32g431xx.o(.text)
    FDCAN1_IT0_IRQHandler                    0x08000207   Thumb Code     0  startup_stm32g431xx.o(.text)
    FDCAN1_IT1_IRQHandler                    0x08000207   Thumb Code     0  startup_stm32g431xx.o(.text)
    FLASH_IRQHandler                         0x08000207   Thumb Code     0  startup_stm32g431xx.o(.text)
    FMAC_IRQHandler                          0x08000207   Thumb Code     0  startup_stm32g431xx.o(.text)
    FPU_IRQHandler                           0x08000207   Thumb Code     0  startup_stm32g431xx.o(.text)
    I2C1_ER_IRQHandler                       0x08000207   Thumb Code     0  startup_stm32g431xx.o(.text)
    I2C1_EV_IRQHandler                       0x08000207   Thumb Code     0  startup_stm32g431xx.o(.text)
    I2C2_ER_IRQHandler                       0x08000207   Thumb Code     0  startup_stm32g431xx.o(.text)
    I2C2_EV_IRQHandler                       0x08000207   Thumb Code     0  startup_stm32g431xx.o(.text)
    I2C3_ER_IRQHandler                       0x08000207   Thumb Code     0  startup_stm32g431xx.o(.text)
    I2C3_EV_IRQHandler                       0x08000207   Thumb Code     0  startup_stm32g431xx.o(.text)
    LPTIM1_IRQHandler                        0x08000207   Thumb Code     0  startup_stm32g431xx.o(.text)
    LPUART1_IRQHandler                       0x08000207   Thumb Code     0  startup_stm32g431xx.o(.text)
    PVD_PVM_IRQHandler                       0x08000207   Thumb Code     0  startup_stm32g431xx.o(.text)
    RCC_IRQHandler                           0x08000207   Thumb Code     0  startup_stm32g431xx.o(.text)
    RNG_IRQHandler                           0x08000207   Thumb Code     0  startup_stm32g431xx.o(.text)
    RTC_Alarm_IRQHandler                     0x08000207   Thumb Code     0  startup_stm32g431xx.o(.text)
    RTC_TAMP_LSECSS_IRQHandler               0x08000207   Thumb Code     0  startup_stm32g431xx.o(.text)
    RTC_WKUP_IRQHandler                      0x08000207   Thumb Code     0  startup_stm32g431xx.o(.text)
    SAI1_IRQHandler                          0x08000207   Thumb Code     0  startup_stm32g431xx.o(.text)
    SPI1_IRQHandler                          0x08000207   Thumb Code     0  startup_stm32g431xx.o(.text)
    SPI2_IRQHandler                          0x08000207   Thumb Code     0  startup_stm32g431xx.o(.text)
    SPI3_IRQHandler                          0x08000207   Thumb Code     0  startup_stm32g431xx.o(.text)
    TIM1_CC_IRQHandler                       0x08000207   Thumb Code     0  startup_stm32g431xx.o(.text)
    TIM1_TRG_COM_TIM17_IRQHandler            0x08000207   Thumb Code     0  startup_stm32g431xx.o(.text)
    TIM1_UP_TIM16_IRQHandler                 0x08000207   Thumb Code     0  startup_stm32g431xx.o(.text)
    TIM2_IRQHandler                          0x08000207   Thumb Code     0  startup_stm32g431xx.o(.text)
    TIM3_IRQHandler                          0x08000207   Thumb Code     0  startup_stm32g431xx.o(.text)
    TIM4_IRQHandler                          0x08000207   Thumb Code     0  startup_stm32g431xx.o(.text)
    TIM7_DAC_IRQHandler                      0x08000207   Thumb Code     0  startup_stm32g431xx.o(.text)
    TIM8_BRK_IRQHandler                      0x08000207   Thumb Code     0  startup_stm32g431xx.o(.text)
    TIM8_CC_IRQHandler                       0x08000207   Thumb Code     0  startup_stm32g431xx.o(.text)
    TIM8_TRG_COM_IRQHandler                  0x08000207   Thumb Code     0  startup_stm32g431xx.o(.text)
    TIM8_UP_IRQHandler                       0x08000207   Thumb Code     0  startup_stm32g431xx.o(.text)
    UART4_IRQHandler                         0x08000207   Thumb Code     0  startup_stm32g431xx.o(.text)
    UCPD1_IRQHandler                         0x08000207   Thumb Code     0  startup_stm32g431xx.o(.text)
    USART2_IRQHandler                        0x08000207   Thumb Code     0  startup_stm32g431xx.o(.text)
    USART3_IRQHandler                        0x08000207   Thumb Code     0  startup_stm32g431xx.o(.text)
    USBWakeUp_IRQHandler                     0x08000207   Thumb Code     0  startup_stm32g431xx.o(.text)
    USB_HP_IRQHandler                        0x08000207   Thumb Code     0  startup_stm32g431xx.o(.text)
    USB_LP_IRQHandler                        0x08000207   Thumb Code     0  startup_stm32g431xx.o(.text)
    WWDG_IRQHandler                          0x08000207   Thumb Code     0  startup_stm32g431xx.o(.text)
    __aeabi_uldivmod                         0x08000211   Thumb Code    98  uldiv.o(.text)
    __aeabi_memcpy                           0x08000273   Thumb Code    36  memcpya.o(.text)
    __aeabi_memcpy4                          0x08000273   Thumb Code     0  memcpya.o(.text)
    __aeabi_memcpy8                          0x08000273   Thumb Code     0  memcpya.o(.text)
    __aeabi_memset                           0x08000297   Thumb Code    14  memseta.o(.text)
    __aeabi_memset4                          0x08000297   Thumb Code     0  memseta.o(.text)
    __aeabi_memset8                          0x08000297   Thumb Code     0  memseta.o(.text)
    __aeabi_memclr                           0x080002a5   Thumb Code     4  memseta.o(.text)
    __aeabi_memclr4                          0x080002a5   Thumb Code     0  memseta.o(.text)
    __aeabi_memclr8                          0x080002a5   Thumb Code     0  memseta.o(.text)
    _memset$wrapper                          0x080002a9   Thumb Code    18  memseta.o(.text)
    __aeabi_dadd                             0x080002bb   Thumb Code   322  dadd.o(.text)
    __aeabi_dsub                             0x080003fd   Thumb Code     6  dadd.o(.text)
    __aeabi_drsub                            0x08000403   Thumb Code     6  dadd.o(.text)
    __aeabi_dmul                             0x08000409   Thumb Code   228  dmul.o(.text)
    __aeabi_f2d                              0x080004ed   Thumb Code    38  f2d.o(.text)
    __aeabi_d2f                              0x08000513   Thumb Code    56  d2f.o(.text)
    __aeabi_llsl                             0x0800054b   Thumb Code    30  llshl.o(.text)
    _ll_shift_l                              0x0800054b   Thumb Code     0  llshl.o(.text)
    __aeabi_llsr                             0x08000569   Thumb Code    32  llushr.o(.text)
    _ll_ushift_r                             0x08000569   Thumb Code     0  llushr.o(.text)
    __aeabi_lasr                             0x08000589   Thumb Code    36  llsshr.o(.text)
    _ll_sshift_r                             0x08000589   Thumb Code     0  llsshr.o(.text)
    __I$use$fp                               0x080005ad   Thumb Code     0  iusefp.o(.text)
    _float_round                             0x080005ad   Thumb Code    18  fepilogue.o(.text)
    _float_epilogue                          0x080005bf   Thumb Code    92  fepilogue.o(.text)
    _double_round                            0x0800061b   Thumb Code    30  depilogue.o(.text)
    _double_epilogue                         0x08000639   Thumb Code   156  depilogue.o(.text)
    __scatterload                            0x080006d5   Thumb Code    28  init.o(.text)
    __scatterload_rt2                        0x080006d5   Thumb Code     0  init.o(.text)
    AS5600_Get_Angle                         0x080006f9   Thumb Code    68  as5600.o(i.AS5600_Get_Angle)
    AS5600_IIC_Read_OneByte                  0x08000745   Thumb Code    64  as5600.o(i.AS5600_IIC_Read_OneByte)
    AS5600_Init                              0x08000785   Thumb Code    42  as5600.o(i.AS5600_Init)
    AS5600_Speed_Cal_1khz                    0x080007b1   Thumb Code   180  as5600.o(i.AS5600_Speed_Cal_1khz)
    BusFault_Handler                         0x08000895   Thumb Code     2  stm32g4xx_it.o(i.BusFault_Handler)
    DMA1_Channel1_IRQHandler                 0x08000899   Thumb Code     6  stm32g4xx_it.o(i.DMA1_Channel1_IRQHandler)
    DMA1_Channel2_IRQHandler                 0x080008a5   Thumb Code     6  stm32g4xx_it.o(i.DMA1_Channel2_IRQHandler)
    DebugMon_Handler                         0x08000953   Thumb Code     2  stm32g4xx_it.o(i.DebugMon_Handler)
    EXTI15_10_IRQHandler                     0x08000955   Thumb Code    30  stm32g4xx_it.o(i.EXTI15_10_IRQHandler)
    Error_Handler                            0x08000973   Thumb Code     2  main.o(i.Error_Handler)
    HAL_ADCEx_InjectedConfigChannel          0x08000975   Thumb Code  1248  stm32g4xx_hal_adc_ex.o(i.HAL_ADCEx_InjectedConfigChannel)
    HAL_ADCEx_MultiModeConfigChannel         0x08000e7d   Thumb Code   204  stm32g4xx_hal_adc_ex.o(i.HAL_ADCEx_MultiModeConfigChannel)
    HAL_ADC_ConfigChannel                    0x08000f51   Thumb Code   996  stm32g4xx_hal_adc.o(i.HAL_ADC_ConfigChannel)
    HAL_ADC_Init                             0x08001365   Thumb Code   476  stm32g4xx_hal_adc.o(i.HAL_ADC_Init)
    HAL_ADC_MspInit                          0x08001561   Thumb Code   110  adc.o(i.HAL_ADC_MspInit)
    HAL_DMA_Abort                            0x080015d5   Thumb Code   106  stm32g4xx_hal_dma.o(i.HAL_DMA_Abort)
    HAL_DMA_Abort_IT                         0x0800163f   Thumb Code   120  stm32g4xx_hal_dma.o(i.HAL_DMA_Abort_IT)
    HAL_DMA_IRQHandler                       0x080016b7   Thumb Code   186  stm32g4xx_hal_dma.o(i.HAL_DMA_IRQHandler)
    HAL_DMA_Init                             0x08001771   Thumb Code   178  stm32g4xx_hal_dma.o(i.HAL_DMA_Init)
    HAL_DMA_Start_IT                         0x08001831   Thumb Code   140  stm32g4xx_hal_dma.o(i.HAL_DMA_Start_IT)
    HAL_Delay                                0x080018bd   Thumb Code    32  stm32g4xx_hal.o(i.HAL_Delay)
    HAL_GPIO_EXTI_Callback                   0x080018e1   Thumb Code     2  stm32g4xx_hal_gpio.o(i.HAL_GPIO_EXTI_Callback)
    HAL_GPIO_EXTI_IRQHandler                 0x080018e5   Thumb Code    18  stm32g4xx_hal_gpio.o(i.HAL_GPIO_EXTI_IRQHandler)
    HAL_GPIO_Init                            0x080018fd   Thumb Code   550  stm32g4xx_hal_gpio.o(i.HAL_GPIO_Init)
    HAL_GPIO_ReadPin                         0x08001b45   Thumb Code    10  stm32g4xx_hal_gpio.o(i.HAL_GPIO_ReadPin)
    HAL_GPIO_TogglePin                       0x08001b4f   Thumb Code    16  stm32g4xx_hal_gpio.o(i.HAL_GPIO_TogglePin)
    HAL_GPIO_WritePin                        0x08001b5f   Thumb Code    10  stm32g4xx_hal_gpio.o(i.HAL_GPIO_WritePin)
    HAL_GetTick                              0x08001b69   Thumb Code     6  stm32g4xx_hal.o(i.HAL_GetTick)
    HAL_IncTick                              0x08001b75   Thumb Code    12  stm32g4xx_hal.o(i.HAL_IncTick)
    HAL_Init                                 0x08001b85   Thumb Code    30  stm32g4xx_hal.o(i.HAL_Init)
    HAL_InitTick                             0x08001ba5   Thumb Code    58  stm32g4xx_hal.o(i.HAL_InitTick)
    HAL_MspInit                              0x08001be9   Thumb Code    42  stm32g4xx_hal_msp.o(i.HAL_MspInit)
    HAL_NVIC_EnableIRQ                       0x08001c19   Thumb Code    26  stm32g4xx_hal_cortex.o(i.HAL_NVIC_EnableIRQ)
    HAL_NVIC_SetPriority                     0x08001c35   Thumb Code    60  stm32g4xx_hal_cortex.o(i.HAL_NVIC_SetPriority)
    HAL_NVIC_SetPriorityGrouping             0x08001c75   Thumb Code    26  stm32g4xx_hal_cortex.o(i.HAL_NVIC_SetPriorityGrouping)
    HAL_PWREx_ControlVoltageScaling          0x08001c99   Thumb Code   174  stm32g4xx_hal_pwr_ex.o(i.HAL_PWREx_ControlVoltageScaling)
    HAL_PWREx_DisableUCPDDeadBattery         0x08001d55   Thumb Code    12  stm32g4xx_hal_pwr_ex.o(i.HAL_PWREx_DisableUCPDDeadBattery)
    HAL_RCCEx_PeriphCLKConfig                0x08001d65   Thumb Code   638  stm32g4xx_hal_rcc_ex.o(i.HAL_RCCEx_PeriphCLKConfig)
    HAL_RCC_ClockConfig                      0x08001fed   Thumb Code   444  stm32g4xx_hal_rcc.o(i.HAL_RCC_ClockConfig)
    HAL_RCC_GetPCLK1Freq                     0x080021c9   Thumb Code    24  stm32g4xx_hal_rcc.o(i.HAL_RCC_GetPCLK1Freq)
    HAL_RCC_GetPCLK2Freq                     0x080021ed   Thumb Code    24  stm32g4xx_hal_rcc.o(i.HAL_RCC_GetPCLK2Freq)
    HAL_RCC_GetSysClockFreq                  0x08002211   Thumb Code    98  stm32g4xx_hal_rcc.o(i.HAL_RCC_GetSysClockFreq)
    HAL_RCC_OscConfig                        0x0800227d   Thumb Code  1036  stm32g4xx_hal_rcc.o(i.HAL_RCC_OscConfig)
    HAL_SYSTICK_Config                       0x08002689   Thumb Code    40  stm32g4xx_hal_cortex.o(i.HAL_SYSTICK_Config)
    HAL_TIMEx_Break2Callback                 0x080026b1   Thumb Code     2  stm32g4xx_hal_tim_ex.o(i.HAL_TIMEx_Break2Callback)
    HAL_TIMEx_BreakCallback                  0x080026b3   Thumb Code     2  stm32g4xx_hal_tim_ex.o(i.HAL_TIMEx_BreakCallback)
    HAL_TIMEx_CommutCallback                 0x080026b5   Thumb Code     2  stm32g4xx_hal_tim_ex.o(i.HAL_TIMEx_CommutCallback)
    HAL_TIMEx_ConfigBreakDeadTime            0x080026b9   Thumb Code   164  stm32g4xx_hal_tim_ex.o(i.HAL_TIMEx_ConfigBreakDeadTime)
    HAL_TIMEx_DirectionChangeCallback        0x08002765   Thumb Code     2  stm32g4xx_hal_tim_ex.o(i.HAL_TIMEx_DirectionChangeCallback)
    HAL_TIMEx_EnableDeadTimePreload          0x08002767   Thumb Code    14  stm32g4xx_hal_tim_ex.o(i.HAL_TIMEx_EnableDeadTimePreload)
    HAL_TIMEx_EncoderIndexCallback           0x08002775   Thumb Code     2  stm32g4xx_hal_tim_ex.o(i.HAL_TIMEx_EncoderIndexCallback)
    HAL_TIMEx_IndexErrorCallback             0x08002777   Thumb Code     2  stm32g4xx_hal_tim_ex.o(i.HAL_TIMEx_IndexErrorCallback)
    HAL_TIMEx_MasterConfigSynchronization    0x08002779   Thumb Code   132  stm32g4xx_hal_tim_ex.o(i.HAL_TIMEx_MasterConfigSynchronization)
    HAL_TIMEx_TransitionErrorCallback        0x08002815   Thumb Code     2  stm32g4xx_hal_tim_ex.o(i.HAL_TIMEx_TransitionErrorCallback)
    HAL_TIM_Base_Init                        0x08002817   Thumb Code    98  stm32g4xx_hal_tim.o(i.HAL_TIM_Base_Init)
    HAL_TIM_Base_MspInit                     0x08002879   Thumb Code   108  tim.o(i.HAL_TIM_Base_MspInit)
    HAL_TIM_Base_Start_IT                    0x080028f5   Thumb Code    94  stm32g4xx_hal_tim.o(i.HAL_TIM_Base_Start_IT)
    HAL_TIM_ConfigClockSource                0x0800296d   Thumb Code   246  stm32g4xx_hal_tim.o(i.HAL_TIM_ConfigClockSource)
    HAL_TIM_IC_CaptureCallback               0x08002a6d   Thumb Code     2  stm32g4xx_hal_tim.o(i.HAL_TIM_IC_CaptureCallback)
    HAL_TIM_IRQHandler                       0x08002a6f   Thumb Code   508  stm32g4xx_hal_tim.o(i.HAL_TIM_IRQHandler)
    HAL_TIM_MspPostInit                      0x08002c6d   Thumb Code   150  tim.o(i.HAL_TIM_MspPostInit)
    HAL_TIM_OC_DelayElapsedCallback          0x08002d15   Thumb Code     2  stm32g4xx_hal_tim.o(i.HAL_TIM_OC_DelayElapsedCallback)
    HAL_TIM_PWM_ConfigChannel                0x08002d17   Thumb Code   292  stm32g4xx_hal_tim.o(i.HAL_TIM_PWM_ConfigChannel)
    HAL_TIM_PWM_Init                         0x08002e3b   Thumb Code    98  stm32g4xx_hal_tim.o(i.HAL_TIM_PWM_Init)
    HAL_TIM_PWM_MspInit                      0x08002e9d   Thumb Code     2  stm32g4xx_hal_tim.o(i.HAL_TIM_PWM_MspInit)
    HAL_TIM_PWM_PulseFinishedCallback        0x08002e9f   Thumb Code     2  stm32g4xx_hal_tim.o(i.HAL_TIM_PWM_PulseFinishedCallback)
    HAL_TIM_PeriodElapsedCallback            0x08002ea1   Thumb Code     2  stm32g4xx_hal_tim.o(i.HAL_TIM_PeriodElapsedCallback)
    HAL_TIM_TriggerCallback                  0x08002ea3   Thumb Code     2  stm32g4xx_hal_tim.o(i.HAL_TIM_TriggerCallback)
    HAL_UARTEx_DisableFifoMode               0x08002ea5   Thumb Code    62  stm32g4xx_hal_uart_ex.o(i.HAL_UARTEx_DisableFifoMode)
    HAL_UARTEx_RxEventCallback               0x08002ee3   Thumb Code     2  stm32g4xx_hal_uart.o(i.HAL_UARTEx_RxEventCallback)
    HAL_UARTEx_RxFifoFullCallback            0x08002ee5   Thumb Code     2  stm32g4xx_hal_uart_ex.o(i.HAL_UARTEx_RxFifoFullCallback)
    HAL_UARTEx_SetRxFifoThreshold            0x08002ee7   Thumb Code    76  stm32g4xx_hal_uart_ex.o(i.HAL_UARTEx_SetRxFifoThreshold)
    HAL_UARTEx_SetTxFifoThreshold            0x08002f33   Thumb Code    76  stm32g4xx_hal_uart_ex.o(i.HAL_UARTEx_SetTxFifoThreshold)
    HAL_UARTEx_TxFifoEmptyCallback           0x08002f7f   Thumb Code     2  stm32g4xx_hal_uart_ex.o(i.HAL_UARTEx_TxFifoEmptyCallback)
    HAL_UARTEx_WakeupCallback                0x08002f81   Thumb Code     2  stm32g4xx_hal_uart_ex.o(i.HAL_UARTEx_WakeupCallback)
    HAL_UART_ErrorCallback                   0x08002f83   Thumb Code     2  stm32g4xx_hal_uart.o(i.HAL_UART_ErrorCallback)
    HAL_UART_IRQHandler                      0x08002f85   Thumb Code   722  stm32g4xx_hal_uart.o(i.HAL_UART_IRQHandler)
    HAL_UART_Init                            0x08003265   Thumb Code   106  stm32g4xx_hal_uart.o(i.HAL_UART_Init)
    HAL_UART_MspInit                         0x080032d1   Thumb Code   258  usart.o(i.HAL_UART_MspInit)
    HAL_UART_Receive_DMA                     0x080033ed   Thumb Code    80  stm32g4xx_hal_uart.o(i.HAL_UART_Receive_DMA)
    HAL_UART_RxCpltCallback                  0x08003441   Thumb Code     2  stm32g4xx_hal_uart.o(i.HAL_UART_RxCpltCallback)
    HAL_UART_RxHalfCpltCallback              0x08003443   Thumb Code     2  stm32g4xx_hal_uart.o(i.HAL_UART_RxHalfCpltCallback)
    HAL_UART_Transmit_DMA                    0x08003445   Thumb Code   150  stm32g4xx_hal_uart.o(i.HAL_UART_Transmit_DMA)
    HAL_UART_TxCpltCallback                  0x080034e9   Thumb Code     2  stm32g4xx_hal_uart.o(i.HAL_UART_TxCpltCallback)
    HAL_UART_TxHalfCpltCallback              0x080034eb   Thumb Code     2  stm32g4xx_hal_uart.o(i.HAL_UART_TxHalfCpltCallback)
    HardFault_Handler                        0x080034ed   Thumb Code     2  stm32g4xx_it.o(i.HardFault_Handler)
    IIC_Ack                                  0x080034ef   Thumb Code    66  iic.o(i.IIC_Ack)
    IIC_Init                                 0x0800353b   Thumb Code     4  iic.o(i.IIC_Init)
    IIC_Nack                                 0x0800353f   Thumb Code    52  iic.o(i.IIC_Nack)
    IIC_Read_Byte                            0x08003573   Thumb Code    86  iic.o(i.IIC_Read_Byte)
    IIC_Send_Byte                            0x080035c9   Thumb Code    96  iic.o(i.IIC_Send_Byte)
    IIC_Start                                0x08003629   Thumb Code    62  iic.o(i.IIC_Start)
    IIC_Stop                                 0x08003667   Thumb Code    48  iic.o(i.IIC_Stop)
    IIC_Wait_ack                             0x08003697   Thumb Code    86  iic.o(i.IIC_Wait_ack)
    MX_ADC1_Init                             0x08003781   Thumb Code   232  adc.o(i.MX_ADC1_Init)
    MX_DMA_Init                              0x08003875   Thumb Code    72  dma.o(i.MX_DMA_Init)
    MX_GPIO_Init                             0x080038c1   Thumb Code   214  gpio.o(i.MX_GPIO_Init)
    MX_TIM15_Init                            0x080039a1   Thumb Code   100  tim.o(i.MX_TIM15_Init)
    MX_TIM1_Init                             0x08003a0d   Thumb Code   270  tim.o(i.MX_TIM1_Init)
    MX_TIM6_Init                             0x08003b25   Thumb Code    60  tim.o(i.MX_TIM6_Init)
    MX_USART1_UART_Init                      0x08003b69   Thumb Code    94  usart.o(i.MX_USART1_UART_Init)
    MemManage_Handler                        0x08003bd1   Thumb Code     2  stm32g4xx_it.o(i.MemManage_Handler)
    NMI_Handler                              0x08003bd3   Thumb Code     2  stm32g4xx_it.o(i.NMI_Handler)
    PendSV_Handler                           0x08003bd5   Thumb Code     2  stm32g4xx_it.o(i.PendSV_Handler)
    SVC_Handler                              0x08003bd7   Thumb Code     2  stm32g4xx_it.o(i.SVC_Handler)
    SysTick_Handler                          0x08003bd9   Thumb Code     4  stm32g4xx_it.o(i.SysTick_Handler)
    SystemClock_Config                       0x08003bdd   Thumb Code    86  main.o(i.SystemClock_Config)
    SystemInit                               0x08003c35   Thumb Code    22  system_stm32g4xx.o(i.SystemInit)
    TIM1_BRK_TIM15_IRQHandler                0x08003c51   Thumb Code    30  stm32g4xx_it.o(i.TIM1_BRK_TIM15_IRQHandler)
    TIM6_DAC_IRQHandler                      0x08003c7d   Thumb Code     6  stm32g4xx_it.o(i.TIM6_DAC_IRQHandler)
    TIM_Base_SetConfig                       0x08003c89   Thumb Code   146  stm32g4xx_hal_tim.o(i.TIM_Base_SetConfig)
    TIM_ETR_SetConfig                        0x08003d39   Thumb Code    20  stm32g4xx_hal_tim.o(i.TIM_ETR_SetConfig)
    TIM_OC2_SetConfig                        0x08003dfd   Thumb Code   120  stm32g4xx_hal_tim.o(i.TIM_OC2_SetConfig)
    UART_AdvFeatureConfig                    0x08004119   Thumb Code   200  stm32g4xx_hal_uart.o(i.UART_AdvFeatureConfig)
    UART_CheckIdleState                      0x080041e1   Thumb Code    96  stm32g4xx_hal_uart.o(i.UART_CheckIdleState)
    UART_SetConfig                           0x08004415   Thumb Code   582  stm32g4xx_hal_uart.o(i.UART_SetConfig)
    UART_Start_Receive_DMA                   0x08004689   Thumb Code   152  stm32g4xx_hal_uart.o(i.UART_Start_Receive_DMA)
    UART_WaitOnFlagUntilTimeout              0x0800472d   Thumb Code   198  stm32g4xx_hal_uart.o(i.UART_WaitOnFlagUntilTimeout)
    USART1_IRQHandler                        0x080047f5   Thumb Code    48  stm32g4xx_it.o(i.USART1_IRQHandler)
    UsageFault_Handler                       0x0800482d   Thumb Code     2  stm32g4xx_it.o(i.UsageFault_Handler)
    Vofa_Bar_Handler                         0x08004831   Thumb Code   134  vofa.o(i.Vofa_Bar_Handler)
    Vofa_Button_Handler                      0x080048bd   Thumb Code    24  vofa.o(i.Vofa_Button_Handler)
    Vofa_FRAME_Handler                       0x080048d9   Thumb Code    54  vofa.o(i.Vofa_FRAME_Handler)
    Vofa_Key_Handler                         0x08004915   Thumb Code    40  vofa.o(i.Vofa_Key_Handler)
    Vofa_Slider_Handler                      0x08004941   Thumb Code    24  vofa.o(i.Vofa_Slider_Handler)
    Vofa_Transmit                            0x0800495d   Thumb Code    56  vofa.o(i.Vofa_Transmit)
    Vofa_UART_Receive                        0x08004999   Thumb Code   144  vofa.o(i.Vofa_UART_Receive)
    __scatterload_copy                       0x08004a4d   Thumb Code    14  handlers.o(i.__scatterload_copy)
    __scatterload_null                       0x08004a5b   Thumb Code     2  handlers.o(i.__scatterload_null)
    __scatterload_zeroinit                   0x08004a5d   Thumb Code    14  handlers.o(i.__scatterload_zeroinit)
    angle_Calculate                          0x08004a6b   Thumb Code    66  as5600.o(i.angle_Calculate)
    main                                     0x08004aad   Thumb Code   146  main.o(i.main)
    AHBPrescTable                            0x08004b58   Data          16  system_stm32g4xx.o(.constdata)
    APBPrescTable                            0x08004b68   Data           8  system_stm32g4xx.o(.constdata)
    UARTPrescTable                           0x08004b70   Data          24  stm32g4xx_hal_uart.o(.constdata)
    Region$$Table$$Base                      0x08004b98   Number         0  anon$$obj.o(Region$$Table)
    Region$$Table$$Limit                     0x08004bb8   Number         0  anon$$obj.o(Region$$Table)
    SystemCoreClock                          0x20000000   Data           4  system_stm32g4xx.o(.data)
    uwTickPrio                               0x20000004   Data           4  stm32g4xx_hal.o(.data)
    uwTickFreq                               0x20000008   Data           4  stm32g4xx_hal.o(.data)
    uwTick                                   0x2000000c   Data           4  stm32g4xx_hal.o(.data)
    AS5600                                   0x20000010   Data          24  as5600.o(.bss)
    VofaData                                 0x20000028   Data          64  vofa.o(.bss)
    tempFloat                                0x20000068   Data          80  vofa.o(.bss)
    Vofa_RX                                  0x200000b8   Data          24  vofa.o(.bss)
    rx_buffer                                0x200000d0   Data          50  vofa.o(.bss)
    hadc1                                    0x20000104   Data         108  adc.o(.bss)
    htim1                                    0x20000170   Data          76  tim.o(.bss)
    htim6                                    0x200001bc   Data          76  tim.o(.bss)
    htim15                                   0x20000208   Data          76  tim.o(.bss)
    huart1                                   0x20000254   Data         144  usart.o(.bss)
    hdma_usart1_rx                           0x200002e4   Data          96  usart.o(.bss)
    hdma_usart1_tx                           0x20000344   Data          96  usart.o(.bss)
    __initial_sp                             0x200007a8   Data           0  startup_stm32g431xx.o(STACK)



==============================================================================

Memory Map of the image

  Image Entry point : 0x080001d9

  Load Region LR_IROM1 (Base: 0x08000000, Size: 0x00004bc8, Max: 0x00020000, ABSOLUTE)

    Execution Region ER_IROM1 (Exec base: 0x08000000, Load base: 0x08000000, Size: 0x00004bb8, Max: 0x00020000, ABSOLUTE)

    Exec Addr    Load Addr    Size         Type   Attr      Idx    E Section Name        Object

    0x08000000   0x08000000   0x000001d8   Data   RO            3    RESET               startup_stm32g431xx.o
    0x080001d8   0x080001d8   0x00000000   Code   RO         4358  * .ARM.Collect$$$$00000000  mc_w.l(entry.o)
    0x080001d8   0x080001d8   0x00000004   Code   RO         4377    .ARM.Collect$$$$00000001  mc_w.l(entry2.o)
    0x080001dc   0x080001dc   0x00000004   Code   RO         4380    .ARM.Collect$$$$00000004  mc_w.l(entry5.o)
    0x080001e0   0x080001e0   0x00000000   Code   RO         4382    .ARM.Collect$$$$00000008  mc_w.l(entry7b.o)
    0x080001e0   0x080001e0   0x00000000   Code   RO         4384    .ARM.Collect$$$$0000000A  mc_w.l(entry8b.o)
    0x080001e0   0x080001e0   0x00000008   Code   RO         4385    .ARM.Collect$$$$0000000B  mc_w.l(entry9a.o)
    0x080001e8   0x080001e8   0x00000000   Code   RO         4387    .ARM.Collect$$$$0000000D  mc_w.l(entry10a.o)
    0x080001e8   0x080001e8   0x00000000   Code   RO         4389    .ARM.Collect$$$$0000000F  mc_w.l(entry11a.o)
    0x080001e8   0x080001e8   0x00000004   Code   RO         4378    .ARM.Collect$$$$00002712  mc_w.l(entry2.o)
    0x080001ec   0x080001ec   0x00000024   Code   RO            4    .text               startup_stm32g431xx.o
    0x08000210   0x08000210   0x00000062   Code   RO         4361    .text               mc_w.l(uldiv.o)
    0x08000272   0x08000272   0x00000024   Code   RO         4363    .text               mc_w.l(memcpya.o)
    0x08000296   0x08000296   0x00000024   Code   RO         4365    .text               mc_w.l(memseta.o)
    0x080002ba   0x080002ba   0x0000014e   Code   RO         4369    .text               mf_w.l(dadd.o)
    0x08000408   0x08000408   0x000000e4   Code   RO         4371    .text               mf_w.l(dmul.o)
    0x080004ec   0x080004ec   0x00000026   Code   RO         4373    .text               mf_w.l(f2d.o)
    0x08000512   0x08000512   0x00000038   Code   RO         4375    .text               mf_w.l(d2f.o)
    0x0800054a   0x0800054a   0x0000001e   Code   RO         4391    .text               mc_w.l(llshl.o)
    0x08000568   0x08000568   0x00000020   Code   RO         4393    .text               mc_w.l(llushr.o)
    0x08000588   0x08000588   0x00000024   Code   RO         4395    .text               mc_w.l(llsshr.o)
    0x080005ac   0x080005ac   0x00000000   Code   RO         4397    .text               mc_w.l(iusefp.o)
    0x080005ac   0x080005ac   0x0000006e   Code   RO         4398    .text               mf_w.l(fepilogue.o)
    0x0800061a   0x0800061a   0x000000ba   Code   RO         4400    .text               mf_w.l(depilogue.o)
    0x080006d4   0x080006d4   0x00000024   Code   RO         4402    .text               mc_w.l(init.o)
    0x080006f8   0x080006f8   0x0000004c   Code   RO           13    i.AS5600_Get_Angle  as5600.o
    0x08000744   0x08000744   0x00000040   Code   RO           14    i.AS5600_IIC_Read_OneByte  as5600.o
    0x08000784   0x08000784   0x0000002a   Code   RO           15    i.AS5600_Init       as5600.o
    0x080007ae   0x080007ae   0x00000002   PAD
    0x080007b0   0x080007b0   0x000000e4   Code   RO           16    i.AS5600_Speed_Cal_1khz  as5600.o
    0x08000894   0x08000894   0x00000002   Code   RO          588    i.BusFault_Handler  stm32g4xx_it.o
    0x08000896   0x08000896   0x00000002   PAD
    0x08000898   0x08000898   0x0000000c   Code   RO          589    i.DMA1_Channel1_IRQHandler  stm32g4xx_it.o
    0x080008a4   0x080008a4   0x0000000c   Code   RO          590    i.DMA1_Channel2_IRQHandler  stm32g4xx_it.o
    0x080008b0   0x080008b0   0x00000040   Code   RO         2042    i.DMA_CalcDMAMUXChannelBaseAndMask  stm32g4xx_hal_dma.o
    0x080008f0   0x080008f0   0x00000024   Code   RO         2043    i.DMA_CalcDMAMUXRequestGenBaseAndMask  stm32g4xx_hal_dma.o
    0x08000914   0x08000914   0x0000003e   Code   RO         2044    i.DMA_SetConfig     stm32g4xx_hal_dma.o
    0x08000952   0x08000952   0x00000002   Code   RO          591    i.DebugMon_Handler  stm32g4xx_it.o
    0x08000954   0x08000954   0x0000001e   Code   RO          592    i.EXTI15_10_IRQHandler  stm32g4xx_it.o
    0x08000972   0x08000972   0x00000002   Code   RO          341    i.Error_Handler     main.o
    0x08000974   0x08000974   0x00000508   Code   RO         1006    i.HAL_ADCEx_InjectedConfigChannel  stm32g4xx_hal_adc_ex.o
    0x08000e7c   0x08000e7c   0x000000d4   Code   RO         1017    i.HAL_ADCEx_MultiModeConfigChannel  stm32g4xx_hal_adc_ex.o
    0x08000f50   0x08000f50   0x00000414   Code   RO          769    i.HAL_ADC_ConfigChannel  stm32g4xx_hal_adc.o
    0x08001364   0x08001364   0x000001fc   Code   RO          778    i.HAL_ADC_Init      stm32g4xx_hal_adc.o
    0x08001560   0x08001560   0x00000074   Code   RO          421    i.HAL_ADC_MspInit   adc.o
    0x080015d4   0x080015d4   0x0000006a   Code   RO         2045    i.HAL_DMA_Abort     stm32g4xx_hal_dma.o
    0x0800163e   0x0800163e   0x00000078   Code   RO         2046    i.HAL_DMA_Abort_IT  stm32g4xx_hal_dma.o
    0x080016b6   0x080016b6   0x000000ba   Code   RO         2050    i.HAL_DMA_IRQHandler  stm32g4xx_hal_dma.o
    0x08001770   0x08001770   0x000000c0   Code   RO         2051    i.HAL_DMA_Init      stm32g4xx_hal_dma.o
    0x08001830   0x08001830   0x0000008c   Code   RO         2055    i.HAL_DMA_Start_IT  stm32g4xx_hal_dma.o
    0x080018bc   0x080018bc   0x00000024   Code   RO         1216    i.HAL_Delay         stm32g4xx_hal.o
    0x080018e0   0x080018e0   0x00000002   Code   RO         1905    i.HAL_GPIO_EXTI_Callback  stm32g4xx_hal_gpio.o
    0x080018e2   0x080018e2   0x00000002   PAD
    0x080018e4   0x080018e4   0x00000018   Code   RO         1906    i.HAL_GPIO_EXTI_IRQHandler  stm32g4xx_hal_gpio.o
    0x080018fc   0x080018fc   0x00000248   Code   RO         1907    i.HAL_GPIO_Init     stm32g4xx_hal_gpio.o
    0x08001b44   0x08001b44   0x0000000a   Code   RO         1909    i.HAL_GPIO_ReadPin  stm32g4xx_hal_gpio.o
    0x08001b4e   0x08001b4e   0x00000010   Code   RO         1910    i.HAL_GPIO_TogglePin  stm32g4xx_hal_gpio.o
    0x08001b5e   0x08001b5e   0x0000000a   Code   RO         1911    i.HAL_GPIO_WritePin  stm32g4xx_hal_gpio.o
    0x08001b68   0x08001b68   0x0000000c   Code   RO         1220    i.HAL_GetTick       stm32g4xx_hal.o
    0x08001b74   0x08001b74   0x00000010   Code   RO         1223    i.HAL_IncTick       stm32g4xx_hal.o
    0x08001b84   0x08001b84   0x0000001e   Code   RO         1224    i.HAL_Init          stm32g4xx_hal.o
    0x08001ba2   0x08001ba2   0x00000002   PAD
    0x08001ba4   0x08001ba4   0x00000044   Code   RO         1225    i.HAL_InitTick      stm32g4xx_hal.o
    0x08001be8   0x08001be8   0x00000030   Code   RO          700    i.HAL_MspInit       stm32g4xx_hal_msp.o
    0x08001c18   0x08001c18   0x0000001a   Code   RO         2554    i.HAL_NVIC_EnableIRQ  stm32g4xx_hal_cortex.o
    0x08001c32   0x08001c32   0x00000002   PAD
    0x08001c34   0x08001c34   0x00000040   Code   RO         2560    i.HAL_NVIC_SetPriority  stm32g4xx_hal_cortex.o
    0x08001c74   0x08001c74   0x00000024   Code   RO         2561    i.HAL_NVIC_SetPriorityGrouping  stm32g4xx_hal_cortex.o
    0x08001c98   0x08001c98   0x000000bc   Code   RO         2310    i.HAL_PWREx_ControlVoltageScaling  stm32g4xx_hal_pwr_ex.o
    0x08001d54   0x08001d54   0x00000010   Code   RO         2322    i.HAL_PWREx_DisableUCPDDeadBattery  stm32g4xx_hal_pwr_ex.o
    0x08001d64   0x08001d64   0x00000288   Code   RO         1569    i.HAL_RCCEx_PeriphCLKConfig  stm32g4xx_hal_rcc_ex.o
    0x08001fec   0x08001fec   0x000001dc   Code   RO         1444    i.HAL_RCC_ClockConfig  stm32g4xx_hal_rcc.o
    0x080021c8   0x080021c8   0x00000024   Code   RO         1452    i.HAL_RCC_GetPCLK1Freq  stm32g4xx_hal_rcc.o
    0x080021ec   0x080021ec   0x00000024   Code   RO         1453    i.HAL_RCC_GetPCLK2Freq  stm32g4xx_hal_rcc.o
    0x08002210   0x08002210   0x0000006c   Code   RO         1454    i.HAL_RCC_GetSysClockFreq  stm32g4xx_hal_rcc.o
    0x0800227c   0x0800227c   0x0000040c   Code   RO         1457    i.HAL_RCC_OscConfig  stm32g4xx_hal_rcc.o
    0x08002688   0x08002688   0x00000028   Code   RO         2565    i.HAL_SYSTICK_Config  stm32g4xx_hal_cortex.o
    0x080026b0   0x080026b0   0x00000002   Code   RO         3400    i.HAL_TIMEx_Break2Callback  stm32g4xx_hal_tim_ex.o
    0x080026b2   0x080026b2   0x00000002   Code   RO         3401    i.HAL_TIMEx_BreakCallback  stm32g4xx_hal_tim_ex.o
    0x080026b4   0x080026b4   0x00000002   Code   RO         3402    i.HAL_TIMEx_CommutCallback  stm32g4xx_hal_tim_ex.o
    0x080026b6   0x080026b6   0x00000002   PAD
    0x080026b8   0x080026b8   0x000000ac   Code   RO         3405    i.HAL_TIMEx_ConfigBreakDeadTime  stm32g4xx_hal_tim_ex.o
    0x08002764   0x08002764   0x00000002   Code   RO         3413    i.HAL_TIMEx_DirectionChangeCallback  stm32g4xx_hal_tim_ex.o
    0x08002766   0x08002766   0x0000000e   Code   RO         3423    i.HAL_TIMEx_EnableDeadTimePreload  stm32g4xx_hal_tim_ex.o
    0x08002774   0x08002774   0x00000002   Code   RO         3427    i.HAL_TIMEx_EncoderIndexCallback  stm32g4xx_hal_tim_ex.o
    0x08002776   0x08002776   0x00000002   Code   RO         3441    i.HAL_TIMEx_IndexErrorCallback  stm32g4xx_hal_tim_ex.o
    0x08002778   0x08002778   0x0000009c   Code   RO         3442    i.HAL_TIMEx_MasterConfigSynchronization  stm32g4xx_hal_tim_ex.o
    0x08002814   0x08002814   0x00000002   Code   RO         3463    i.HAL_TIMEx_TransitionErrorCallback  stm32g4xx_hal_tim_ex.o
    0x08002816   0x08002816   0x00000062   Code   RO         2686    i.HAL_TIM_Base_Init  stm32g4xx_hal_tim.o
    0x08002878   0x08002878   0x0000007c   Code   RO          487    i.HAL_TIM_Base_MspInit  tim.o
    0x080028f4   0x080028f4   0x00000078   Code   RO         2691    i.HAL_TIM_Base_Start_IT  stm32g4xx_hal_tim.o
    0x0800296c   0x0800296c   0x00000100   Code   RO         2695    i.HAL_TIM_ConfigClockSource  stm32g4xx_hal_tim.o
    0x08002a6c   0x08002a6c   0x00000002   Code   RO         2720    i.HAL_TIM_IC_CaptureCallback  stm32g4xx_hal_tim.o
    0x08002a6e   0x08002a6e   0x000001fc   Code   RO         2734    i.HAL_TIM_IRQHandler  stm32g4xx_hal_tim.o
    0x08002c6a   0x08002c6a   0x00000002   PAD
    0x08002c6c   0x08002c6c   0x000000a8   Code   RO          488    i.HAL_TIM_MspPostInit  tim.o
    0x08002d14   0x08002d14   0x00000002   Code   RO         2737    i.HAL_TIM_OC_DelayElapsedCallback  stm32g4xx_hal_tim.o
    0x08002d16   0x08002d16   0x00000124   Code   RO         2758    i.HAL_TIM_PWM_ConfigChannel  stm32g4xx_hal_tim.o
    0x08002e3a   0x08002e3a   0x00000062   Code   RO         2761    i.HAL_TIM_PWM_Init  stm32g4xx_hal_tim.o
    0x08002e9c   0x08002e9c   0x00000002   Code   RO         2763    i.HAL_TIM_PWM_MspInit  stm32g4xx_hal_tim.o
    0x08002e9e   0x08002e9e   0x00000002   Code   RO         2764    i.HAL_TIM_PWM_PulseFinishedCallback  stm32g4xx_hal_tim.o
    0x08002ea0   0x08002ea0   0x00000002   Code   RO         2772    i.HAL_TIM_PeriodElapsedCallback  stm32g4xx_hal_tim.o
    0x08002ea2   0x08002ea2   0x00000002   Code   RO         2777    i.HAL_TIM_TriggerCallback  stm32g4xx_hal_tim.o
    0x08002ea4   0x08002ea4   0x0000003e   Code   RO         4249    i.HAL_UARTEx_DisableFifoMode  stm32g4xx_hal_uart_ex.o
    0x08002ee2   0x08002ee2   0x00000002   Code   RO         3838    i.HAL_UARTEx_RxEventCallback  stm32g4xx_hal_uart.o
    0x08002ee4   0x08002ee4   0x00000002   Code   RO         4256    i.HAL_UARTEx_RxFifoFullCallback  stm32g4xx_hal_uart_ex.o
    0x08002ee6   0x08002ee6   0x0000004c   Code   RO         4257    i.HAL_UARTEx_SetRxFifoThreshold  stm32g4xx_hal_uart_ex.o
    0x08002f32   0x08002f32   0x0000004c   Code   RO         4258    i.HAL_UARTEx_SetTxFifoThreshold  stm32g4xx_hal_uart_ex.o
    0x08002f7e   0x08002f7e   0x00000002   Code   RO         4260    i.HAL_UARTEx_TxFifoEmptyCallback  stm32g4xx_hal_uart_ex.o
    0x08002f80   0x08002f80   0x00000002   Code   RO         4261    i.HAL_UARTEx_WakeupCallback  stm32g4xx_hal_uart_ex.o
    0x08002f82   0x08002f82   0x00000002   Code   RO         3854    i.HAL_UART_ErrorCallback  stm32g4xx_hal_uart.o
    0x08002f84   0x08002f84   0x000002e0   Code   RO         3857    i.HAL_UART_IRQHandler  stm32g4xx_hal_uart.o
    0x08003264   0x08003264   0x0000006a   Code   RO         3858    i.HAL_UART_Init     stm32g4xx_hal_uart.o
    0x080032ce   0x080032ce   0x00000002   PAD
    0x080032d0   0x080032d0   0x0000011c   Code   RO          547    i.HAL_UART_MspInit  usart.o
    0x080033ec   0x080033ec   0x00000054   Code   RO         3862    i.HAL_UART_Receive_DMA  stm32g4xx_hal_uart.o
    0x08003440   0x08003440   0x00000002   Code   RO         3865    i.HAL_UART_RxCpltCallback  stm32g4xx_hal_uart.o
    0x08003442   0x08003442   0x00000002   Code   RO         3866    i.HAL_UART_RxHalfCpltCallback  stm32g4xx_hal_uart.o
    0x08003444   0x08003444   0x000000a4   Code   RO         3868    i.HAL_UART_Transmit_DMA  stm32g4xx_hal_uart.o
    0x080034e8   0x080034e8   0x00000002   Code   RO         3870    i.HAL_UART_TxCpltCallback  stm32g4xx_hal_uart.o
    0x080034ea   0x080034ea   0x00000002   Code   RO         3871    i.HAL_UART_TxHalfCpltCallback  stm32g4xx_hal_uart.o
    0x080034ec   0x080034ec   0x00000002   Code   RO          593    i.HardFault_Handler  stm32g4xx_it.o
    0x080034ee   0x080034ee   0x00000042   Code   RO          182    i.IIC_Ack           iic.o
    0x08003530   0x08003530   0x0000000a   Code   RO          183    i.IIC_Delay         iic.o
    0x0800353a   0x0800353a   0x00000004   Code   RO          184    i.IIC_Init          iic.o
    0x0800353e   0x0800353e   0x00000034   Code   RO          185    i.IIC_Nack          iic.o
    0x08003572   0x08003572   0x00000056   Code   RO          186    i.IIC_Read_Byte     iic.o
    0x080035c8   0x080035c8   0x00000060   Code   RO          187    i.IIC_Send_Byte     iic.o
    0x08003628   0x08003628   0x0000003e   Code   RO          188    i.IIC_Start         iic.o
    0x08003666   0x08003666   0x00000030   Code   RO          189    i.IIC_Stop          iic.o
    0x08003696   0x08003696   0x00000056   Code   RO          190    i.IIC_Wait_ack      iic.o
    0x080036ec   0x080036ec   0x0000000c   Code   RO          792    i.LL_ADC_GetOffsetChannel  stm32g4xx_hal_adc.o
    0x080036f8   0x080036f8   0x0000000c   Code   RO         1025    i.LL_ADC_GetOffsetChannel  stm32g4xx_hal_adc_ex.o
    0x08003704   0x08003704   0x00000008   Code   RO          793    i.LL_ADC_INJ_IsConversionOngoing  stm32g4xx_hal_adc.o
    0x0800370c   0x0800370c   0x00000008   Code   RO         1026    i.LL_ADC_INJ_IsConversionOngoing  stm32g4xx_hal_adc_ex.o
    0x08003714   0x08003714   0x00000008   Code   RO          794    i.LL_ADC_REG_IsConversionOngoing  stm32g4xx_hal_adc.o
    0x0800371c   0x0800371c   0x00000008   Code   RO         1027    i.LL_ADC_REG_IsConversionOngoing  stm32g4xx_hal_adc_ex.o
    0x08003724   0x08003724   0x0000001e   Code   RO          797    i.LL_ADC_SetChannelSamplingTime  stm32g4xx_hal_adc.o
    0x08003742   0x08003742   0x0000001e   Code   RO         1028    i.LL_ADC_SetChannelSamplingTime  stm32g4xx_hal_adc_ex.o
    0x08003760   0x08003760   0x00000010   Code   RO          798    i.LL_ADC_SetOffsetState  stm32g4xx_hal_adc.o
    0x08003770   0x08003770   0x00000010   Code   RO         1029    i.LL_ADC_SetOffsetState  stm32g4xx_hal_adc_ex.o
    0x08003780   0x08003780   0x000000f4   Code   RO          422    i.MX_ADC1_Init      adc.o
    0x08003874   0x08003874   0x0000004c   Code   RO          462    i.MX_DMA_Init       dma.o
    0x080038c0   0x080038c0   0x000000e0   Code   RO          396    i.MX_GPIO_Init      gpio.o
    0x080039a0   0x080039a0   0x0000006c   Code   RO          489    i.MX_TIM15_Init     tim.o
    0x08003a0c   0x08003a0c   0x00000118   Code   RO          490    i.MX_TIM1_Init      tim.o
    0x08003b24   0x08003b24   0x00000044   Code   RO          491    i.MX_TIM6_Init      tim.o
    0x08003b68   0x08003b68   0x00000068   Code   RO          548    i.MX_USART1_UART_Init  usart.o
    0x08003bd0   0x08003bd0   0x00000002   Code   RO          594    i.MemManage_Handler  stm32g4xx_it.o
    0x08003bd2   0x08003bd2   0x00000002   Code   RO          595    i.NMI_Handler       stm32g4xx_it.o
    0x08003bd4   0x08003bd4   0x00000002   Code   RO          596    i.PendSV_Handler    stm32g4xx_it.o
    0x08003bd6   0x08003bd6   0x00000002   Code   RO          597    i.SVC_Handler       stm32g4xx_it.o
    0x08003bd8   0x08003bd8   0x00000004   Code   RO          598    i.SysTick_Handler   stm32g4xx_it.o
    0x08003bdc   0x08003bdc   0x00000056   Code   RO          342    i.SystemClock_Config  main.o
    0x08003c32   0x08003c32   0x00000002   PAD
    0x08003c34   0x08003c34   0x0000001c   Code   RO          725    i.SystemInit        system_stm32g4xx.o
    0x08003c50   0x08003c50   0x0000002c   Code   RO          599    i.TIM1_BRK_TIM15_IRQHandler  stm32g4xx_it.o
    0x08003c7c   0x08003c7c   0x0000000c   Code   RO          600    i.TIM6_DAC_IRQHandler  stm32g4xx_it.o
    0x08003c88   0x08003c88   0x000000b0   Code   RO         2779    i.TIM_Base_SetConfig  stm32g4xx_hal_tim.o
    0x08003d38   0x08003d38   0x00000014   Code   RO         2790    i.TIM_ETR_SetConfig  stm32g4xx_hal_tim.o
    0x08003d4c   0x08003d4c   0x00000014   Code   RO         2791    i.TIM_ITRx_SetConfig  stm32g4xx_hal_tim.o
    0x08003d60   0x08003d60   0x0000009c   Code   RO         2792    i.TIM_OC1_SetConfig  stm32g4xx_hal_tim.o
    0x08003dfc   0x08003dfc   0x00000090   Code   RO         2793    i.TIM_OC2_SetConfig  stm32g4xx_hal_tim.o
    0x08003e8c   0x08003e8c   0x00000090   Code   RO         2794    i.TIM_OC3_SetConfig  stm32g4xx_hal_tim.o
    0x08003f1c   0x08003f1c   0x00000090   Code   RO         2795    i.TIM_OC4_SetConfig  stm32g4xx_hal_tim.o
    0x08003fac   0x08003fac   0x00000070   Code   RO         2796    i.TIM_OC5_SetConfig  stm32g4xx_hal_tim.o
    0x0800401c   0x0800401c   0x00000070   Code   RO         2797    i.TIM_OC6_SetConfig  stm32g4xx_hal_tim.o
    0x0800408c   0x0800408c   0x00000022   Code   RO         2799    i.TIM_TI1_ConfigInputStage  stm32g4xx_hal_tim.o
    0x080040ae   0x080040ae   0x00000024   Code   RO         2801    i.TIM_TI2_ConfigInputStage  stm32g4xx_hal_tim.o
    0x080040d2   0x080040d2   0x00000002   PAD
    0x080040d4   0x080040d4   0x00000044   Code   RO         4262    i.UARTEx_SetNbDataToProcess  stm32g4xx_hal_uart_ex.o
    0x08004118   0x08004118   0x000000c8   Code   RO         3872    i.UART_AdvFeatureConfig  stm32g4xx_hal_uart.o
    0x080041e0   0x080041e0   0x00000060   Code   RO         3873    i.UART_CheckIdleState  stm32g4xx_hal_uart.o
    0x08004240   0x08004240   0x00000014   Code   RO         3874    i.UART_DMAAbortOnError  stm32g4xx_hal_uart.o
    0x08004254   0x08004254   0x00000050   Code   RO         3875    i.UART_DMAError     stm32g4xx_hal_uart.o
    0x080042a4   0x080042a4   0x00000082   Code   RO         3876    i.UART_DMAReceiveCplt  stm32g4xx_hal_uart.o
    0x08004326   0x08004326   0x0000001c   Code   RO         3878    i.UART_DMARxHalfCplt  stm32g4xx_hal_uart.o
    0x08004342   0x08004342   0x00000042   Code   RO         3880    i.UART_DMATransmitCplt  stm32g4xx_hal_uart.o
    0x08004384   0x08004384   0x0000000a   Code   RO         3882    i.UART_DMATxHalfCplt  stm32g4xx_hal_uart.o
    0x0800438e   0x0800438e   0x00000002   PAD
    0x08004390   0x08004390   0x00000054   Code   RO         3884    i.UART_EndRxTransfer  stm32g4xx_hal_uart.o
    0x080043e4   0x080043e4   0x0000002e   Code   RO         3885    i.UART_EndTxTransfer  stm32g4xx_hal_uart.o
    0x08004412   0x08004412   0x00000002   PAD
    0x08004414   0x08004414   0x00000274   Code   RO         3890    i.UART_SetConfig    stm32g4xx_hal_uart.o
    0x08004688   0x08004688   0x000000a4   Code   RO         3891    i.UART_Start_Receive_DMA  stm32g4xx_hal_uart.o
    0x0800472c   0x0800472c   0x000000c6   Code   RO         3897    i.UART_WaitOnFlagUntilTimeout  stm32g4xx_hal_uart.o
    0x080047f2   0x080047f2   0x00000002   PAD
    0x080047f4   0x080047f4   0x00000038   Code   RO          601    i.USART1_IRQHandler  stm32g4xx_it.o
    0x0800482c   0x0800482c   0x00000002   Code   RO          602    i.UsageFault_Handler  stm32g4xx_it.o
    0x0800482e   0x0800482e   0x00000002   PAD
    0x08004830   0x08004830   0x0000008c   Code   RO          253    i.Vofa_Bar_Handler  vofa.o
    0x080048bc   0x080048bc   0x0000001c   Code   RO          254    i.Vofa_Button_Handler  vofa.o
    0x080048d8   0x080048d8   0x0000003c   Code   RO          255    i.Vofa_FRAME_Handler  vofa.o
    0x08004914   0x08004914   0x0000002c   Code   RO          256    i.Vofa_Key_Handler  vofa.o
    0x08004940   0x08004940   0x0000001c   Code   RO          257    i.Vofa_Slider_Handler  vofa.o
    0x0800495c   0x0800495c   0x0000003c   Code   RO          259    i.Vofa_Transmit     vofa.o
    0x08004998   0x08004998   0x00000094   Code   RO          260    i.Vofa_UART_Receive  vofa.o
    0x08004a2c   0x08004a2c   0x00000020   Code   RO         2567    i.__NVIC_SetPriority  stm32g4xx_hal_cortex.o
    0x08004a4c   0x08004a4c   0x0000000e   Code   RO         4406    i.__scatterload_copy  mc_w.l(handlers.o)
    0x08004a5a   0x08004a5a   0x00000002   Code   RO         4407    i.__scatterload_null  mc_w.l(handlers.o)
    0x08004a5c   0x08004a5c   0x0000000e   Code   RO         4408    i.__scatterload_zeroinit  mc_w.l(handlers.o)
    0x08004a6a   0x08004a6a   0x00000042   Code   RO           17    i.angle_Calculate   as5600.o
    0x08004aac   0x08004aac   0x000000ac   Code   RO          343    i.main              main.o
    0x08004b58   0x08004b58   0x00000010   Data   RO          726    .constdata          system_stm32g4xx.o
    0x08004b68   0x08004b68   0x00000008   Data   RO          727    .constdata          system_stm32g4xx.o
    0x08004b70   0x08004b70   0x00000018   Data   RO         3898    .constdata          stm32g4xx_hal_uart.o
    0x08004b88   0x08004b88   0x00000010   Data   RO         4263    .constdata          stm32g4xx_hal_uart_ex.o
    0x08004b98   0x08004b98   0x00000020   Data   RO         4404    Region$$Table       anon$$obj.o


    Execution Region RW_IRAM1 (Exec base: 0x20000000, Load base: 0x08004bb8, Size: 0x000007a8, Max: 0x00008000, ABSOLUTE)

    Exec Addr    Load Addr    Size         Type   Attr      Idx    E Section Name        Object

    0x20000000   0x08004bb8   0x00000004   Data   RW          728    .data               system_stm32g4xx.o
    0x20000004   0x08004bbc   0x0000000c   Data   RW         1244    .data               stm32g4xx_hal.o
    0x20000010        -       0x00000018   Zero   RW           18    .bss                as5600.o
    0x20000028        -       0x000000a8   Zero   RW          261    .bss                vofa.o
    0x200000d0        -       0x00000032   Zero   RW          262    .bss                vofa.o
    0x20000102   0x08004bc8   0x00000002   PAD
    0x20000104        -       0x0000006c   Zero   RW          423    .bss                adc.o
    0x20000170        -       0x000000e4   Zero   RW          492    .bss                tim.o
    0x20000254        -       0x00000150   Zero   RW          549    .bss                usart.o
    0x200003a4   0x08004bc8   0x00000004   PAD
    0x200003a8        -       0x00000400   Zero   RW            1    STACK               startup_stm32g431xx.o


==============================================================================

Image component sizes


      Code (inc. data)   RO Data    RW Data    ZI Data      Debug   Object Name

       360         18          0          0        108       1937   adc.o
       476         56          0          0         24     681927   as5600.o
        76          4          0          0          0        814   dma.o
       224         10          0          0          0        999   gpio.o
       510          0          0          0          0       5002   iic.o
       260         26          0          0          0       2024   main.o
        36          8        472          0       1024        844   startup_stm32g431xx.o
       162         24          0         12          0       4381   stm32g4xx_hal.o
      1626         80          0          0          0      73179   stm32g4xx_hal_adc.o
      1574         60          0          0          0      72993   stm32g4xx_hal_adc_ex.o
       198         14          0          0          0      33891   stm32g4xx_hal_cortex.o
       906         30          0          0          0       6642   stm32g4xx_hal_dma.o
       646         40          0          0          0       4880   stm32g4xx_hal_gpio.o
        48          6          0          0          0        854   stm32g4xx_hal_msp.o
       204         18          0          0          0       1421   stm32g4xx_hal_pwr_ex.o
      1692         88          0          0          0       6320   stm32g4xx_hal_rcc.o
       648         10          0          0          0       1892   stm32g4xx_hal_rcc_ex.o
      2482        226          0          0          0      17922   stm32g4xx_hal_tim.o
       356         32          0          0          0       7038   stm32g4xx_hal_tim_ex.o
      2852        116         24          0          0      37754   stm32g4xx_hal_uart.o
       288          6         16          0          0       5422   stm32g4xx_hal_uart_ex.o
       186         40          0          0          0       7169   stm32g4xx_it.o
        28          6         24          4          0       1159   system_stm32g4xx.o
       748         60          0          0        228       3976   tim.o
       388         36          0          0        336       2028   usart.o
       508         32          0          0        218       5638   vofa.o

    ----------------------------------------------------------------------
     17510       1046        568         16       1944     988106   Object Totals
         0          0         32          0          0          0   (incl. Generated)
        28          0          0          0          6          0   (incl. Padding)

    ----------------------------------------------------------------------

      Code (inc. data)   RO Data    RW Data    ZI Data      Debug   Library Member Name

         0          0          0          0          0          0   entry.o
         0          0          0          0          0          0   entry10a.o
         0          0          0          0          0          0   entry11a.o
         8          4          0          0          0          0   entry2.o
         4          0          0          0          0          0   entry5.o
         0          0          0          0          0          0   entry7b.o
         0          0          0          0          0          0   entry8b.o
         8          4          0          0          0          0   entry9a.o
        30          0          0          0          0          0   handlers.o
        36          8          0          0          0         68   init.o
         0          0          0          0          0          0   iusefp.o
        30          0          0          0          0         68   llshl.o
        36          0          0          0          0         68   llsshr.o
        32          0          0          0          0         68   llushr.o
        36          0          0          0          0         68   memcpya.o
        36          0          0          0          0        108   memseta.o
        98          0          0          0          0         92   uldiv.o
        56          0          0          0          0         88   d2f.o
       334          0          0          0          0        148   dadd.o
       186          0          0          0          0        176   depilogue.o
       228          0          0          0          0         96   dmul.o
        38          0          0          0          0         68   f2d.o
       110          0          0          0          0        168   fepilogue.o

    ----------------------------------------------------------------------
      1306         16          0          0          0       1284   Library Totals
         0          0          0          0          0          0   (incl. Padding)

    ----------------------------------------------------------------------

      Code (inc. data)   RO Data    RW Data    ZI Data      Debug   Library Name

       354         16          0          0          0        540   mc_w.l
       952          0          0          0          0        744   mf_w.l

    ----------------------------------------------------------------------
      1306         16          0          0          0       1284   Library Totals

    ----------------------------------------------------------------------

==============================================================================


      Code (inc. data)   RO Data    RW Data    ZI Data      Debug   

     18816       1062        568         16       1944     973774   Grand Totals
     18816       1062        568         16       1944     973774   ELF Image Totals
     18816       1062        568         16          0          0   ROM Totals

==============================================================================

    Total RO  Size (Code + RO Data)                19384 (  18.93kB)
    Total RW  Size (RW Data + ZI Data)              1960 (   1.91kB)
    Total ROM Size (Code + RO Data + RW Data)      19400 (  18.95kB)

==============================================================================

