Component: ARM Compiler 5.06 update 1 (build 61) Tool: armlink [4d35a8]

==============================================================================

Section Cross References

    startup_stm32g431xx.o(RESET) refers to startup_stm32g431xx.o(STACK) for __initial_sp
    startup_stm32g431xx.o(RESET) refers to startup_stm32g431xx.o(.text) for Reset_Handler
    startup_stm32g431xx.o(RESET) refers to stm32g4xx_it.o(i.NMI_Handler) for NMI_Handler
    startup_stm32g431xx.o(RESET) refers to stm32g4xx_it.o(i.HardFault_Handler) for HardFault_Handler
    startup_stm32g431xx.o(RESET) refers to stm32g4xx_it.o(i.MemManage_Handler) for MemManage_Handler
    startup_stm32g431xx.o(RESET) refers to stm32g4xx_it.o(i.BusFault_Handler) for BusFault_Handler
    startup_stm32g431xx.o(RESET) refers to stm32g4xx_it.o(i.UsageFault_Handler) for UsageFault_Handler
    startup_stm32g431xx.o(RESET) refers to stm32g4xx_it.o(i.SVC_Handler) for SVC_Handler
    startup_stm32g431xx.o(RESET) refers to stm32g4xx_it.o(i.DebugMon_Handler) for DebugMon_Handler
    startup_stm32g431xx.o(RESET) refers to stm32g4xx_it.o(i.PendSV_Handler) for PendSV_Handler
    startup_stm32g431xx.o(RESET) refers to stm32g4xx_it.o(i.SysTick_Handler) for SysTick_Handler
    startup_stm32g431xx.o(RESET) refers to stm32g4xx_it.o(i.DMA1_Channel1_IRQHandler) for DMA1_Channel1_IRQHandler
    startup_stm32g431xx.o(RESET) refers to stm32g4xx_it.o(i.DMA1_Channel2_IRQHandler) for DMA1_Channel2_IRQHandler
    startup_stm32g431xx.o(RESET) refers to stm32g4xx_it.o(i.ADC1_2_IRQHandler) for ADC1_2_IRQHandler
    startup_stm32g431xx.o(RESET) refers to stm32g4xx_it.o(i.TIM1_BRK_TIM15_IRQHandler) for TIM1_BRK_TIM15_IRQHandler
    startup_stm32g431xx.o(RESET) refers to stm32g4xx_it.o(i.USART1_IRQHandler) for USART1_IRQHandler
    startup_stm32g431xx.o(RESET) refers to stm32g4xx_it.o(i.EXTI15_10_IRQHandler) for EXTI15_10_IRQHandler
    startup_stm32g431xx.o(RESET) refers to stm32g4xx_it.o(i.TIM6_DAC_IRQHandler) for TIM6_DAC_IRQHandler
    startup_stm32g431xx.o(.text) refers to system_stm32g4xx.o(i.SystemInit) for SystemInit
    startup_stm32g431xx.o(.text) refers to entry.o(.ARM.Collect$$$$00000000) for __main
    as5600.o(i.AS5600_Get_Angle) refers to as5600.o(i.AS5600_IIC_Read_OneByte) for AS5600_IIC_Read_OneByte
    as5600.o(i.AS5600_Get_Angle) refers to as5600.o(i.angle_Calculate) for angle_Calculate
    as5600.o(i.AS5600_IIC_Read_OneByte) refers to iic.o(i.IIC_Start) for IIC_Start
    as5600.o(i.AS5600_IIC_Read_OneByte) refers to iic.o(i.IIC_Send_Byte) for IIC_Send_Byte
    as5600.o(i.AS5600_IIC_Read_OneByte) refers to iic.o(i.IIC_Wait_ack) for IIC_Wait_ack
    as5600.o(i.AS5600_IIC_Read_OneByte) refers to iic.o(i.IIC_Read_Byte) for IIC_Read_Byte
    as5600.o(i.AS5600_IIC_Read_OneByte) refers to iic.o(i.IIC_Stop) for IIC_Stop
    as5600.o(i.AS5600_Init) refers to iic.o(i.IIC_Init) for IIC_Init
    as5600.o(i.AS5600_Init) refers to as5600.o(i.AS5600_IIC_Read_OneByte) for AS5600_IIC_Read_OneByte
    as5600.o(i.AS5600_Init) refers to as5600.o(i.angle_Calculate) for angle_Calculate
    iic.o(i.IIC_Ack) refers to stm32g4xx_hal_gpio.o(i.HAL_GPIO_WritePin) for HAL_GPIO_WritePin
    iic.o(i.IIC_Ack) refers to iic.o(i.IIC_Delay) for IIC_Delay
    iic.o(i.IIC_Init) refers to iic.o(i.IIC_Stop) for IIC_Stop
    iic.o(i.IIC_Nack) refers to stm32g4xx_hal_gpio.o(i.HAL_GPIO_WritePin) for HAL_GPIO_WritePin
    iic.o(i.IIC_Nack) refers to iic.o(i.IIC_Delay) for IIC_Delay
    iic.o(i.IIC_Read_Byte) refers to stm32g4xx_hal_gpio.o(i.HAL_GPIO_WritePin) for HAL_GPIO_WritePin
    iic.o(i.IIC_Read_Byte) refers to iic.o(i.IIC_Delay) for IIC_Delay
    iic.o(i.IIC_Read_Byte) refers to stm32g4xx_hal_gpio.o(i.HAL_GPIO_ReadPin) for HAL_GPIO_ReadPin
    iic.o(i.IIC_Read_Byte) refers to iic.o(i.IIC_Ack) for IIC_Ack
    iic.o(i.IIC_Read_Byte) refers to iic.o(i.IIC_Nack) for IIC_Nack
    iic.o(i.IIC_Send_Byte) refers to stm32g4xx_hal_gpio.o(i.HAL_GPIO_WritePin) for HAL_GPIO_WritePin
    iic.o(i.IIC_Send_Byte) refers to iic.o(i.IIC_Delay) for IIC_Delay
    iic.o(i.IIC_Start) refers to stm32g4xx_hal_gpio.o(i.HAL_GPIO_WritePin) for HAL_GPIO_WritePin
    iic.o(i.IIC_Start) refers to iic.o(i.IIC_Delay) for IIC_Delay
    iic.o(i.IIC_Stop) refers to stm32g4xx_hal_gpio.o(i.HAL_GPIO_WritePin) for HAL_GPIO_WritePin
    iic.o(i.IIC_Stop) refers to iic.o(i.IIC_Delay) for IIC_Delay
    iic.o(i.IIC_Wait_ack) refers to stm32g4xx_hal_gpio.o(i.HAL_GPIO_WritePin) for HAL_GPIO_WritePin
    iic.o(i.IIC_Wait_ack) refers to iic.o(i.IIC_Delay) for IIC_Delay
    iic.o(i.IIC_Wait_ack) refers to iic.o(i.IIC_Stop) for IIC_Stop
    iic.o(i.IIC_Wait_ack) refers to stm32g4xx_hal_gpio.o(i.HAL_GPIO_ReadPin) for HAL_GPIO_ReadPin
    vofa.o(i.Vofa_Bar_Handler) refers to vofa.o(.bss) for .bss
    vofa.o(i.Vofa_Button_Handler) refers to vofa.o(.bss) for .bss
    vofa.o(i.Vofa_FRAME_Handler) refers to vofa.o(i.Vofa_Bar_Handler) for Vofa_Bar_Handler
    vofa.o(i.Vofa_FRAME_Handler) refers to vofa.o(i.Vofa_Slider_Handler) for Vofa_Slider_Handler
[...]
    .text                                    0x08000210   Section        0  uldiv.o(.text)
    .text                                    0x08000272   Section        0  memcpya.o(.text)
    .text                                    0x08000296   Section        0  memseta.o(.text)
    .text                                    0x080002ba   Section        0  dadd.o(.text)
    .text                                    0x08000408   Section        0  dmul.o(.text)
    .text                                    0x080004ec   Section        0  f2d.o(.text)
    .text                                    0x08000512   Section        0  d2f.o(.text)
    .text                                    0x0800054a   Section        0  llshl.o(.text)
    .text                                    0x08000568   Section        0  llushr.o(.text)
    .text                                    0x08000588   Section        0  llsshr.o(.text)
    .text                                    0x080005ac   Section        0  iusefp.o(.text)
    .text                                    0x080005ac   Section        0  fepilogue.o(.text)
    .text                                    0x0800061a   Section        0  depilogue.o(.text)
    .text                                    0x080006d4   Section        0  dcmp4.o(.text)
    .text                                    0x08000734   Section       36  init.o(.text)
    [Anonymous Symbol]                       0x08000758   Section        0  arm_cos_f32.o(.text.arm_cos_f32)
    [Anonymous Symbol]                       0x080007f8   Section        0  arm_sin_f32.o(.text.arm_sin_f32)
    i.ADC1_2_IRQHandler                      0x08000890   Section        0  stm32g4xx_it.o(i.ADC1_2_IRQHandler)
    i.ADC_Enable                             0x0800089c   Section        0  stm32g4xx_hal_adc.o(i.ADC_Enable)
    i.AS5600_Get_Angle                       0x08000910   Section        0  as5600.o(i.AS5600_Get_Angle)
    i.AS5600_IIC_Read_OneByte                0x08000980   Section        0  as5600.o(i.AS5600_IIC_Read_OneByte)
    i.AS5600_Init                            0x080009c0   Section        0  as5600.o(i.AS5600_Init)
    i.AS5600_Speed_Cal_1khz                  0x08000a28   Section        0  as5600.o(i.AS5600_Speed_Cal_1khz)
    i.BusFault_Handler                       0x08000aa8   Section        0  stm32g4xx_it.o(i.BusFault_Handler)
    i.DMA1_Channel1_IRQHandler               0x08000aac   Section        0  stm32g4xx_it.o(i.DMA1_Channel1_IRQHandler)
    i.DMA1_Channel2_IRQHandler               0x08000ab8   Section        0  stm32g4xx_it.o(i.DMA1_Channel2_IRQHandler)
    i.DMA_CalcDMAMUXChannelBaseAndMask       0x08000ac4   Section        0  stm32g4xx_hal_dma.o(i.DMA_CalcDMAMUXChannelBaseAndMask)
    DMA_CalcDMAMUXChannelBaseAndMask         0x08000ac5   Thumb Code    54  stm32g4xx_hal_dma.o(i.DMA_CalcDMAMUXChannelBaseAndMask)
    i.DMA_CalcDMAMUXRequestGenBaseAndMask    0x08000b04   Section        0  stm32g4xx_hal_dma.o(i.DMA_CalcDMAMUXRequestGenBaseAndMask)
    DMA_CalcDMAMUXRequestGenBaseAndMask      0x08000b05   Thumb Code    30  stm32g4xx_hal_dma.o(i.DMA_CalcDMAMUXRequestGenBaseAndMask)
    i.DMA_SetConfig                          0x08000b28   Section        0  stm32g4xx_hal_dma.o(i.DMA_SetConfig)
    DMA_SetConfig                            0x08000b29   Thumb Code    62  stm32g4xx_hal_dma.o(i.DMA_SetConfig)
    i.DebugMon_Handler                       0x08000b66   Section        0  stm32g4xx_it.o(i.DebugMon_Handler)
    i.EXTI15_10_IRQHandler                   0x08000b68   Section        0  stm32g4xx_it.o(i.EXTI15_10_IRQHandler)
    i.Error_Handler                          0x08000b86   Section        0  main.o(i.Error_Handler)
    i.FOC_AntiPark                           0x08000b88   Section        0  foc.o(i.FOC_AntiPark)
    i.FOC_Init                               0x08000bd0   Section        0  foc.o(i.FOC_Init)
    i.FOC_SVPWM                              0x08000be0   Section        0  foc.o(i.FOC_SVPWM)
    i.HAL_ADCEx_EndOfSamplingCallback        0x08000d4c   Section        0  stm32g4xx_hal_adc_ex.o(i.HAL_ADCEx_EndOfSamplingCallback)
    i.HAL_ADCEx_InjectedConfigChannel        0x08000d50   Section        0  stm32g4xx_hal_adc_ex.o(i.HAL_ADCEx_InjectedConfigChannel)
    i.HAL_ADCEx_InjectedConvCpltCallback     0x08001258   Section        0  stm32g4xx_it.o(i.HAL_ADCEx_InjectedConvCpltCallback)
    i.HAL_ADCEx_InjectedQueueOverflowCallback 0x08001294   Section        0  stm32g4xx_hal_adc_ex.o(i.HAL_ADCEx_InjectedQueueOverflowCallback)
    i.HAL_ADCEx_InjectedStart_IT             0x08001298   Section        0  stm32g4xx_hal_adc_ex.o(i.HAL_ADCEx_InjectedStart_IT)
    i.HAL_ADCEx_LevelOutOfWindow2Callback    0x080013c0   Section        0  stm32g4xx_hal_adc_ex.o(i.HAL_ADCEx_LevelOutOfWindow2Callback)
    i.HAL_ADCEx_LevelOutOfWindow3Callback    0x080013c2   Section        0  stm32g4xx_hal_adc_ex.o(i.HAL_ADCEx_LevelOutOfWindow3Callback)
    i.HAL_ADCEx_MultiModeConfigChannel       0x080013c4   Section        0  stm32g4xx_hal_adc_ex.o(i.HAL_ADCEx_MultiModeConfigChannel)
    i.HAL_ADC_ConfigChannel                  0x08001498   Section        0  stm32g4xx_hal_adc.o(i.HAL_ADC_ConfigChannel)
    i.HAL_ADC_ConvCpltCallback               0x080018ac   Section        0  stm32g4xx_hal_adc.o(i.HAL_ADC_ConvCpltCallback)
    i.HAL_ADC_ErrorCallback                  0x080018ae   Section        0  stm32g4xx_hal_adc.o(i.HAL_ADC_ErrorCallback)
    i.HAL_ADC_IRQHandler                     0x080018b0   Section        0  stm32g4xx_hal_adc.o(i.HAL_ADC_IRQHandler)
    i.HAL_ADC_Init                           0x08001b1c   Section        0  stm32g4xx_hal_adc.o(i.HAL_ADC_Init)
    i.HAL_ADC_LevelOutOfWindowCallback       0x08001d18   Section        0  stm32g4xx_hal_adc.o(i.HAL_ADC_LevelOutOfWindowCallback)
    i.HAL_ADC_MspInit                        0x08001d1c   Section        0  adc.o(i.HAL_ADC_MspInit)
    i.HAL_DMA_Abort                          0x08001da0   Section        0  stm32g4xx_hal_dma.o(i.HAL_DMA_Abort)
    i.HAL_DMA_Abort_IT                       0x08001e0a   Section        0  stm32g4xx_hal_dma.o(i.HAL_DMA_Abort_IT)
    i.HAL_DMA_IRQHandler                     0x08001e82   Section        0  stm32g4xx_hal_dma.o(i.HAL_DMA_IRQHandler)
    i.HAL_DMA_Init                           0x08001f3c   Section        0  stm32g4xx_hal_dma.o(i.HAL_DMA_Init)
    i.HAL_DMA_Start_IT                       0x08001ffc   Section        0  stm32g4xx_hal_dma.o(i.HAL_DMA_Start_IT)
    i.HAL_Delay                              0x08002088   Section        0  stm32g4xx_hal.o(i.HAL_Delay)
    i.HAL_GPIO_EXTI_Callback                 0x080020ac   Section        0  stm32g4xx_it.o(i.HAL_GPIO_EXTI_Callback)
    i.HAL_GPIO_EXTI_IRQHandler               0x080020b0   Section        0  stm32g4xx_hal_gpio.o(i.HAL_GPIO_EXTI_IRQHandler)
    i.HAL_GPIO_Init                          0x080020c8   Section        0  stm32g4xx_hal_gpio.o(i.HAL_GPIO_Init)
    i.HAL_GPIO_ReadPin                       0x08002310   Section        0  stm32g4xx_hal_gpio.o(i.HAL_GPIO_ReadPin)
    i.HAL_GPIO_TogglePin                     0x0800231a   Section        0  stm32g4xx_hal_gpio.o(i.HAL_GPIO_TogglePin)
    i.HAL_GPIO_WritePin                      0x0800232a   Section        0  stm32g4xx_hal_gpio.o(i.HAL_GPIO_WritePin)
    i.HAL_GetTick                            0x08002334   Section        0  stm32g4xx_hal.o(i.HAL_GetTick)
    i.HAL_IncTick                            0x08002340   Section        0  stm32g4xx_hal.o(i.HAL_IncTick)
    i.HAL_Init                               0x08002350   Section        0  stm32g4xx_hal.o(i.HAL_Init)
    i.HAL_InitTick                           0x08002370   Section        0  stm32g4xx_hal.o(i.HAL_InitTick)
    i.HAL_MspInit                            0x080023b4   Section        0  stm32g4xx_hal_msp.o(i.HAL_MspInit)
    i.HAL_NVIC_DisableIRQ                    0x080023ec   Section        0  stm32g4xx_hal_cortex.o(i.HAL_NVIC_DisableIRQ)
    i.HAL_NVIC_EnableIRQ                     0x0800240e   Section        0  stm32g4xx_hal_cortex.o(i.HAL_NVIC_EnableIRQ)
    i.HAL_NVIC_SetPriority                   0x08002428   Section        0  stm32g4xx_hal_cortex.o(i.HAL_NVIC_SetPriority)
    i.HAL_NVIC_SetPriorityGrouping           0x08002468   Section        0  stm32g4xx_hal_cortex.o(i.HAL_NVIC_SetPriorityGrouping)
    i.HAL_PWREx_ControlVoltageScaling        0x0800248c   Section        0  stm32g4xx_hal_pwr_ex.o(i.HAL_PWREx_ControlVoltageScaling)
    i.HAL_PWREx_DisableUCPDDeadBattery       0x08002548   Section        0  stm32g4xx_hal_pwr_ex.o(i.HAL_PWREx_DisableUCPDDeadBattery)
    i.HAL_RCCEx_PeriphCLKConfig              0x08002558   Section        0  stm32g4xx_hal_rcc_ex.o(i.HAL_RCCEx_PeriphCLKConfig)
    i.HAL_RCC_ClockConfig                    0x080027e0   Section        0  stm32g4xx_hal_rcc.o(i.HAL_RCC_ClockConfig)
    i.HAL_RCC_GetPCLK1Freq                   0x080029bc   Section        0  stm32g4xx_hal_rcc.o(i.HAL_RCC_GetPCLK1Freq)
    i.HAL_RCC_GetPCLK2Freq                   0x080029e0   Section        0  stm32g4xx_hal_rcc.o(i.HAL_RCC_GetPCLK2Freq)
    i.HAL_RCC_GetSysClockFreq                0x08002a04   Section        0  stm32g4xx_hal_rcc.o(i.HAL_RCC_GetSysClockFreq)
    i.HAL_RCC_OscConfig                      0x08002a70   Section        0  stm32g4xx_hal_rcc.o(i.HAL_RCC_OscConfig)
    i.HAL_SYSTICK_Config                     0x08002e7c   Section        0  stm32g4xx_hal_cortex.o(i.HAL_SYSTICK_Config)
    i.HAL_TIMEx_Break2Callback               0x08002ea4   Section        0  stm32g4xx_hal_tim_ex.o(i.HAL_TIMEx_Break2Callback)
    i.HAL_TIMEx_BreakCallback                0x08002ea6   Section        0  stm32g4xx_hal_tim_ex.o(i.HAL_TIMEx_BreakCallback)
    i.HAL_TIMEx_CommutCallback               0x08002ea8   Section        0  stm32g4xx_hal_tim_ex.o(i.HAL_TIMEx_CommutCallback)
    i.HAL_TIMEx_ConfigBreakDeadTime          0x08002eac   Section        0  stm32g4xx_hal_tim_ex.o(i.HAL_TIMEx_ConfigBreakDeadTime)
    i.HAL_TIMEx_DirectionChangeCallback      0x08002f58   Section        0  stm32g4xx_hal_tim_ex.o(i.HAL_TIMEx_DirectionChangeCallback)
    i.HAL_TIMEx_EnableDeadTimePreload        0x08002f5a   Section        0  stm32g4xx_hal_tim_ex.o(i.HAL_TIMEx_EnableDeadTimePreload)
    i.HAL_TIMEx_EncoderIndexCallback         0x08002f68   Section        0  stm32g4xx_hal_tim_ex.o(i.HAL_TIMEx_EncoderIndexCallback)
    i.HAL_TIMEx_IndexErrorCallback           0x08002f6a   Section        0  stm32g4xx_hal_tim_ex.o(i.HAL_TIMEx_IndexErrorCallback)
    i.HAL_TIMEx_MasterConfigSynchronization  0x08002f6c   Section        0  stm32g4xx_hal_tim_ex.o(i.HAL_TIMEx_MasterConfigSynchronization)
    i.HAL_TIMEx_PWMN_Start                   0x08003008   Section        0  stm32g4xx_hal_tim_ex.o(i.HAL_TIMEx_PWMN_Start)
    i.HAL_TIMEx_TransitionErrorCallback      0x080030c0   Section        0  stm32g4xx_hal_tim_ex.o(i.HAL_TIMEx_TransitionErrorCallback)
    i.HAL_TIM_Base_Init                      0x080030c2   Section        0  stm32g4xx_hal_tim.o(i.HAL_TIM_Base_Init)
    i.HAL_TIM_Base_MspDeInit                 0x08003124   Section        0  tim.o(i.HAL_TIM_Base_MspDeInit)
    i.HAL_TIM_Base_MspInit                   0x0800316c   Section        0  tim.o(i.HAL_TIM_Base_MspInit)
    i.HAL_TIM_Base_Start                     0x080031e8   Section        0  stm32g4xx_hal_tim.o(i.HAL_TIM_Base_Start)
    i.HAL_TIM_Base_Start_IT                  0x08003254   Section        0  stm32g4xx_hal_tim.o(i.HAL_TIM_Base_Start_IT)
    i.HAL_TIM_ConfigClockSource              0x080032cc   Section        0  stm32g4xx_hal_tim.o(i.HAL_TIM_ConfigClockSource)
    i.HAL_TIM_IC_CaptureCallback             0x080033cc   Section        0  stm32g4xx_hal_tim.o(i.HAL_TIM_IC_CaptureCallback)
    i.HAL_TIM_IRQHandler                     0x080033ce   Section        0  stm32g4xx_hal_tim.o(i.HAL_TIM_IRQHandler)
    i.HAL_TIM_MspPostInit                    0x080035cc   Section        0  tim.o(i.HAL_TIM_MspPostInit)
    i.HAL_TIM_OC_DelayElapsedCallback        0x08003674   Section        0  stm32g4xx_hal_tim.o(i.HAL_TIM_OC_DelayElapsedCallback)
    i.HAL_TIM_PWM_ConfigChannel              0x08003676   Section        0  stm32g4xx_hal_tim.o(i.HAL_TIM_PWM_ConfigChannel)
    i.HAL_TIM_PWM_Init                       0x0800379a   Section        0  stm32g4xx_hal_tim.o(i.HAL_TIM_PWM_Init)
    i.HAL_TIM_PWM_MspInit                    0x080037fc   Section        0  stm32g4xx_hal_tim.o(i.HAL_TIM_PWM_MspInit)
    i.HAL_TIM_PWM_PulseFinishedCallback      0x080037fe   Section        0  stm32g4xx_hal_tim.o(i.HAL_TIM_PWM_PulseFinishedCallback)
    i.HAL_TIM_PWM_Start                      0x08003800   Section        0  stm32g4xx_hal_tim.o(i.HAL_TIM_PWM_Start)
    i.HAL_TIM_PeriodElapsedCallback          0x080038fc   Section        0  stm32g4xx_hal_tim.o(i.HAL_TIM_PeriodElapsedCallback)
    i.HAL_TIM_TriggerCallback                0x080038fe   Section        0  stm32g4xx_hal_tim.o(i.HAL_TIM_TriggerCallback)
    i.HAL_UARTEx_DisableFifoMode             0x08003900   Section        0  stm32g4xx_hal_uart_ex.o(i.HAL_UARTEx_DisableFifoMode)
    i.HAL_UARTEx_RxEventCallback             0x0800393e   Section        0  stm32g4xx_hal_uart.o(i.HAL_UARTEx_RxEventCallback)
    i.HAL_UARTEx_RxFifoFullCallback          0x08003940   Section        0  stm32g4xx_hal_uart_ex.o(i.HAL_UARTEx_RxFifoFullCallback)
    i.HAL_UARTEx_SetRxFifoThreshold          0x08003942   Section        0  stm32g4xx_hal_uart_ex.o(i.HAL_UARTEx_SetRxFifoThreshold)
    i.HAL_UARTEx_SetTxFifoThreshold          0x0800398e   Section        0  stm32g4xx_hal_uart_ex.o(i.HAL_UARTEx_SetTxFifoThreshold)
    i.HAL_UARTEx_TxFifoEmptyCallback         0x080039da   Section        0  stm32g4xx_hal_uart_ex.o(i.HAL_UARTEx_TxFifoEmptyCallback)
    i.HAL_UARTEx_WakeupCallback              0x080039dc   Section        0  stm32g4xx_hal_uart_ex.o(i.HAL_UARTEx_WakeupCallback)
    i.HAL_UART_ErrorCallback                 0x080039de   Section        0  stm32g4xx_hal_uart.o(i.HAL_UART_ErrorCallback)
    i.HAL_UART_IRQHandler                    0x080039e0   Section        0  stm32g4xx_hal_uart.o(i.HAL_UART_IRQHandler)
    i.HAL_UART_Init                          0x08003cc0   Section        0  stm32g4xx_hal_uart.o(i.HAL_UART_Init)
    i.HAL_UART_MspInit                       0x08003d2c   Section        0  usart.o(i.HAL_UART_MspInit)
    i.HAL_UART_Receive_DMA                   0x08003e48   Section        0  stm32g4xx_hal_uart.o(i.HAL_UART_Receive_DMA)
    i.HAL_UART_RxCpltCallback                0x08003e9c   Section        0  stm32g4xx_hal_uart.o(i.HAL_UART_RxCpltCallback)
    i.HAL_UART_RxHalfCpltCallback            0x08003e9e   Section        0  stm32g4xx_hal_uart.o(i.HAL_UART_RxHalfCpltCallback)
    i.HAL_UART_Transmit                      0x08003ea0   Section        0  stm32g4xx_hal_uart.o(i.HAL_UART_Transmit)
    i.HAL_UART_TxCpltCallback                0x08003f5c   Section        0  stm32g4xx_hal_uart.o(i.HAL_UART_TxCpltCallback)
    i.HardFault_Handler                      0x08003f5e   Section        0  stm32g4xx_it.o(i.HardFault_Handler)
    i.IIC_Ack                                0x08003f60   Section        0  iic.o(i.IIC_Ack)
    i.IIC_Delay                              0x08003fa2   Section        0  iic.o(i.IIC_Delay)
    IIC_Delay                                0x08003fa3   Thumb Code    10  iic.o(i.IIC_Delay)
    i.IIC_Init                               0x08003fac   Section        0  iic.o(i.IIC_Init)
    i.IIC_Nack                               0x08003fb0   Section        0  iic.o(i.IIC_Nack)
    i.IIC_Read_Byte                          0x08003fe4   Section        0  iic.o(i.IIC_Read_Byte)
    i.IIC_Send_Byte                          0x0800403a   Section        0  iic.o(i.IIC_Send_Byte)
    i.IIC_Start                              0x0800409a   Section        0  iic.o(i.IIC_Start)
    i.IIC_Stop                               0x080040d8   Section        0  iic.o(i.IIC_Stop)
    i.IIC_Wait_ack                           0x08004108   Section        0  iic.o(i.IIC_Wait_ack)
    i.LL_ADC_GetOffsetChannel                0x0800415e   Section        0  stm32g4xx_hal_adc.o(i.LL_ADC_GetOffsetChannel)
    LL_ADC_GetOffsetChannel                  0x0800415f   Thumb Code    12  stm32g4xx_hal_adc.o(i.LL_ADC_GetOffsetChannel)
    i.LL_ADC_GetOffsetChannel                0x0800416a   Section        0  stm32g4xx_hal_adc_ex.o(i.LL_ADC_GetOffsetChannel)
    LL_ADC_GetOffsetChannel                  0x0800416b   Thumb Code    12  stm32g4xx_hal_adc_ex.o(i.LL_ADC_GetOffsetChannel)
    i.LL_ADC_INJ_IsConversionOngoing         0x08004176   Section        0  stm32g4xx_hal_adc.o(i.LL_ADC_INJ_IsConversionOngoing)
    LL_ADC_INJ_IsConversionOngoing           0x08004177   Thumb Code     8  stm32g4xx_hal_adc.o(i.LL_ADC_INJ_IsConversionOngoing)
    i.LL_ADC_INJ_IsConversionOngoing         0x0800417e   Section        0  stm32g4xx_hal_adc_ex.o(i.LL_ADC_INJ_IsConversionOngoing)
    LL_ADC_INJ_IsConversionOngoing           0x0800417f   Thumb Code     8  stm32g4xx_hal_adc_ex.o(i.LL_ADC_INJ_IsConversionOngoing)
    i.LL_ADC_REG_IsConversionOngoing         0x08004186   Section        0  stm32g4xx_hal_adc.o(i.LL_ADC_REG_IsConversionOngoing)
    LL_ADC_REG_IsConversionOngoing           0x08004187   Thumb Code     8  stm32g4xx_hal_adc.o(i.LL_ADC_REG_IsConversionOngoing)
    i.LL_ADC_REG_IsConversionOngoing         0x0800418e   Section        0  stm32g4xx_hal_adc_ex.o(i.LL_ADC_REG_IsConversionOngoing)
    LL_ADC_REG_IsConversionOngoing           0x0800418f   Thumb Code     8  stm32g4xx_hal_adc_ex.o(i.LL_ADC_REG_IsConversionOngoing)
    i.LL_ADC_REG_IsTriggerSourceSWStart      0x08004196   Section        0  stm32g4xx_hal_adc.o(i.LL_ADC_REG_IsTriggerSourceSWStart)
    LL_ADC_REG_IsTriggerSourceSWStart        0x08004197   Thumb Code    16  stm32g4xx_hal_adc.o(i.LL_ADC_REG_IsTriggerSourceSWStart)
    i.LL_ADC_SetChannelSamplingTime          0x080041a6   Section        0  stm32g4xx_hal_adc.o(i.LL_ADC_SetChannelSamplingTime)
    LL_ADC_SetChannelSamplingTime            0x080041a7   Thumb Code    30  stm32g4xx_hal_adc.o(i.LL_ADC_SetChannelSamplingTime)
    i.LL_ADC_SetChannelSamplingTime          0x080041c4   Section        0  stm32g4xx_hal_adc_ex.o(i.LL_ADC_SetChannelSamplingTime)
    LL_ADC_SetChannelSamplingTime            0x080041c5   Thumb Code    30  stm32g4xx_hal_adc_ex.o(i.LL_ADC_SetChannelSamplingTime)
    i.LL_ADC_SetOffsetState                  0x080041e2   Section        0  stm32g4xx_hal_adc.o(i.LL_ADC_SetOffsetState)
    LL_ADC_SetOffsetState                    0x080041e3   Thumb Code    16  stm32g4xx_hal_adc.o(i.LL_ADC_SetOffsetState)
    i.LL_ADC_SetOffsetState                  0x080041f2   Section        0  stm32g4xx_hal_adc_ex.o(i.LL_ADC_SetOffsetState)
    LL_ADC_SetOffsetState                    0x080041f3   Thumb Code    16  stm32g4xx_hal_adc_ex.o(i.LL_ADC_SetOffsetState)
    i.MX_ADC1_Init                           0x08004204   Section        0  adc.o(i.MX_ADC1_Init)
    i.MX_DMA_Init                            0x080042f8   Section        0  dma.o(i.MX_DMA_Init)
    i.MX_GPIO_Init                           0x08004344   Section        0  gpio.o(i.MX_GPIO_Init)
    i.MX_TIM15_Init                          0x08004424   Section        0  tim.o(i.MX_TIM15_Init)
    i.MX_TIM1_Init                           0x08004490   Section        0  tim.o(i.MX_TIM1_Init)
    i.MX_TIM6_Init                           0x080045ac   Section        0  tim.o(i.MX_TIM6_Init)
    i.MX_USART1_UART_Init                    0x080045f0   Section        0  usart.o(i.MX_USART1_UART_Init)
    i.MemManage_Handler                      0x08004658   Section        0  stm32g4xx_it.o(i.MemManage_Handler)
    i.NMI_Handler                            0x0800465a   Section        0  stm32g4xx_it.o(i.NMI_Handler)
    i.PendSV_Handler                         0x0800465c   Section        0  stm32g4xx_it.o(i.PendSV_Handler)
    i.SVC_Handler                            0x0800465e   Section        0  stm32g4xx_it.o(i.SVC_Handler)
    i.SysTick_Handler                        0x08004660   Section        0  stm32g4xx_it.o(i.SysTick_Handler)
    i.SystemClock_Config                     0x08004664   Section        0  main.o(i.SystemClock_Config)
    i.SystemInit                             0x080046bc   Section        0  system_stm32g4xx.o(i.SystemInit)
    i.TIM1_BRK_TIM15_IRQHandler              0x080046d8   Section        0  stm32g4xx_it.o(i.TIM1_BRK_TIM15_IRQHandler)
    i.TIM6_DAC_IRQHandler                    0x08004704   Section        0  stm32g4xx_it.o(i.TIM6_DAC_IRQHandler)
    i.TIM_Base_SetConfig                     0x08004710   Section        0  stm32g4xx_hal_tim.o(i.TIM_Base_SetConfig)
    i.TIM_CCxChannelCmd                      0x080047c0   Section        0  stm32g4xx_hal_tim.o(i.TIM_CCxChannelCmd)
    i.TIM_CCxNChannelCmd                     0x080047da   Section        0  stm32g4xx_hal_tim_ex.o(i.TIM_CCxNChannelCmd)
    TIM_CCxNChannelCmd                       0x080047db   Thumb Code    26  stm32g4xx_hal_tim_ex.o(i.TIM_CCxNChannelCmd)
    i.TIM_ETR_SetConfig                      0x080047f4   Section        0  stm32g4xx_hal_tim.o(i.TIM_ETR_SetConfig)
    i.TIM_ITRx_SetConfig                     0x08004808   Section        0  stm32g4xx_hal_tim.o(i.TIM_ITRx_SetConfig)
    TIM_ITRx_SetConfig                       0x08004809   Thumb Code    16  stm32g4xx_hal_tim.o(i.TIM_ITRx_SetConfig)
    i.TIM_OC1_SetConfig                      0x0800481c   Section        0  stm32g4xx_hal_tim.o(i.TIM_OC1_SetConfig)
    TIM_OC1_SetConfig                        0x0800481d   Thumb Code   132  stm32g4xx_hal_tim.o(i.TIM_OC1_SetConfig)
    i.TIM_OC2_SetConfig                      0x080048b8   Section        0  stm32g4xx_hal_tim.o(i.TIM_OC2_SetConfig)
    i.TIM_OC3_SetConfig                      0x08004948   Section        0  stm32g4xx_hal_tim.o(i.TIM_OC3_SetConfig)
    TIM_OC3_SetConfig                        0x08004949   Thumb Code   118  stm32g4xx_hal_tim.o(i.TIM_OC3_SetConfig)
    i.TIM_OC4_SetConfig                      0x080049d8   Section        0  stm32g4xx_hal_tim.o(i.TIM_OC4_SetConfig)
    TIM_OC4_SetConfig                        0x080049d9   Thumb Code   120  stm32g4xx_hal_tim.o(i.TIM_OC4_SetConfig)
    i.TIM_OC5_SetConfig                      0x08004a68   Section        0  stm32g4xx_hal_tim.o(i.TIM_OC5_SetConfig)
    TIM_OC5_SetConfig                        0x08004a69   Thumb Code    86  stm32g4xx_hal_tim.o(i.TIM_OC5_SetConfig)
    i.TIM_OC6_SetConfig                      0x08004ad8   Section        0  stm32g4xx_hal_tim.o(i.TIM_OC6_SetConfig)
    TIM_OC6_SetConfig                        0x08004ad9   Thumb Code    88  stm32g4xx_hal_tim.o(i.TIM_OC6_SetConfig)
    i.TIM_TI1_ConfigInputStage               0x08004b48   Section        0  stm32g4xx_hal_tim.o(i.TIM_TI1_ConfigInputStage)
    TIM_TI1_ConfigInputStage                 0x08004b49   Thumb Code    34  stm32g4xx_hal_tim.o(i.TIM_TI1_ConfigInputStage)
    i.TIM_TI2_ConfigInputStage               0x08004b6a   Section        0  stm32g4xx_hal_tim.o(i.TIM_TI2_ConfigInputStage)
    TIM_TI2_ConfigInputStage                 0x08004b6b   Thumb Code    36  stm32g4xx_hal_tim.o(i.TIM_TI2_ConfigInputStage)
    i.UARTEx_SetNbDataToProcess              0x08004b90   Section        0  stm32g4xx_hal_uart_ex.o(i.UARTEx_SetNbDataToProcess)
    UARTEx_SetNbDataToProcess                0x08004b91   Thumb Code    62  stm32g4xx_hal_uart_ex.o(i.UARTEx_SetNbDataToProcess)
    i.UART_AdvFeatureConfig                  0x08004bd4   Section        0  stm32g4xx_hal_uart.o(i.UART_AdvFeatureConfig)
    i.UART_CheckIdleState                    0x08004c9c   Section        0  stm32g4xx_hal_uart.o(i.UART_CheckIdleState)
    i.UART_DMAAbortOnError                   0x08004cfc   Section        0  stm32g4xx_hal_uart.o(i.UART_DMAAbortOnError)
    UART_DMAAbortOnError                     0x08004cfd   Thumb Code    20  stm32g4xx_hal_uart.o(i.UART_DMAAbortOnError)
    i.UART_DMAError                          0x08004d10   Section        0  stm32g4xx_hal_uart.o(i.UART_DMAError)
    UART_DMAError                            0x08004d11   Thumb Code    80  stm32g4xx_hal_uart.o(i.UART_DMAError)
    i.UART_DMAReceiveCplt                    0x08004d60   Section        0  stm32g4xx_hal_uart.o(i.UART_DMAReceiveCplt)
    UART_DMAReceiveCplt                      0x08004d61   Thumb Code   130  stm32g4xx_hal_uart.o(i.UART_DMAReceiveCplt)
    i.UART_DMARxHalfCplt                     0x08004de2   Section        0  stm32g4xx_hal_uart.o(i.UART_DMARxHalfCplt)
    UART_DMARxHalfCplt                       0x08004de3   Thumb Code    28  stm32g4xx_hal_uart.o(i.UART_DMARxHalfCplt)
    i.UART_EndRxTransfer                     0x08004e00   Section        0  stm32g4xx_hal_uart.o(i.UART_EndRxTransfer)
    UART_EndRxTransfer                       0x08004e01   Thumb Code    78  stm32g4xx_hal_uart.o(i.UART_EndRxTransfer)
    i.UART_EndTxTransfer                     0x08004e54   Section        0  stm32g4xx_hal_uart.o(i.UART_EndTxTransfer)
    UART_EndTxTransfer                       0x08004e55   Thumb Code    46  stm32g4xx_hal_uart.o(i.UART_EndTxTransfer)
    i.UART_SetConfig                         0x08004e84   Section        0  stm32g4xx_hal_uart.o(i.UART_SetConfig)
    i.UART_Start_Receive_DMA                 0x080050f8   Section        0  stm32g4xx_hal_uart.o(i.UART_Start_Receive_DMA)
    i.UART_WaitOnFlagUntilTimeout            0x0800519c   Section        0  stm32g4xx_hal_uart.o(i.UART_WaitOnFlagUntilTimeout)
    i.USART1_IRQHandler                      0x08005264   Section        0  stm32g4xx_it.o(i.USART1_IRQHandler)
    i.UsageFault_Handler                     0x0800529c   Section        0  stm32g4xx_it.o(i.UsageFault_Handler)
    i.Vofa_Bar_Handler                       0x080052a0   Section        0  vofa.o(i.Vofa_Bar_Handler)
    i.Vofa_Button_Handler                    0x0800532c   Section        0  vofa.o(i.Vofa_Button_Handler)
    i.Vofa_FRAME_Handler                     0x08005348   Section        0  vofa.o(i.Vofa_FRAME_Handler)
    i.Vofa_Key_Handler                       0x08005384   Section        0  vofa.o(i.Vofa_Key_Handler)
    i.Vofa_Slider_Handler                    0x080053b0   Section        0  vofa.o(i.Vofa_Slider_Handler)
    i.Vofa_Transmit                          0x080053cc   Section        0  vofa.o(i.Vofa_Transmit)
    i.Vofa_UART_Receive                      0x0800540c   Section        0  vofa.o(i.Vofa_UART_Receive)
    i.__NVIC_SetPriority                     0x080054a0   Section        0  stm32g4xx_hal_cortex.o(i.__NVIC_SetPriority)
    __NVIC_SetPriority                       0x080054a1   Thumb Code    32  stm32g4xx_hal_cortex.o(i.__NVIC_SetPriority)
    i.__hardfp_fmax                          0x080054c0   Section        0  fmax.o(i.__hardfp_fmax)
    i.__hardfp_fmin                          0x08005534   Section        0  fmin.o(i.__hardfp_fmin)
    i.__scatterload_copy                     0x080055a8   Section       14  handlers.o(i.__scatterload_copy)
    i.__scatterload_null                     0x080055b6   Section        2  handlers.o(i.__scatterload_null)
    i.__scatterload_zeroinit                 0x080055b8   Section       14  handlers.o(i.__scatterload_zeroinit)
    i.angle_Calculate                        0x080055c6   Section        0  as5600.o(i.angle_Calculate)
    i.main                                   0x08005608   Section        0  main.o(i.main)
    .constdata                               0x08005788   Section       16  system_stm32g4xx.o(.constdata)
    .constdata                               0x08005798   Section        8  system_stm32g4xx.o(.constdata)
    .constdata                               0x080057a0   Section       24  stm32g4xx_hal_uart.o(.constdata)
    .constdata                               0x080057b8   Section       16  stm32g4xx_hal_uart_ex.o(.constdata)
    numerator                                0x080057b8   Data           8  stm32g4xx_hal_uart_ex.o(.constdata)
    denominator                              0x080057c0   Data           8  stm32g4xx_hal_uart_ex.o(.constdata)
    .data                                    0x20000000   Section        4  system_stm32g4xx.o(.data)
    .data                                    0x20000004   Section       12  stm32g4xx_hal.o(.data)
    .bss                                     0x20000010   Section       24  as5600.o(.bss)
    .bss                                     0x20000028   Section      168  vofa.o(.bss)
    .bss                                     0x200000d0   Section       50  vofa.o(.bss)
    .bss                                     0x20000104   Section       60  foc.o(.bss)
    .bss                                     0x20000140   Section      108  adc.o(.bss)
    .bss                                     0x200001ac   Section      228  tim.o(.bss)
    .bss                                     0x20000290   Section      336  usart.o(.bss)
    STACK                                    0x200003e0   Section     1024  startup_stm32g431xx.o(STACK)

    Global Symbols

    Symbol Name                              Value     Ov Type        Size  Object(Section)

    BuildAttributes$$THM_ISAv4$E$P$D$K$B$S$7EM$VFPi3$EXTD16$VFPS$VFMA$PE$A:L22UL41UL21$X:L11$S22US41US21$IEEE1$IW$USESV6$~STKCKD$USESV7$~SHL$OTIME$ROPI$IEEEJ$EBA8$MICROLIB$REQ8$PRES8$EABIv2 0x00000000   Number         0  anon$$obj.o ABSOLUTE
    __ARM_use_no_argv                        0x00000000   Number         0  main.o ABSOLUTE
    __cpp_initialize__aeabi_                  - Undefined Weak Reference
    __cxa_finalize                            - Undefined Weak Reference
    __decompress                              - Undefined Weak Reference
    _clock_init                               - Undefined Weak Reference
    _microlib_exit                            - Undefined Weak Reference
    __Vectors_Size                           0x000001d8   Number         0  startup_stm32g431xx.o ABSOLUTE
    __Vectors                                0x08000000   Data           4  startup_stm32g431xx.o(RESET)
    __Vectors_End                            0x080001d8   Data           0  startup_stm32g431xx.o(RESET)
    __main                                   0x080001d9   Thumb Code     0  entry.o(.ARM.Collect$$$$00000000)
    _main_stk                                0x080001d9   Thumb Code     0  entry2.o(.ARM.Collect$$$$00000001)
    _main_scatterload                        0x080001dd   Thumb Code     0  entry5.o(.ARM.Collect$$$$00000004)
    __main_after_scatterload                 0x080001e1   Thumb Code     0  entry5.o(.ARM.Collect$$$$00000004)
    _main_clock                              0x080001e1   Thumb Code     0  entry7b.o(.ARM.Collect$$$$00000008)
    _main_cpp_init                           0x080001e1   Thumb Code     0  entry8b.o(.ARM.Collect$$$$0000000A)
    _main_init                               0x080001e1   Thumb Code     0  entry9a.o(.ARM.Collect$$$$0000000B)
    __rt_final_cpp                           0x080001e9   Thumb Code     0  entry10a.o(.ARM.Collect$$$$0000000D)
    __rt_final_exit                          0x080001e9   Thumb Code     0  entry11a.o(.ARM.Collect$$$$0000000F)
    Reset_Handler                            0x080001ed   Thumb Code     8  startup_stm32g431xx.o(.text)
    COMP1_2_3_IRQHandler                     0x08000207   Thumb Code     0  startup_stm32g431xx.o(.text)
    COMP4_IRQHandler                         0x08000207   Thumb Code     0  startup_stm32g431xx.o(.text)
    CORDIC_IRQHandler                        0x08000207   Thumb Code     0  startup_stm32g431xx.o(.text)
    CRS_IRQHandler                           0x08000207   Thumb Code     0  startup_stm32g431xx.o(.text)
    DMA1_Channel3_IRQHandler                 0x08000207   Thumb Code     0  startup_stm32g431xx.o(.text)
    DMA1_Channel4_IRQHandler                 0x08000207   Thumb Code     0  startup_stm32g431xx.o(.text)
    DMA1_Channel5_IRQHandler                 0x08000207   Thumb Code     0  startup_stm32g431xx.o(.text)
    DMA1_Channel6_IRQHandler                 0x08000207   Thumb Code     0  startup_stm32g431xx.o(.text)
    DMA2_Channel1_IRQHandler                 0x08000207   Thumb Code     0  startup_stm32g431xx.o(.text)
    DMA2_Channel2_IRQHandler                 0x08000207   Thumb Code     0  startup_stm32g431xx.o(.text)
    DMA2_Channel3_IRQHandler                 0x08000207   Thumb Code     0  startup_stm32g431xx.o(.text)
    DMA2_Channel4_IRQHandler                 0x08000207   Thumb Code     0  startup_stm32g431xx.o(.text)
    DMA2_Channel5_IRQHandler                 0x08000207   Thumb Code     0  startup_stm32g431xx.o(.text)
    DMA2_Channel6_IRQHandler                 0x08000207   Thumb Code     0  startup_stm32g431xx.o(.text)
    DMAMUX_OVR_IRQHandler                    0x08000207   Thumb Code     0  startup_stm32g431xx.o(.text)
    EXTI0_IRQHandler                         0x08000207   Thumb Code     0  startup_stm32g431xx.o(.text)
    EXTI1_IRQHandler                         0x08000207   Thumb Code     0  startup_stm32g431xx.o(.text)
    EXTI2_IRQHandler                         0x08000207   Thumb Code     0  startup_stm32g431xx.o(.text)
    EXTI3_IRQHandler                         0x08000207   Thumb Code     0  startup_stm32g431xx.o(.text)
    EXTI4_IRQHandler                         0x08000207   Thumb Code     0  startup_stm32g431xx.o(.text)
    EXTI9_5_IRQHandler                       0x08000207   Thumb Code     0  startup_stm32g431xx.o(.text)
    FDCAN1_IT0_IRQHandler                    0x08000207   Thumb Code     0  startup_stm32g431xx.o(.text)
    FDCAN1_IT1_IRQHandler                    0x08000207   Thumb Code     0  startup_stm32g431xx.o(.text)
    FLASH_IRQHandler                         0x08000207   Thumb Code     0  startup_stm32g431xx.o(.text)
    FMAC_IRQHandler                          0x08000207   Thumb Code     0  startup_stm32g431xx.o(.text)
    FPU_IRQHandler                           0x08000207   Thumb Code     0  startup_stm32g431xx.o(.text)
    I2C1_ER_IRQHandler                       0x08000207   Thumb Code     0  startup_stm32g431xx.o(.text)
    I2C1_EV_IRQHandler                       0x08000207   Thumb Code     0  startup_stm32g431xx.o(.text)
    I2C2_ER_IRQHandler                       0x08000207   Thumb Code     0  startup_stm32g431xx.o(.text)
    I2C2_EV_IRQHandler                       0x08000207   Thumb Code     0  startup_stm32g431xx.o(.text)
    I2C3_ER_IRQHandler                       0x08000207   Thumb Code     0  startup_stm32g431xx.o(.text)
    I2C3_EV_IRQHandler                       0x08000207   Thumb Code     0  startup_stm32g431xx.o(.text)
    LPTIM1_IRQHandler                        0x08000207   Thumb Code     0  startup_stm32g431xx.o(.text)
    LPUART1_IRQHandler                       0x08000207   Thumb Code     0  startup_stm32g431xx.o(.text)
    PVD_PVM_IRQHandler                       0x08000207   Thumb Code     0  startup_stm32g431xx.o(.text)
    RCC_IRQHandler                           0x08000207   Thumb Code     0  startup_stm32g431xx.o(.text)
    RNG_IRQHandler                           0x08000207   Thumb Code     0  startup_stm32g431xx.o(.text)
    RTC_Alarm_IRQHandler                     0x08000207   Thumb Code     0  startup_stm32g431xx.o(.text)
    RTC_TAMP_LSECSS_IRQHandler               0x08000207   Thumb Code     0  startup_stm32g431xx.o(.text)
    RTC_WKUP_IRQHandler                      0x08000207   Thumb Code     0  startup_stm32g431xx.o(.text)
    SAI1_IRQHandler                          0x08000207   Thumb Code     0  startup_stm32g431xx.o(.text)
    SPI1_IRQHandler                          0x08000207   Thumb Code     0  startup_stm32g431xx.o(.text)
    SPI2_IRQHandler                          0x08000207   Thumb Code     0  startup_stm32g431xx.o(.text)
    SPI3_IRQHandler                          0x08000207   Thumb Code     0  startup_stm32g431xx.o(.text)
    TIM1_CC_IRQHandler                       0x08000207   Thumb Code     0  startup_stm32g431xx.o(.text)
    TIM1_TRG_COM_TIM17_IRQHandler            0x08000207   Thumb Code     0  startup_stm32g431xx.o(.text)
    TIM1_UP_TIM16_IRQHandler                 0x08000207   Thumb Code     0  startup_stm32g431xx.o(.text)
    TIM2_IRQHandler                          0x08000207   Thumb Code     0  startup_stm32g431xx.o(.text)
    TIM3_IRQHandler                          0x08000207   Thumb Code     0  startup_stm32g431xx.o(.text)
    TIM4_IRQHandler                          0x08000207   Thumb Code     0  startup_stm32g431xx.o(.text)
    TIM7_DAC_IRQHandler                      0x08000207   Thumb Code     0  startup_stm32g431xx.o(.text)
    TIM8_BRK_IRQHandler                      0x08000207   Thumb Code     0  startup_stm32g431xx.o(.text)
    TIM8_CC_IRQHandler                       0x08000207   Thumb Code     0  startup_stm32g431xx.o(.text)
    TIM8_TRG_COM_IRQHandler                  0x08000207   Thumb Code     0  startup_stm32g431xx.o(.text)
    TIM8_UP_IRQHandler                       0x08000207   Thumb Code     0  startup_stm32g431xx.o(.text)
    UART4_IRQHandler                         0x08000207   Thumb Code     0  startup_stm32g431xx.o(.text)
    UCPD1_IRQHandler                         0x08000207   Thumb Code     0  startup_stm32g431xx.o(.text)
    USART2_IRQHandler                        0x08000207   Thumb Code     0  startup_stm32g431xx.o(.text)
    USART3_IRQHandler                        0x08000207   Thumb Code     0  startup_stm32g431xx.o(.text)
    USBWakeUp_IRQHandler                     0x08000207   Thumb Code     0  startup_stm32g431xx.o(.text)
    USB_HP_IRQHandler                        0x08000207   Thumb Code     0  startup_stm32g431xx.o(.text)
    USB_LP_IRQHandler                        0x08000207   Thumb Code     0  startup_stm32g431xx.o(.text)
    WWDG_IRQHandler                          0x08000207   Thumb Code     0  startup_stm32g431xx.o(.text)
    __aeabi_uldivmod                         0x08000211   Thumb Code    98  uldiv.o(.text)
    __aeabi_memcpy                           0x08000273   Thumb Code    36  memcpya.o(.text)
    __aeabi_memcpy4                          0x08000273   Thumb Code     0  memcpya.o(.text)
    __aeabi_memcpy8                          0x08000273   Thumb Code     0  memcpya.o(.text)
    __aeabi_memset                           0x08000297   Thumb Code    14  memseta.o(.text)
    __aeabi_memset4                          0x08000297   Thumb Code     0  memseta.o(.text)
    __aeabi_memset8                          0x08000297   Thumb Code     0  memseta.o(.text)
    __aeabi_memclr                           0x080002a5   Thumb Code     4  memseta.o(.text)
    __aeabi_memclr4                          0x080002a5   Thumb Code     0  memseta.o(.text)
    __aeabi_memclr8                          0x080002a5   Thumb Code     0  memseta.o(.text)
    _memset$wrapper                          0x080002a9   Thumb Code    18  memseta.o(.text)
    __aeabi_dadd                             0x080002bb   Thumb Code   322  dadd.o(.text)
    __aeabi_dsub                             0x080003fd   Thumb Code     6  dadd.o(.text)
    __aeabi_drsub                            0x08000403   Thumb Code     6  dadd.o(.text)
    __aeabi_dmul                             0x08000409   Thumb Code   228  dmul.o(.text)
    __aeabi_f2d                              0x080004ed   Thumb Code    38  f2d.o(.text)
    __aeabi_d2f                              0x08000513   Thumb Code    56  d2f.o(.text)
    __aeabi_llsl                             0x0800054b   Thumb Code    30  llshl.o(.text)
    _ll_shift_l                              0x0800054b   Thumb Code     0  llshl.o(.text)
    __aeabi_llsr                             0x08000569   Thumb Code    32  llushr.o(.text)
    _ll_ushift_r                             0x08000569   Thumb Code     0  llushr.o(.text)
    __aeabi_lasr                             0x08000589   Thumb Code    36  llsshr.o(.text)
    _ll_sshift_r                             0x08000589   Thumb Code     0  llsshr.o(.text)
    __I$use$fp                               0x080005ad   Thumb Code     0  iusefp.o(.text)
    _float_round                             0x080005ad   Thumb Code    18  fepilogue.o(.text)
    _float_epilogue                          0x080005bf   Thumb Code    92  fepilogue.o(.text)
    _double_round                            0x0800061b   Thumb Code    30  depilogue.o(.text)
    _double_epilogue                         0x08000639   Thumb Code   156  depilogue.o(.text)
    __ARM_dcmp4                              0x080006d5   Thumb Code    96  dcmp4.o(.text)
    _dcmp4                                   0x080006d5   Thumb Code     0  dcmp4.o(.text)
    __scatterload                            0x08000735   Thumb Code    28  init.o(.text)
    __scatterload_rt2                        0x08000735   Thumb Code     0  init.o(.text)
    arm_cos_f32                              0x08000759   Thumb Code   160  arm_cos_f32.o(.text.arm_cos_f32)
    arm_sin_f32                              0x080007f9   Thumb Code   152  arm_sin_f32.o(.text.arm_sin_f32)
    ADC1_2_IRQHandler                        0x08000891   Thumb Code     6  stm32g4xx_it.o(i.ADC1_2_IRQHandler)
    ADC_Enable                               0x0800089d   Thumb Code   110  stm32g4xx_hal_adc.o(i.ADC_Enable)
    AS5600_Get_Angle                         0x08000911   Thumb Code   102  as5600.o(i.AS5600_Get_Angle)
    AS5600_IIC_Read_OneByte                  0x08000981   Thumb Code    64  as5600.o(i.AS5600_IIC_Read_OneByte)
    AS5600_Init                              0x080009c1   Thumb Code    94  as5600.o(i.AS5600_Init)
    AS5600_Speed_Cal_1khz                    0x08000a29   Thumb Code    94  as5600.o(i.AS5600_Speed_Cal_1khz)
    BusFault_Handler                         0x08000aa9   Thumb Code     2  stm32g4xx_it.o(i.BusFault_Handler)
    DMA1_Channel1_IRQHandler                 0x08000aad   Thumb Code     6  stm32g4xx_it.o(i.DMA1_Channel1_IRQHandler)
    DMA1_Channel2_IRQHandler                 0x08000ab9   Thumb Code     6  stm32g4xx_it.o(i.DMA1_Channel2_IRQHandler)
    DebugMon_Handler                         0x08000b67   Thumb Code     2  stm32g4xx_it.o(i.DebugMon_Handler)
    EXTI15_10_IRQHandler                     0x08000b69   Thumb Code    30  stm32g4xx_it.o(i.EXTI15_10_IRQHandler)
    Error_Handler                            0x08000b87   Thumb Code     2  main.o(i.Error_Handler)
    FOC_AntiPark                             0x08000b89   Thumb Code    70  foc.o(i.FOC_AntiPark)
    FOC_Init                                 0x08000bd1   Thumb Code    10  foc.o(i.FOC_Init)
    FOC_SVPWM                                0x08000be1   Thumb Code   338  foc.o(i.FOC_SVPWM)
    HAL_ADCEx_EndOfSamplingCallback          0x08000d4d   Thumb Code     2  stm32g4xx_hal_adc_ex.o(i.HAL_ADCEx_EndOfSamplingCallback)
    HAL_ADCEx_InjectedConfigChannel          0x08000d51   Thumb Code  1248  stm32g4xx_hal_adc_ex.o(i.HAL_ADCEx_InjectedConfigChannel)
    HAL_ADCEx_InjectedConvCpltCallback       0x08001259   Thumb Code    56  stm32g4xx_it.o(i.HAL_ADCEx_InjectedConvCpltCallback)
    HAL_ADCEx_InjectedQueueOverflowCallback  0x08001295   Thumb Code     2  stm32g4xx_hal_adc_ex.o(i.HAL_ADCEx_InjectedQueueOverflowCallback)
    HAL_ADCEx_InjectedStart_IT               0x08001299   Thumb Code   282  stm32g4xx_hal_adc_ex.o(i.HAL_ADCEx_InjectedStart_IT)
    HAL_ADCEx_LevelOutOfWindow2Callback      0x080013c1   Thumb Code     2  stm32g4xx_hal_adc_ex.o(i.HAL_ADCEx_LevelOutOfWindow2Callback)
    HAL_ADCEx_LevelOutOfWindow3Callback      0x080013c3   Thumb Code     2  stm32g4xx_hal_adc_ex.o(i.HAL_ADCEx_LevelOutOfWindow3Callback)
    HAL_ADCEx_MultiModeConfigChannel         0x080013c5   Thumb Code   204  stm32g4xx_hal_adc_ex.o(i.HAL_ADCEx_MultiModeConfigChannel)
    HAL_ADC_ConfigChannel                    0x08001499   Thumb Code   996  stm32g4xx_hal_adc.o(i.HAL_ADC_ConfigChannel)
    HAL_ADC_ConvCpltCallback                 0x080018ad   Thumb Code     2  stm32g4xx_hal_adc.o(i.HAL_ADC_ConvCpltCallback)
    HAL_ADC_ErrorCallback                    0x080018af   Thumb Code     2  stm32g4xx_hal_adc.o(i.HAL_ADC_ErrorCallback)
    HAL_ADC_IRQHandler                       0x080018b1   Thumb Code   612  stm32g4xx_hal_adc.o(i.HAL_ADC_IRQHandler)
    HAL_ADC_Init                             0x08001b1d   Thumb Code   476  stm32g4xx_hal_adc.o(i.HAL_ADC_Init)
    HAL_ADC_LevelOutOfWindowCallback         0x08001d19   Thumb Code     2  stm32g4xx_hal_adc.o(i.HAL_ADC_LevelOutOfWindowCallback)
    HAL_ADC_MspInit                          0x08001d1d   Thumb Code   126  adc.o(i.HAL_ADC_MspInit)
    HAL_DMA_Abort                            0x08001da1   Thumb Code   106  stm32g4xx_hal_dma.o(i.HAL_DMA_Abort)
    HAL_DMA_Abort_IT                         0x08001e0b   Thumb Code   120  stm32g4xx_hal_dma.o(i.HAL_DMA_Abort_IT)
    HAL_DMA_IRQHandler                       0x08001e83   Thumb Code   186  stm32g4xx_hal_dma.o(i.HAL_DMA_IRQHandler)
    HAL_DMA_Init                             0x08001f3d   Thumb Code   178  stm32g4xx_hal_dma.o(i.HAL_DMA_Init)
    HAL_DMA_Start_IT                         0x08001ffd   Thumb Code   140  stm32g4xx_hal_dma.o(i.HAL_DMA_Start_IT)
    HAL_Delay                                0x08002089   Thumb Code    32  stm32g4xx_hal.o(i.HAL_Delay)
    HAL_GPIO_EXTI_Callback                   0x080020ad   Thumb Code     2  stm32g4xx_it.o(i.HAL_GPIO_EXTI_Callback)
    HAL_GPIO_EXTI_IRQHandler                 0x080020b1   Thumb Code    18  stm32g4xx_hal_gpio.o(i.HAL_GPIO_EXTI_IRQHandler)
    HAL_GPIO_Init                            0x080020c9   Thumb Code   550  stm32g4xx_hal_gpio.o(i.HAL_GPIO_Init)
    HAL_GPIO_ReadPin                         0x08002311   Thumb Code    10  stm32g4xx_hal_gpio.o(i.HAL_GPIO_ReadPin)
    HAL_GPIO_TogglePin                       0x0800231b   Thumb Code    16  stm32g4xx_hal_gpio.o(i.HAL_GPIO_TogglePin)
    HAL_GPIO_WritePin                        0x0800232b   Thumb Code    10  stm32g4xx_hal_gpio.o(i.HAL_GPIO_WritePin)
    HAL_GetTick                              0x08002335   Thumb Code     6  stm32g4xx_hal.o(i.HAL_GetTick)
    HAL_IncTick                              0x08002341   Thumb Code    12  stm32g4xx_hal.o(i.HAL_IncTick)
    HAL_Init                                 0x08002351   Thumb Code    30  stm32g4xx_hal.o(i.HAL_Init)
    HAL_InitTick                             0x08002371   Thumb Code    58  stm32g4xx_hal.o(i.HAL_InitTick)
    HAL_MspInit                              0x080023b5   Thumb Code    50  stm32g4xx_hal_msp.o(i.HAL_MspInit)
    HAL_NVIC_DisableIRQ                      0x080023ed   Thumb Code    34  stm32g4xx_hal_cortex.o(i.HAL_NVIC_DisableIRQ)
    HAL_NVIC_EnableIRQ                       0x0800240f   Thumb Code    26  stm32g4xx_hal_cortex.o(i.HAL_NVIC_EnableIRQ)
    HAL_NVIC_SetPriority                     0x08002429   Thumb Code    60  stm32g4xx_hal_cortex.o(i.HAL_NVIC_SetPriority)
    HAL_NVIC_SetPriorityGrouping             0x08002469   Thumb Code    26  stm32g4xx_hal_cortex.o(i.HAL_NVIC_SetPriorityGrouping)
    HAL_PWREx_ControlVoltageScaling          0x0800248d   Thumb Code   174  stm32g4xx_hal_pwr_ex.o(i.HAL_PWREx_ControlVoltageScaling)
    HAL_PWREx_DisableUCPDDeadBattery         0x08002549   Thumb Code    12  stm32g4xx_hal_pwr_ex.o(i.HAL_PWREx_DisableUCPDDeadBattery)
    HAL_RCCEx_PeriphCLKConfig                0x08002559   Thumb Code   638  stm32g4xx_hal_rcc_ex.o(i.HAL_RCCEx_PeriphCLKConfig)
    HAL_RCC_ClockConfig                      0x080027e1   Thumb Code   444  stm32g4xx_hal_rcc.o(i.HAL_RCC_ClockConfig)
    HAL_RCC_GetPCLK1Freq                     0x080029bd   Thumb Code    24  stm32g4xx_hal_rcc.o(i.HAL_RCC_GetPCLK1Freq)
    HAL_RCC_GetPCLK2Freq                     0x080029e1   Thumb Code    24  stm32g4xx_hal_rcc.o(i.HAL_RCC_GetPCLK2Freq)
    HAL_RCC_GetSysClockFreq                  0x08002a05   Thumb Code    98  stm32g4xx_hal_rcc.o(i.HAL_RCC_GetSysClockFreq)
    HAL_RCC_OscConfig                        0x08002a71   Thumb Code  1036  stm32g4xx_hal_rcc.o(i.HAL_RCC_OscConfig)
    HAL_SYSTICK_Config                       0x08002e7d   Thumb Code    40  stm32g4xx_hal_cortex.o(i.HAL_SYSTICK_Config)
    HAL_TIMEx_Break2Callback                 0x08002ea5   Thumb Code     2  stm32g4xx_hal_tim_ex.o(i.HAL_TIMEx_Break2Callback)
    HAL_TIMEx_BreakCallback                  0x08002ea7   Thumb Code     2  stm32g4xx_hal_tim_ex.o(i.HAL_TIMEx_BreakCallback)
    HAL_TIMEx_CommutCallback                 0x08002ea9   Thumb Code     2  stm32g4xx_hal_tim_ex.o(i.HAL_TIMEx_CommutCallback)
    HAL_TIMEx_ConfigBreakDeadTime            0x08002ead   Thumb Code   164  stm32g4xx_hal_tim_ex.o(i.HAL_TIMEx_ConfigBreakDeadTime)
    HAL_TIMEx_DirectionChangeCallback        0x08002f59   Thumb Code     2  stm32g4xx_hal_tim_ex.o(i.HAL_TIMEx_DirectionChangeCallback)
    HAL_TIMEx_EnableDeadTimePreload          0x08002f5b   Thumb Code    14  stm32g4xx_hal_tim_ex.o(i.HAL_TIMEx_EnableDeadTimePreload)
    HAL_TIMEx_EncoderIndexCallback           0x08002f69   Thumb Code     2  stm32g4xx_hal_tim_ex.o(i.HAL_TIMEx_EncoderIndexCallback)
    HAL_TIMEx_IndexErrorCallback             0x08002f6b   Thumb Code     2  stm32g4xx_hal_tim_ex.o(i.HAL_TIMEx_IndexErrorCallback)
    HAL_TIMEx_MasterConfigSynchronization    0x08002f6d   Thumb Code   132  stm32g4xx_hal_tim_ex.o(i.HAL_TIMEx_MasterConfigSynchronization)
    HAL_TIMEx_PWMN_Start                     0x08003009   Thumb Code   158  stm32g4xx_hal_tim_ex.o(i.HAL_TIMEx_PWMN_Start)
    HAL_TIMEx_TransitionErrorCallback        0x080030c1   Thumb Code     2  stm32g4xx_hal_tim_ex.o(i.HAL_TIMEx_TransitionErrorCallback)
    HAL_TIM_Base_Init                        0x080030c3   Thumb Code    98  stm32g4xx_hal_tim.o(i.HAL_TIM_Base_Init)
    HAL_TIM_Base_MspDeInit                   0x08003125   Thumb Code    54  tim.o(i.HAL_TIM_Base_MspDeInit)
    HAL_TIM_Base_MspInit                     0x0800316d   Thumb Code   108  tim.o(i.HAL_TIM_Base_MspInit)
    HAL_TIM_Base_Start                       0x080031e9   Thumb Code    84  stm32g4xx_hal_tim.o(i.HAL_TIM_Base_Start)
    HAL_TIM_Base_Start_IT                    0x08003255   Thumb Code    94  stm32g4xx_hal_tim.o(i.HAL_TIM_Base_Start_IT)
    HAL_TIM_ConfigClockSource                0x080032cd   Thumb Code   246  stm32g4xx_hal_tim.o(i.HAL_TIM_ConfigClockSource)
    HAL_TIM_IC_CaptureCallback               0x080033cd   Thumb Code     2  stm32g4xx_hal_tim.o(i.HAL_TIM_IC_CaptureCallback)
    HAL_TIM_IRQHandler                       0x080033cf   Thumb Code   508  stm32g4xx_hal_tim.o(i.HAL_TIM_IRQHandler)
    HAL_TIM_MspPostInit                      0x080035cd   Thumb Code   150  tim.o(i.HAL_TIM_MspPostInit)
    HAL_TIM_OC_DelayElapsedCallback          0x08003675   Thumb Code     2  stm32g4xx_hal_tim.o(i.HAL_TIM_OC_DelayElapsedCallback)
    HAL_TIM_PWM_ConfigChannel                0x08003677   Thumb Code   292  stm32g4xx_hal_tim.o(i.HAL_TIM_PWM_ConfigChannel)
    HAL_TIM_PWM_Init                         0x0800379b   Thumb Code    98  stm32g4xx_hal_tim.o(i.HAL_TIM_PWM_Init)
    HAL_TIM_PWM_MspInit                      0x080037fd   Thumb Code     2  stm32g4xx_hal_tim.o(i.HAL_TIM_PWM_MspInit)
    HAL_TIM_PWM_PulseFinishedCallback        0x080037ff   Thumb Code     2  stm32g4xx_hal_tim.o(i.HAL_TIM_PWM_PulseFinishedCallback)
    HAL_TIM_PWM_Start                        0x08003801   Thumb Code   218  stm32g4xx_hal_tim.o(i.HAL_TIM_PWM_Start)
    HAL_TIM_PeriodElapsedCallback            0x080038fd   Thumb Code     2  stm32g4xx_hal_tim.o(i.HAL_TIM_PeriodElapsedCallback)
    HAL_TIM_TriggerCallback                  0x080038ff   Thumb Code     2  stm32g4xx_hal_tim.o(i.HAL_TIM_TriggerCallback)
    HAL_UARTEx_DisableFifoMode               0x08003901   Thumb Code    62  stm32g4xx_hal_uart_ex.o(i.HAL_UARTEx_DisableFifoMode)
    HAL_UARTEx_RxEventCallback               0x0800393f   Thumb Code     2  stm32g4xx_hal_uart.o(i.HAL_UARTEx_RxEventCallback)
    HAL_UARTEx_RxFifoFullCallback            0x08003941   Thumb Code     2  stm32g4xx_hal_uart_ex.o(i.HAL_UARTEx_RxFifoFullCallback)
    HAL_UARTEx_SetRxFifoThreshold            0x08003943   Thumb Code    76  stm32g4xx_hal_uart_ex.o(i.HAL_UARTEx_SetRxFifoThreshold)
    HAL_UARTEx_SetTxFifoThreshold            0x0800398f   Thumb Code    76  stm32g4xx_hal_uart_ex.o(i.HAL_UARTEx_SetTxFifoThreshold)
    HAL_UARTEx_TxFifoEmptyCallback           0x080039db   Thumb Code     2  stm32g4xx_hal_uart_ex.o(i.HAL_UARTEx_TxFifoEmptyCallback)
    HAL_UARTEx_WakeupCallback                0x080039dd   Thumb Code     2  stm32g4xx_hal_uart_ex.o(i.HAL_UARTEx_WakeupCallback)
    HAL_UART_ErrorCallback                   0x080039df   Thumb Code     2  stm32g4xx_hal_uart.o(i.HAL_UART_ErrorCallback)
    HAL_UART_IRQHandler                      0x080039e1   Thumb Code   722  stm32g4xx_hal_uart.o(i.HAL_UART_IRQHandler)
    HAL_UART_Init                            0x08003cc1   Thumb Code   106  stm32g4xx_hal_uart.o(i.HAL_UART_Init)
    HAL_UART_MspInit                         0x08003d2d   Thumb Code   258  usart.o(i.HAL_UART_MspInit)
    HAL_UART_Receive_DMA                     0x08003e49   Thumb Code    80  stm32g4xx_hal_uart.o(i.HAL_UART_Receive_DMA)
    HAL_UART_RxCpltCallback                  0x08003e9d   Thumb Code     2  stm32g4xx_hal_uart.o(i.HAL_UART_RxCpltCallback)
    HAL_UART_RxHalfCpltCallback              0x08003e9f   Thumb Code     2  stm32g4xx_hal_uart.o(i.HAL_UART_RxHalfCpltCallback)
    HAL_UART_Transmit                        0x08003ea1   Thumb Code   188  stm32g4xx_hal_uart.o(i.HAL_UART_Transmit)
    HAL_UART_TxCpltCallback                  0x08003f5d   Thumb Code     2  stm32g4xx_hal_uart.o(i.HAL_UART_TxCpltCallback)
    HardFault_Handler                        0x08003f5f   Thumb Code     2  stm32g4xx_it.o(i.HardFault_Handler)
    IIC_Ack                                  0x08003f61   Thumb Code    66  iic.o(i.IIC_Ack)
    IIC_Init                                 0x08003fad   Thumb Code     4  iic.o(i.IIC_Init)
    IIC_Nack                                 0x08003fb1   Thumb Code    52  iic.o(i.IIC_Nack)
    IIC_Read_Byte                            0x08003fe5   Thumb Code    86  iic.o(i.IIC_Read_Byte)
    IIC_Send_Byte                            0x0800403b   Thumb Code    96  iic.o(i.IIC_Send_Byte)
    IIC_Start                                0x0800409b   Thumb Code    62  iic.o(i.IIC_Start)
    IIC_Stop                                 0x080040d9   Thumb Code    48  iic.o(i.IIC_Stop)
    IIC_Wait_ack                             0x08004109   Thumb Code    86  iic.o(i.IIC_Wait_ack)
    MX_ADC1_Init                             0x08004205   Thumb Code   232  adc.o(i.MX_ADC1_Init)
    MX_DMA_Init                              0x080042f9   Thumb Code    72  dma.o(i.MX_DMA_Init)
    MX_GPIO_Init                             0x08004345   Thumb Code   214  gpio.o(i.MX_GPIO_Init)
    MX_TIM15_Init                            0x08004425   Thumb Code   100  tim.o(i.MX_TIM15_Init)
    MX_TIM1_Init                             0x08004491   Thumb Code   274  tim.o(i.MX_TIM1_Init)
    MX_TIM6_Init                             0x080045ad   Thumb Code    60  tim.o(i.MX_TIM6_Init)
    MX_USART1_UART_Init                      0x080045f1   Thumb Code    94  usart.o(i.MX_USART1_UART_Init)
    MemManage_Handler                        0x08004659   Thumb Code     2  stm32g4xx_it.o(i.MemManage_Handler)
    NMI_Handler                              0x0800465b   Thumb Code     2  stm32g4xx_it.o(i.NMI_Handler)
    PendSV_Handler                           0x0800465d   Thumb Code     2  stm32g4xx_it.o(i.PendSV_Handler)
    SVC_Handler                              0x0800465f   Thumb Code     2  stm32g4xx_it.o(i.SVC_Handler)
    SysTick_Handler                          0x08004661   Thumb Code     4  stm32g4xx_it.o(i.SysTick_Handler)
    SystemClock_Config                       0x08004665   Thumb Code    86  main.o(i.SystemClock_Config)
    SystemInit                               0x080046bd   Thumb Code    22  system_stm32g4xx.o(i.SystemInit)
    TIM1_BRK_TIM15_IRQHandler                0x080046d9   Thumb Code    30  stm32g4xx_it.o(i.TIM1_BRK_TIM15_IRQHandler)
    TIM6_DAC_IRQHandler                      0x08004705   Thumb Code     6  stm32g4xx_it.o(i.TIM6_DAC_IRQHandler)
    TIM_Base_SetConfig                       0x08004711   Thumb Code   146  stm32g4xx_hal_tim.o(i.TIM_Base_SetConfig)
    TIM_CCxChannelCmd                        0x080047c1   Thumb Code    26  stm32g4xx_hal_tim.o(i.TIM_CCxChannelCmd)
    TIM_ETR_SetConfig                        0x080047f5   Thumb Code    20  stm32g4xx_hal_tim.o(i.TIM_ETR_SetConfig)
    TIM_OC2_SetConfig                        0x080048b9   Thumb Code   120  stm32g4xx_hal_tim.o(i.TIM_OC2_SetConfig)
    UART_AdvFeatureConfig                    0x08004bd5   Thumb Code   200  stm32g4xx_hal_uart.o(i.UART_AdvFeatureConfig)
    UART_CheckIdleState                      0x08004c9d   Thumb Code    96  stm32g4xx_hal_uart.o(i.UART_CheckIdleState)
    UART_SetConfig                           0x08004e85   Thumb Code   582  stm32g4xx_hal_uart.o(i.UART_SetConfig)
    UART_Start_Receive_DMA                   0x080050f9   Thumb Code   152  stm32g4xx_hal_uart.o(i.UART_Start_Receive_DMA)
    UART_WaitOnFlagUntilTimeout              0x0800519d   Thumb Code   198  stm32g4xx_hal_uart.o(i.UART_WaitOnFlagUntilTimeout)
    USART1_IRQHandler                        0x08005265   Thumb Code    48  stm32g4xx_it.o(i.USART1_IRQHandler)
    UsageFault_Handler                       0x0800529d   Thumb Code     2  stm32g4xx_it.o(i.UsageFault_Handler)
    Vofa_Bar_Handler                         0x080052a1   Thumb Code   134  vofa.o(i.Vofa_Bar_Handler)
    Vofa_Button_Handler                      0x0800532d   Thumb Code    24  vofa.o(i.Vofa_Button_Handler)
    Vofa_FRAME_Handler                       0x08005349   Thumb Code    54  vofa.o(i.Vofa_FRAME_Handler)
    Vofa_Key_Handler                         0x08005385   Thumb Code    40  vofa.o(i.Vofa_Key_Handler)
    Vofa_Slider_Handler                      0x080053b1   Thumb Code    24  vofa.o(i.Vofa_Slider_Handler)
    Vofa_Transmit                            0x080053cd   Thumb Code    60  vofa.o(i.Vofa_Transmit)
    Vofa_UART_Receive                        0x0800540d   Thumb Code   144  vofa.o(i.Vofa_UART_Receive)
    __hardfp_fmax                            0x080054c1   Thumb Code   116  fmax.o(i.__hardfp_fmax)
    __hardfp_fmin                            0x08005535   Thumb Code   116  fmin.o(i.__hardfp_fmin)
    __scatterload_copy                       0x080055a9   Thumb Code    14  handlers.o(i.__scatterload_copy)
    __scatterload_null                       0x080055b7   Thumb Code     2  handlers.o(i.__scatterload_null)
    __scatterload_zeroinit                   0x080055b9   Thumb Code    14  handlers.o(i.__scatterload_zeroinit)
    angle_Calculate                          0x080055c7   Thumb Code    66  as5600.o(i.angle_Calculate)
    main                                     0x08005609   Thumb Code   326  main.o(i.main)
    AHBPrescTable                            0x08005788   Data          16  system_stm32g4xx.o(.constdata)
    APBPrescTable                            0x08005798   Data           8  system_stm32g4xx.o(.constdata)
    UARTPrescTable                           0x080057a0   Data          24  stm32g4xx_hal_uart.o(.constdata)
    sinTable_f32                             0x080057c8   Data        2052  arm_common_tables.o(.rodata.sinTable_f32)
    Region$$Table$$Base                      0x08005fcc   Number         0  anon$$obj.o(Region$$Table)
    Region$$Table$$Limit                     0x08005fec   Number         0  anon$$obj.o(Region$$Table)
    SystemCoreClock                          0x20000000   Data           4  system_stm32g4xx.o(.data)
    uwTickPrio                               0x20000004   Data           4  stm32g4xx_hal.o(.data)
    uwTickFreq                               0x20000008   Data           4  stm32g4xx_hal.o(.data)
    uwTick                                   0x2000000c   Data           4  stm32g4xx_hal.o(.data)
    AS5600                                   0x20000010   Data          24  as5600.o(.bss)
    VofaData                                 0x20000028   Data          64  vofa.o(.bss)
    tempFloat                                0x20000068   Data          80  vofa.o(.bss)
    Vofa_RX                                  0x200000b8   Data          24  vofa.o(.bss)
    rx_buffer                                0x200000d0   Data          50  vofa.o(.bss)
    FOC1_Handler                             0x20000104   Data          60  foc.o(.bss)
    hadc1                                    0x20000140   Data         108  adc.o(.bss)
    htim1                                    0x200001ac   Data          76  tim.o(.bss)
    htim6                                    0x200001f8   Data          76  tim.o(.bss)
    htim15                                   0x20000244   Data          76  tim.o(.bss)
    huart1                                   0x20000290   Data         144  usart.o(.bss)
    hdma_usart1_rx                           0x20000320   Data          96  usart.o(.bss)
    hdma_usart1_tx                           0x20000380   Data          96  usart.o(.bss)
    __initial_sp                             0x200007e0   Data           0  startup_stm32g431xx.o(STACK)



==============================================================================

Memory Map of the image

  Image Entry point : 0x080001d9

  Load Region LR_IROM1 (Base: 0x08000000, Size: 0x00005ffc, Max: 0x00020000, ABSOLUTE)

    Execution Region ER_IROM1 (Exec base: 0x08000000, Load base: 0x08000000, Size: 0x00005fec, Max: 0x00020000, ABSOLUTE)

    Exec Addr    Load Addr    Size         Type   Attr      Idx    E Section Name        Object

    0x08000000   0x08000000   0x000001d8   Data   RO            3    RESET               startup_stm32g431xx.o
    0x080001d8   0x080001d8   0x00000000   Code   RO         4570  * .ARM.Collect$$$$00000000  mc_w.l(entry.o)
    0x080001d8   0x080001d8   0x00000004   Code   RO         4589    .ARM.Collect$$$$00000001  mc_w.l(entry2.o)
    0x080001dc   0x080001dc   0x00000004   Code   RO         4592    .ARM.Collect$$$$00000004  mc_w.l(entry5.o)
    0x080001e0   0x080001e0   0x00000000   Code   RO         4594    .ARM.Collect$$$$00000008  mc_w.l(entry7b.o)
    0x080001e0   0x080001e0   0x00000000   Code   RO         4596    .ARM.Collect$$$$0000000A  mc_w.l(entry8b.o)
    0x080001e0   0x080001e0   0x00000008   Code   RO         4597    .ARM.Collect$$$$0000000B  mc_w.l(entry9a.o)
    0x080001e8   0x080001e8   0x00000000   Code   RO         4599    .ARM.Collect$$$$0000000D  mc_w.l(entry10a.o)
    0x080001e8   0x080001e8   0x00000000   Code   RO         4601    .ARM.Collect$$$$0000000F  mc_w.l(entry11a.o)
    0x080001e8   0x080001e8   0x00000004   Code   RO         4590    .ARM.Collect$$$$00002712  mc_w.l(entry2.o)
    0x080001ec   0x080001ec   0x00000024   Code   RO            4    .text               startup_stm32g431xx.o
    0x08000210   0x08000210   0x00000062   Code   RO         4573    .text               mc_w.l(uldiv.o)
    0x08000272   0x08000272   0x00000024   Code   RO         4575    .text               mc_w.l(memcpya.o)
    0x08000296   0x08000296   0x00000024   Code   RO         4577    .text               mc_w.l(memseta.o)
    0x080002ba   0x080002ba   0x0000014e   Code   RO         4581    .text               mf_w.l(dadd.o)
    0x08000408   0x08000408   0x000000e4   Code   RO         4583    .text               mf_w.l(dmul.o)
    0x080004ec   0x080004ec   0x00000026   Code   RO         4585    .text               mf_w.l(f2d.o)
    0x08000512   0x08000512   0x00000038   Code   RO         4587    .text               mf_w.l(d2f.o)
    0x0800054a   0x0800054a   0x0000001e   Code   RO         4603    .text               mc_w.l(llshl.o)
    0x08000568   0x08000568   0x00000020   Code   RO         4605    .text               mc_w.l(llushr.o)
    0x08000588   0x08000588   0x00000024   Code   RO         4607    .text               mc_w.l(llsshr.o)
    0x080005ac   0x080005ac   0x00000000   Code   RO         4609    .text               mc_w.l(iusefp.o)
    0x080005ac   0x080005ac   0x0000006e   Code   RO         4610    .text               mf_w.l(fepilogue.o)
    0x0800061a   0x0800061a   0x000000ba   Code   RO         4612    .text               mf_w.l(depilogue.o)
    0x080006d4   0x080006d4   0x00000060   Code   RO         4614    .text               mf_w.l(dcmp4.o)
    0x08000734   0x08000734   0x00000024   Code   RO         4616    .text               mc_w.l(init.o)
    0x08000758   0x08000758   0x000000a0   Code   RO         4448    .text.arm_cos_f32   arm_cortexM4lf_math.lib(arm_cos_f32.o)
    0x080007f8   0x080007f8   0x00000098   Code   RO         4458    .text.arm_sin_f32   arm_cortexM4lf_math.lib(arm_sin_f32.o)
    0x08000890   0x08000890   0x0000000c   Code   RO          659    i.ADC1_2_IRQHandler  stm32g4xx_it.o
    0x0800089c   0x0800089c   0x00000074   Code   RO          856    i.ADC_Enable        stm32g4xx_hal_adc.o
    0x08000910   0x08000910   0x00000070   Code   RO           13    i.AS5600_Get_Angle  as5600.o
    0x08000980   0x08000980   0x00000040   Code   RO           14    i.AS5600_IIC_Read_OneByte  as5600.o
    0x080009c0   0x080009c0   0x00000068   Code   RO           15    i.AS5600_Init       as5600.o
    0x08000a28   0x08000a28   0x00000080   Code   RO           16    i.AS5600_Speed_Cal_1khz  as5600.o
    0x08000aa8   0x08000aa8   0x00000002   Code   RO          660    i.BusFault_Handler  stm32g4xx_it.o
    0x08000aaa   0x08000aaa   0x00000002   PAD
    0x08000aac   0x08000aac   0x0000000c   Code   RO          661    i.DMA1_Channel1_IRQHandler  stm32g4xx_it.o
    0x08000ab8   0x08000ab8   0x0000000c   Code   RO          662    i.DMA1_Channel2_IRQHandler  stm32g4xx_it.o
    0x08000ac4   0x08000ac4   0x00000040   Code   RO         2131    i.DMA_CalcDMAMUXChannelBaseAndMask  stm32g4xx_hal_dma.o
    0x08000b04   0x08000b04   0x00000024   Code   RO         2132    i.DMA_CalcDMAMUXRequestGenBaseAndMask  stm32g4xx_hal_dma.o
    0x08000b28   0x08000b28   0x0000003e   Code   RO         2133    i.DMA_SetConfig     stm32g4xx_hal_dma.o
    0x08000b66   0x08000b66   0x00000002   Code   RO          663    i.DebugMon_Handler  stm32g4xx_it.o
    0x08000b68   0x08000b68   0x0000001e   Code   RO          664    i.EXTI15_10_IRQHandler  stm32g4xx_it.o
    0x08000b86   0x08000b86   0x00000002   Code   RO          409    i.Error_Handler     main.o
    0x08000b88   0x08000b88   0x00000046   Code   RO          348    i.FOC_AntiPark      foc.o
    0x08000bce   0x08000bce   0x00000002   PAD
    0x08000bd0   0x08000bd0   0x00000010   Code   RO          350    i.FOC_Init          foc.o
    0x08000be0   0x08000be0   0x0000016c   Code   RO          352    i.FOC_SVPWM         foc.o
    0x08000d4c   0x08000d4c   0x00000002   Code   RO         1093    i.HAL_ADCEx_EndOfSamplingCallback  stm32g4xx_hal_adc_ex.o
    0x08000d4e   0x08000d4e   0x00000002   PAD
    0x08000d50   0x08000d50   0x00000508   Code   RO         1095    i.HAL_ADCEx_InjectedConfigChannel  stm32g4xx_hal_adc_ex.o
    0x08001258   0x08001258   0x0000003c   Code   RO          665    i.HAL_ADCEx_InjectedConvCpltCallback  stm32g4xx_it.o
    0x08001294   0x08001294   0x00000002   Code   RO         1099    i.HAL_ADCEx_InjectedQueueOverflowCallback  stm32g4xx_hal_adc_ex.o
    0x08001296   0x08001296   0x00000002   PAD
    0x08001298   0x08001298   0x00000128   Code   RO         1101    i.HAL_ADCEx_InjectedStart_IT  stm32g4xx_hal_adc_ex.o
    0x080013c0   0x080013c0   0x00000002   Code   RO         1104    i.HAL_ADCEx_LevelOutOfWindow2Callback  stm32g4xx_hal_adc_ex.o
    0x080013c2   0x080013c2   0x00000002   Code   RO         1105    i.HAL_ADCEx_LevelOutOfWindow3Callback  stm32g4xx_hal_adc_ex.o
    0x080013c4   0x080013c4   0x000000d4   Code   RO         1106    i.HAL_ADCEx_MultiModeConfigChannel  stm32g4xx_hal_adc_ex.o
    0x08001498   0x08001498   0x00000414   Code   RO          858    i.HAL_ADC_ConfigChannel  stm32g4xx_hal_adc.o
    0x080018ac   0x080018ac   0x00000002   Code   RO          859    i.HAL_ADC_ConvCpltCallback  stm32g4xx_hal_adc.o
    0x080018ae   0x080018ae   0x00000002   Code   RO          862    i.HAL_ADC_ErrorCallback  stm32g4xx_hal_adc.o
    0x080018b0   0x080018b0   0x0000026c   Code   RO          866    i.HAL_ADC_IRQHandler  stm32g4xx_hal_adc.o
    0x08001b1c   0x08001b1c   0x000001fc   Code   RO          867    i.HAL_ADC_Init      stm32g4xx_hal_adc.o
    0x08001d18   0x08001d18   0x00000002   Code   RO          868    i.HAL_ADC_LevelOutOfWindowCallback  stm32g4xx_hal_adc.o
    0x08001d1a   0x08001d1a   0x00000002   PAD
    0x08001d1c   0x08001d1c   0x00000084   Code   RO          492    i.HAL_ADC_MspInit   adc.o
    0x08001da0   0x08001da0   0x0000006a   Code   RO         2134    i.HAL_DMA_Abort     stm32g4xx_hal_dma.o
    0x08001e0a   0x08001e0a   0x00000078   Code   RO         2135    i.HAL_DMA_Abort_IT  stm32g4xx_hal_dma.o
    0x08001e82   0x08001e82   0x000000ba   Code   RO         2139    i.HAL_DMA_IRQHandler  stm32g4xx_hal_dma.o
    0x08001f3c   0x08001f3c   0x000000c0   Code   RO         2140    i.HAL_DMA_Init      stm32g4xx_hal_dma.o
    0x08001ffc   0x08001ffc   0x0000008c   Code   RO         2144    i.HAL_DMA_Start_IT  stm32g4xx_hal_dma.o
    0x08002088   0x08002088   0x00000024   Code   RO         1305    i.HAL_Delay         stm32g4xx_hal.o
    0x080020ac   0x080020ac   0x00000002   Code   RO          666    i.HAL_GPIO_EXTI_Callback  stm32g4xx_it.o
    0x080020ae   0x080020ae   0x00000002   PAD
    0x080020b0   0x080020b0   0x00000018   Code   RO         1995    i.HAL_GPIO_EXTI_IRQHandler  stm32g4xx_hal_gpio.o
    0x080020c8   0x080020c8   0x00000248   Code   RO         1996    i.HAL_GPIO_Init     stm32g4xx_hal_gpio.o
    0x08002310   0x08002310   0x0000000a   Code   RO         1998    i.HAL_GPIO_ReadPin  stm32g4xx_hal_gpio.o
    0x0800231a   0x0800231a   0x00000010   Code   RO         1999    i.HAL_GPIO_TogglePin  stm32g4xx_hal_gpio.o
    0x0800232a   0x0800232a   0x0000000a   Code   RO         2000    i.HAL_GPIO_WritePin  stm32g4xx_hal_gpio.o
    0x08002334   0x08002334   0x0000000c   Code   RO         1309    i.HAL_GetTick       stm32g4xx_hal.o
    0x08002340   0x08002340   0x00000010   Code   RO         1312    i.HAL_IncTick       stm32g4xx_hal.o
    0x08002350   0x08002350   0x0000001e   Code   RO         1313    i.HAL_Init          stm32g4xx_hal.o
    0x0800236e   0x0800236e   0x00000002   PAD
    0x08002370   0x08002370   0x00000044   Code   RO         1314    i.HAL_InitTick      stm32g4xx_hal.o
    0x080023b4   0x080023b4   0x00000038   Code   RO          789    i.HAL_MspInit       stm32g4xx_hal_msp.o
    0x080023ec   0x080023ec   0x00000022   Code   RO         2642    i.HAL_NVIC_DisableIRQ  stm32g4xx_hal_cortex.o
    0x0800240e   0x0800240e   0x0000001a   Code   RO         2643    i.HAL_NVIC_EnableIRQ  stm32g4xx_hal_cortex.o
    0x08002428   0x08002428   0x00000040   Code   RO         2649    i.HAL_NVIC_SetPriority  stm32g4xx_hal_cortex.o
    0x08002468   0x08002468   0x00000024   Code   RO         2650    i.HAL_NVIC_SetPriorityGrouping  stm32g4xx_hal_cortex.o
    0x0800248c   0x0800248c   0x000000bc   Code   RO         2399    i.HAL_PWREx_ControlVoltageScaling  stm32g4xx_hal_pwr_ex.o
    0x08002548   0x08002548   0x00000010   Code   RO         2411    i.HAL_PWREx_DisableUCPDDeadBattery  stm32g4xx_hal_pwr_ex.o
    0x08002558   0x08002558   0x00000288   Code   RO         1658    i.HAL_RCCEx_PeriphCLKConfig  stm32g4xx_hal_rcc_ex.o
    0x080027e0   0x080027e0   0x000001dc   Code   RO         1533    i.HAL_RCC_ClockConfig  stm32g4xx_hal_rcc.o
    0x080029bc   0x080029bc   0x00000024   Code   RO         1541    i.HAL_RCC_GetPCLK1Freq  stm32g4xx_hal_rcc.o
    0x080029e0   0x080029e0   0x00000024   Code   RO         1542    i.HAL_RCC_GetPCLK2Freq  stm32g4xx_hal_rcc.o
    0x08002a04   0x08002a04   0x0000006c   Code   RO         1543    i.HAL_RCC_GetSysClockFreq  stm32g4xx_hal_rcc.o
    0x08002a70   0x08002a70   0x0000040c   Code   RO         1546    i.HAL_RCC_OscConfig  stm32g4xx_hal_rcc.o
    0x08002e7c   0x08002e7c   0x00000028   Code   RO         2654    i.HAL_SYSTICK_Config  stm32g4xx_hal_cortex.o
    0x08002ea4   0x08002ea4   0x00000002   Code   RO         3489    i.HAL_TIMEx_Break2Callback  stm32g4xx_hal_tim_ex.o
    0x08002ea6   0x08002ea6   0x00000002   Code   RO         3490    i.HAL_TIMEx_BreakCallback  stm32g4xx_hal_tim_ex.o
    0x08002ea8   0x08002ea8   0x00000002   Code   RO         3491    i.HAL_TIMEx_CommutCallback  stm32g4xx_hal_tim_ex.o
    0x08002eaa   0x08002eaa   0x00000002   PAD
    0x08002eac   0x08002eac   0x000000ac   Code   RO         3494    i.HAL_TIMEx_ConfigBreakDeadTime  stm32g4xx_hal_tim_ex.o
    0x08002f58   0x08002f58   0x00000002   Code   RO         3502    i.HAL_TIMEx_DirectionChangeCallback  stm32g4xx_hal_tim_ex.o
    0x08002f5a   0x08002f5a   0x0000000e   Code   RO         3512    i.HAL_TIMEx_EnableDeadTimePreload  stm32g4xx_hal_tim_ex.o
    0x08002f68   0x08002f68   0x00000002   Code   RO         3516    i.HAL_TIMEx_EncoderIndexCallback  stm32g4xx_hal_tim_ex.o
    0x08002f6a   0x08002f6a   0x00000002   Code   RO         3530    i.HAL_TIMEx_IndexErrorCallback  stm32g4xx_hal_tim_ex.o
    0x08002f6c   0x08002f6c   0x0000009c   Code   RO         3531    i.HAL_TIMEx_MasterConfigSynchronization  stm32g4xx_hal_tim_ex.o
    0x08003008   0x08003008   0x000000b8   Code   RO         3543    i.HAL_TIMEx_PWMN_Start  stm32g4xx_hal_tim_ex.o
    0x080030c0   0x080030c0   0x00000002   Code   RO         3552    i.HAL_TIMEx_TransitionErrorCallback  stm32g4xx_hal_tim_ex.o
    0x080030c2   0x080030c2   0x00000062   Code   RO         2775    i.HAL_TIM_Base_Init  stm32g4xx_hal_tim.o
    0x08003124   0x08003124   0x00000048   Code   RO          557    i.HAL_TIM_Base_MspDeInit  tim.o
    0x0800316c   0x0800316c   0x0000007c   Code   RO          558    i.HAL_TIM_Base_MspInit  tim.o
    0x080031e8   0x080031e8   0x0000006c   Code   RO         2778    i.HAL_TIM_Base_Start  stm32g4xx_hal_tim.o
    0x08003254   0x08003254   0x00000078   Code   RO         2780    i.HAL_TIM_Base_Start_IT  stm32g4xx_hal_tim.o
    0x080032cc   0x080032cc   0x00000100   Code   RO         2784    i.HAL_TIM_ConfigClockSource  stm32g4xx_hal_tim.o
    0x080033cc   0x080033cc   0x00000002   Code   RO         2809    i.HAL_TIM_IC_CaptureCallback  stm32g4xx_hal_tim.o
    0x080033ce   0x080033ce   0x000001fc   Code   RO         2823    i.HAL_TIM_IRQHandler  stm32g4xx_hal_tim.o
    0x080035ca   0x080035ca   0x00000002   PAD
    0x080035cc   0x080035cc   0x000000a8   Code   RO          559    i.HAL_TIM_MspPostInit  tim.o
    0x08003674   0x08003674   0x00000002   Code   RO         2826    i.HAL_TIM_OC_DelayElapsedCallback  stm32g4xx_hal_tim.o
    0x08003676   0x08003676   0x00000124   Code   RO         2847    i.HAL_TIM_PWM_ConfigChannel  stm32g4xx_hal_tim.o
    0x0800379a   0x0800379a   0x00000062   Code   RO         2850    i.HAL_TIM_PWM_Init  stm32g4xx_hal_tim.o
    0x080037fc   0x080037fc   0x00000002   Code   RO         2852    i.HAL_TIM_PWM_MspInit  stm32g4xx_hal_tim.o
    0x080037fe   0x080037fe   0x00000002   Code   RO         2853    i.HAL_TIM_PWM_PulseFinishedCallback  stm32g4xx_hal_tim.o
    0x08003800   0x08003800   0x000000fc   Code   RO         2855    i.HAL_TIM_PWM_Start  stm32g4xx_hal_tim.o
    0x080038fc   0x080038fc   0x00000002   Code   RO         2861    i.HAL_TIM_PeriodElapsedCallback  stm32g4xx_hal_tim.o
    0x080038fe   0x080038fe   0x00000002   Code   RO         2866    i.HAL_TIM_TriggerCallback  stm32g4xx_hal_tim.o
    0x08003900   0x08003900   0x0000003e   Code   RO         4338    i.HAL_UARTEx_DisableFifoMode  stm32g4xx_hal_uart_ex.o
    0x0800393e   0x0800393e   0x00000002   Code   RO         3927    i.HAL_UARTEx_RxEventCallback  stm32g4xx_hal_uart.o
    0x08003940   0x08003940   0x00000002   Code   RO         4345    i.HAL_UARTEx_RxFifoFullCallback  stm32g4xx_hal_uart_ex.o
    0x08003942   0x08003942   0x0000004c   Code   RO         4346    i.HAL_UARTEx_SetRxFifoThreshold  stm32g4xx_hal_uart_ex.o
    0x0800398e   0x0800398e   0x0000004c   Code   RO         4347    i.HAL_UARTEx_SetTxFifoThreshold  stm32g4xx_hal_uart_ex.o
    0x080039da   0x080039da   0x00000002   Code   RO         4349    i.HAL_UARTEx_TxFifoEmptyCallback  stm32g4xx_hal_uart_ex.o
    0x080039dc   0x080039dc   0x00000002   Code   RO         4350    i.HAL_UARTEx_WakeupCallback  stm32g4xx_hal_uart_ex.o
    0x080039de   0x080039de   0x00000002   Code   RO         3943    i.HAL_UART_ErrorCallback  stm32g4xx_hal_uart.o
    0x080039e0   0x080039e0   0x000002e0   Code   RO         3946    i.HAL_UART_IRQHandler  stm32g4xx_hal_uart.o
    0x08003cc0   0x08003cc0   0x0000006a   Code   RO         3947    i.HAL_UART_Init     stm32g4xx_hal_uart.o
    0x08003d2a   0x08003d2a   0x00000002   PAD
    0x08003d2c   0x08003d2c   0x0000011c   Code   RO          618    i.HAL_UART_MspInit  usart.o
    0x08003e48   0x08003e48   0x00000054   Code   RO         3951    i.HAL_UART_Receive_DMA  stm32g4xx_hal_uart.o
    0x08003e9c   0x08003e9c   0x00000002   Code   RO         3954    i.HAL_UART_RxCpltCallback  stm32g4xx_hal_uart.o
    0x08003e9e   0x08003e9e   0x00000002   Code   RO         3955    i.HAL_UART_RxHalfCpltCallback  stm32g4xx_hal_uart.o
    0x08003ea0   0x08003ea0   0x000000bc   Code   RO         3956    i.HAL_UART_Transmit  stm32g4xx_hal_uart.o
    0x08003f5c   0x08003f5c   0x00000002   Code   RO         3959    i.HAL_UART_TxCpltCallback  stm32g4xx_hal_uart.o
    0x08003f5e   0x08003f5e   0x00000002   Code   RO          667    i.HardFault_Handler  stm32g4xx_it.o
    0x08003f60   0x08003f60   0x00000042   Code   RO          192    i.IIC_Ack           iic.o
    0x08003fa2   0x08003fa2   0x0000000a   Code   RO          193    i.IIC_Delay         iic.o
    0x08003fac   0x08003fac   0x00000004   Code   RO          194    i.IIC_Init          iic.o
    0x08003fb0   0x08003fb0   0x00000034   Code   RO          195    i.IIC_Nack          iic.o
    0x08003fe4   0x08003fe4   0x00000056   Code   RO          196    i.IIC_Read_Byte     iic.o
    0x0800403a   0x0800403a   0x00000060   Code   RO          197    i.IIC_Send_Byte     iic.o
    0x0800409a   0x0800409a   0x0000003e   Code   RO          198    i.IIC_Start         iic.o
    0x080040d8   0x080040d8   0x00000030   Code   RO          199    i.IIC_Stop          iic.o
    0x08004108   0x08004108   0x00000056   Code   RO          200    i.IIC_Wait_ack      iic.o
    0x0800415e   0x0800415e   0x0000000c   Code   RO          881    i.LL_ADC_GetOffsetChannel  stm32g4xx_hal_adc.o
    0x0800416a   0x0800416a   0x0000000c   Code   RO         1114    i.LL_ADC_GetOffsetChannel  stm32g4xx_hal_adc_ex.o
    0x08004176   0x08004176   0x00000008   Code   RO          882    i.LL_ADC_INJ_IsConversionOngoing  stm32g4xx_hal_adc.o
    0x0800417e   0x0800417e   0x00000008   Code   RO         1115    i.LL_ADC_INJ_IsConversionOngoing  stm32g4xx_hal_adc_ex.o
    0x08004186   0x08004186   0x00000008   Code   RO          883    i.LL_ADC_REG_IsConversionOngoing  stm32g4xx_hal_adc.o
    0x0800418e   0x0800418e   0x00000008   Code   RO         1116    i.LL_ADC_REG_IsConversionOngoing  stm32g4xx_hal_adc_ex.o
    0x08004196   0x08004196   0x00000010   Code   RO          884    i.LL_ADC_REG_IsTriggerSourceSWStart  stm32g4xx_hal_adc.o
    0x080041a6   0x080041a6   0x0000001e   Code   RO          886    i.LL_ADC_SetChannelSamplingTime  stm32g4xx_hal_adc.o
    0x080041c4   0x080041c4   0x0000001e   Code   RO         1117    i.LL_ADC_SetChannelSamplingTime  stm32g4xx_hal_adc_ex.o
    0x080041e2   0x080041e2   0x00000010   Code   RO          887    i.LL_ADC_SetOffsetState  stm32g4xx_hal_adc.o
    0x080041f2   0x080041f2   0x00000010   Code   RO         1118    i.LL_ADC_SetOffsetState  stm32g4xx_hal_adc_ex.o
    0x08004202   0x08004202   0x00000002   PAD
    0x08004204   0x08004204   0x000000f4   Code   RO          493    i.MX_ADC1_Init      adc.o
    0x080042f8   0x080042f8   0x0000004c   Code   RO          533    i.MX_DMA_Init       dma.o
    0x08004344   0x08004344   0x000000e0   Code   RO          467    i.MX_GPIO_Init      gpio.o
    0x08004424   0x08004424   0x0000006c   Code   RO          560    i.MX_TIM15_Init     tim.o
    0x08004490   0x08004490   0x0000011c   Code   RO          561    i.MX_TIM1_Init      tim.o
    0x080045ac   0x080045ac   0x00000044   Code   RO          562    i.MX_TIM6_Init      tim.o
    0x080045f0   0x080045f0   0x00000068   Code   RO          619    i.MX_USART1_UART_Init  usart.o
    0x08004658   0x08004658   0x00000002   Code   RO          668    i.MemManage_Handler  stm32g4xx_it.o
    0x0800465a   0x0800465a   0x00000002   Code   RO          669    i.NMI_Handler       stm32g4xx_it.o
    0x0800465c   0x0800465c   0x00000002   Code   RO          670    i.PendSV_Handler    stm32g4xx_it.o
    0x0800465e   0x0800465e   0x00000002   Code   RO          671    i.SVC_Handler       stm32g4xx_it.o
    0x08004660   0x08004660   0x00000004   Code   RO          672    i.SysTick_Handler   stm32g4xx_it.o
    0x08004664   0x08004664   0x00000056   Code   RO          410    i.SystemClock_Config  main.o
    0x080046ba   0x080046ba   0x00000002   PAD
    0x080046bc   0x080046bc   0x0000001c   Code   RO          814    i.SystemInit        system_stm32g4xx.o
    0x080046d8   0x080046d8   0x0000002c   Code   RO          673    i.TIM1_BRK_TIM15_IRQHandler  stm32g4xx_it.o
    0x08004704   0x08004704   0x0000000c   Code   RO          674    i.TIM6_DAC_IRQHandler  stm32g4xx_it.o
    0x08004710   0x08004710   0x000000b0   Code   RO         2868    i.TIM_Base_SetConfig  stm32g4xx_hal_tim.o
    0x080047c0   0x080047c0   0x0000001a   Code   RO         2869    i.TIM_CCxChannelCmd  stm32g4xx_hal_tim.o
    0x080047da   0x080047da   0x0000001a   Code   RO         3555    i.TIM_CCxNChannelCmd  stm32g4xx_hal_tim_ex.o
    0x080047f4   0x080047f4   0x00000014   Code   RO         2879    i.TIM_ETR_SetConfig  stm32g4xx_hal_tim.o
    0x08004808   0x08004808   0x00000014   Code   RO         2880    i.TIM_ITRx_SetConfig  stm32g4xx_hal_tim.o
    0x0800481c   0x0800481c   0x0000009c   Code   RO         2881    i.TIM_OC1_SetConfig  stm32g4xx_hal_tim.o
    0x080048b8   0x080048b8   0x00000090   Code   RO         2882    i.TIM_OC2_SetConfig  stm32g4xx_hal_tim.o
    0x08004948   0x08004948   0x00000090   Code   RO         2883    i.TIM_OC3_SetConfig  stm32g4xx_hal_tim.o
    0x080049d8   0x080049d8   0x00000090   Code   RO         2884    i.TIM_OC4_SetConfig  stm32g4xx_hal_tim.o
    0x08004a68   0x08004a68   0x00000070   Code   RO         2885    i.TIM_OC5_SetConfig  stm32g4xx_hal_tim.o
    0x08004ad8   0x08004ad8   0x00000070   Code   RO         2886    i.TIM_OC6_SetConfig  stm32g4xx_hal_tim.o
    0x08004b48   0x08004b48   0x00000022   Code   RO         2888    i.TIM_TI1_ConfigInputStage  stm32g4xx_hal_tim.o
    0x08004b6a   0x08004b6a   0x00000024   Code   RO         2890    i.TIM_TI2_ConfigInputStage  stm32g4xx_hal_tim.o
    0x08004b8e   0x08004b8e   0x00000002   PAD
    0x08004b90   0x08004b90   0x00000044   Code   RO         4351    i.UARTEx_SetNbDataToProcess  stm32g4xx_hal_uart_ex.o
    0x08004bd4   0x08004bd4   0x000000c8   Code   RO         3961    i.UART_AdvFeatureConfig  stm32g4xx_hal_uart.o
    0x08004c9c   0x08004c9c   0x00000060   Code   RO         3962    i.UART_CheckIdleState  stm32g4xx_hal_uart.o
    0x08004cfc   0x08004cfc   0x00000014   Code   RO         3963    i.UART_DMAAbortOnError  stm32g4xx_hal_uart.o
    0x08004d10   0x08004d10   0x00000050   Code   RO         3964    i.UART_DMAError     stm32g4xx_hal_uart.o
    0x08004d60   0x08004d60   0x00000082   Code   RO         3965    i.UART_DMAReceiveCplt  stm32g4xx_hal_uart.o
    0x08004de2   0x08004de2   0x0000001c   Code   RO         3967    i.UART_DMARxHalfCplt  stm32g4xx_hal_uart.o
    0x08004dfe   0x08004dfe   0x00000002   PAD
    0x08004e00   0x08004e00   0x00000054   Code   RO         3973    i.UART_EndRxTransfer  stm32g4xx_hal_uart.o
    0x08004e54   0x08004e54   0x0000002e   Code   RO         3974    i.UART_EndTxTransfer  stm32g4xx_hal_uart.o
    0x08004e82   0x08004e82   0x00000002   PAD
    0x08004e84   0x08004e84   0x00000274   Code   RO         3979    i.UART_SetConfig    stm32g4xx_hal_uart.o
    0x080050f8   0x080050f8   0x000000a4   Code   RO         3980    i.UART_Start_Receive_DMA  stm32g4xx_hal_uart.o
    0x0800519c   0x0800519c   0x000000c6   Code   RO         3986    i.UART_WaitOnFlagUntilTimeout  stm32g4xx_hal_uart.o
    0x08005262   0x08005262   0x00000002   PAD
    0x08005264   0x08005264   0x00000038   Code   RO          675    i.USART1_IRQHandler  stm32g4xx_it.o
    0x0800529c   0x0800529c   0x00000002   Code   RO          676    i.UsageFault_Handler  stm32g4xx_it.o
    0x0800529e   0x0800529e   0x00000002   PAD
    0x080052a0   0x080052a0   0x0000008c   Code   RO          263    i.Vofa_Bar_Handler  vofa.o
    0x0800532c   0x0800532c   0x0000001c   Code   RO          264    i.Vofa_Button_Handler  vofa.o
    0x08005348   0x08005348   0x0000003c   Code   RO          265    i.Vofa_FRAME_Handler  vofa.o
    0x08005384   0x08005384   0x0000002c   Code   RO          266    i.Vofa_Key_Handler  vofa.o
    0x080053b0   0x080053b0   0x0000001c   Code   RO          267    i.Vofa_Slider_Handler  vofa.o
    0x080053cc   0x080053cc   0x00000040   Code   RO          269    i.Vofa_Transmit     vofa.o
    0x0800540c   0x0800540c   0x00000094   Code   RO          270    i.Vofa_UART_Receive  vofa.o
    0x080054a0   0x080054a0   0x00000020   Code   RO         2656    i.__NVIC_SetPriority  stm32g4xx_hal_cortex.o
    0x080054c0   0x080054c0   0x00000074   Code   RO         4562    i.__hardfp_fmax     m_wm.l(fmax.o)
    0x08005534   0x08005534   0x00000074   Code   RO         4566    i.__hardfp_fmin     m_wm.l(fmin.o)
    0x080055a8   0x080055a8   0x0000000e   Code   RO         4620    i.__scatterload_copy  mc_w.l(handlers.o)
    0x080055b6   0x080055b6   0x00000002   Code   RO         4621    i.__scatterload_null  mc_w.l(handlers.o)
    0x080055b8   0x080055b8   0x0000000e   Code   RO         4622    i.__scatterload_zeroinit  mc_w.l(handlers.o)
    0x080055c6   0x080055c6   0x00000042   Code   RO           17    i.angle_Calculate   as5600.o
    0x08005608   0x08005608   0x00000180   Code   RO          411    i.main              main.o
    0x08005788   0x08005788   0x00000010   Data   RO          815    .constdata          system_stm32g4xx.o
    0x08005798   0x08005798   0x00000008   Data   RO          816    .constdata          system_stm32g4xx.o
    0x080057a0   0x080057a0   0x00000018   Data   RO         3987    .constdata          stm32g4xx_hal_uart.o
    0x080057b8   0x080057b8   0x00000010   Data   RO         4352    .constdata          stm32g4xx_hal_uart_ex.o
    0x080057c8   0x080057c8   0x00000804   Data   RO         4554    .rodata.sinTable_f32  arm_cortexM4lf_math.lib(arm_common_tables.o)
    0x08005fcc   0x08005fcc   0x00000020   Data   RO         4618    Region$$Table       anon$$obj.o


    Execution Region RW_IRAM1 (Exec base: 0x20000000, Load base: 0x08005fec, Size: 0x000007e0, Max: 0x00008000, ABSOLUTE)

    Exec Addr    Load Addr    Size         Type   Attr      Idx    E Section Name        Object

    0x20000000   0x08005fec   0x00000004   Data   RW          817    .data               system_stm32g4xx.o
    0x20000004   0x08005ff0   0x0000000c   Data   RW         1333    .data               stm32g4xx_hal.o
    0x20000010        -       0x00000018   Zero   RW           18    .bss                as5600.o
    0x20000028        -       0x000000a8   Zero   RW          271    .bss                vofa.o
    0x200000d0        -       0x00000032   Zero   RW          272    .bss                vofa.o
    0x20000102   0x08005ffc   0x00000002   PAD
    0x20000104        -       0x0000003c   Zero   RW          353    .bss                foc.o
    0x20000140        -       0x0000006c   Zero   RW          494    .bss                adc.o
    0x200001ac        -       0x000000e4   Zero   RW          563    .bss                tim.o
    0x20000290        -       0x00000150   Zero   RW          620    .bss                usart.o
    0x200003e0        -       0x00000400   Zero   RW            1    STACK               startup_stm32g431xx.o


==============================================================================

Image component sizes


      Code (inc. data)   RO Data    RW Data    ZI Data      Debug   Object Name

       376         18          0          0        108       1945   adc.o
       474         54          0          0         24     681931   as5600.o
        76          4          0          0          0        814   dma.o
       450         32          0          0         60       3334   foc.o
       224         10          0          0          0        999   gpio.o
       510          0          0          0          0       5002   iic.o
       472         58          0          0          0       2140   main.o
        36          8        472          0       1024        844   startup_stm32g431xx.o
       162         24          0         12          0       4381   stm32g4xx_hal.o
      2384         94          0          0          0      78287   stm32g4xx_hal_adc.o
      1878         74          0          0          0      76706   stm32g4xx_hal_adc_ex.o
       232         14          0          0          0      34597   stm32g4xx_hal_cortex.o
       906         30          0          0          0       6642   stm32g4xx_hal_dma.o
       644         40          0          0          0       4323   stm32g4xx_hal_gpio.o
        56          6          0          0          0        862   stm32g4xx_hal_msp.o
       204         18          0          0          0       1421   stm32g4xx_hal_pwr_ex.o
      1692         88          0          0          0       6320   stm32g4xx_hal_rcc.o
       648         10          0          0          0       1892   stm32g4xx_hal_rcc_ex.o
      2868        284          0          0          0      20207   stm32g4xx_hal_tim.o
       566         58          0          0          0       8545   stm32g4xx_hal_tim_ex.o
      2798        102         24          0          0      36184   stm32g4xx_hal_uart.o
       288          6         16          0          0       5422   stm32g4xx_hal_uart_ex.o
       260         50          0          0          0       9161   stm32g4xx_it.o
        28          6         24          4          0       1159   system_stm32g4xx.o
       824         78          0          0        228       4545   tim.o
       388         36          0          0        336       2028   usart.o
       512         32          0          0        218       5642   vofa.o

    ----------------------------------------------------------------------
     19990       1234        568         16       2000    1005333   Object Totals
         0          0         32          0          0          0   (incl. Generated)
        34          0          0          0          2          0   (incl. Padding)

    ----------------------------------------------------------------------

      Code (inc. data)   RO Data    RW Data    ZI Data      Debug   Library Member Name

         0          0       2052          0          0       4961   arm_common_tables.o
       160         12          0          0          0       1103   arm_cos_f32.o
       152         12          0          0          0       1098   arm_sin_f32.o
       116          0          0          0          0        164   fmax.o
       116          0          0          0          0        164   fmin.o
         0          0          0          0          0          0   entry.o
         0          0          0          0          0          0   entry10a.o
         0          0          0          0          0          0   entry11a.o
         8          4          0          0          0          0   entry2.o
         4          0          0          0          0          0   entry5.o
         0          0          0          0          0          0   entry7b.o
         0          0          0          0          0          0   entry8b.o
         8          4          0          0          0          0   entry9a.o
        30          0          0          0          0          0   handlers.o
        36          8          0          0          0         68   init.o
         0          0          0          0          0          0   iusefp.o
        30          0          0          0          0         68   llshl.o
        36          0          0          0          0         68   llsshr.o
        32          0          0          0          0         68   llushr.o
        36          0          0          0          0         68   memcpya.o
        36          0          0          0          0        108   memseta.o
        98          0          0          0          0         92   uldiv.o
        56          0          0          0          0         88   d2f.o
       334          0          0          0          0        148   dadd.o
        96          0          0          0          0         80   dcmp4.o
       186          0          0          0          0        176   depilogue.o
       228          0          0          0          0         96   dmul.o
        38          0          0          0          0         68   f2d.o
       110          0          0          0          0        168   fepilogue.o

    ----------------------------------------------------------------------
      1946         40       2052          0          0       8854   Library Totals
         0          0          0          0          0          0   (incl. Padding)

    ----------------------------------------------------------------------

      Code (inc. data)   RO Data    RW Data    ZI Data      Debug   Library Name

       312         24       2052          0          0       7162   arm_cortexM4lf_math.lib
       232          0          0          0          0        328   m_wm.l
       354         16          0          0          0        540   mc_w.l
      1048          0          0          0          0        824   mf_w.l

    ----------------------------------------------------------------------
      1946         40       2052          0          0       8854   Library Totals

    ----------------------------------------------------------------------

==============================================================================


      Code (inc. data)   RO Data    RW Data    ZI Data      Debug   

     21936       1274       2620         16       2000     996503   Grand Totals
     21936       1274       2620         16       2000     996503   ELF Image Totals
     21936       1274       2620         16          0          0   ROM Totals

==============================================================================

    Total RO  Size (Code + RO Data)                24556 (  23.98kB)
    Total RW  Size (RW Data + ZI Data)              2016 (   1.97kB)
    Total ROM Size (Code + RO Data + RW Data)      24572 (  24.00kB)

==============================================================================

