Component: ARM Compiler 5.06 update 1 (build 61) Tool: armlink [4d35a8]

==============================================================================

Section Cross References

    startup_stm32g431xx.o(RESET) refers to startup_stm32g431xx.o(STACK) for __initial_sp
    startup_stm32g431xx.o(RESET) refers to startup_stm32g431xx.o(.text) for Reset_Handler
    startup_stm32g431xx.o(RESET) refers to stm32g4xx_it.o(i.NMI_Handler) for NMI_Handler
    startup_stm32g431xx.o(RESET) refers to stm32g4xx_it.o(i.HardFault_Handler) for HardFault_Handler
    startup_stm32g431xx.o(RESET) refers to stm32g4xx_it.o(i.MemManage_Handler) for MemManage_Handler
    startup_stm32g431xx.o(RESET) refers to stm32g4xx_it.o(i.BusFault_Handler) for BusFault_Handler
    startup_stm32g431xx.o(RESET) refers to stm32g4xx_it.o(i.UsageFault_Handler) for UsageFault_Handler
    startup_stm32g431xx.o(RESET) refers to stm32g4xx_it.o(i.SVC_Handler) for SVC_Handler
    startup_stm32g431xx.o(RESET) refers to stm32g4xx_it.o(i.DebugMon_Handler) for DebugMon_Handler
    startup_stm32g431xx.o(RESET) refers to stm32g4xx_it.o(i.PendSV_Handler) for PendSV_Handler
    startup_stm32g431xx.o(RESET) refers to stm32g4xx_it.o(i.SysTick_Handler) for SysTick_Handler
    startup_stm32g431xx.o(RESET) refers to stm32g4xx_it.o(i.DMA1_Channel1_IRQHandler) for DMA1_Channel1_IRQHandler
    startup_stm32g431xx.o(RESET) refers to stm32g4xx_it.o(i.DMA1_Channel2_IRQHandler) for DMA1_Channel2_IRQHandler
    startup_stm32g431xx.o(RESET) refers to stm32g4xx_it.o(i.ADC1_2_IRQHandler) for ADC1_2_IRQHandler
    startup_stm32g431xx.o(RESET) refers to stm32g4xx_it.o(i.TIM1_BRK_TIM15_IRQHandler) for TIM1_BRK_TIM15_IRQHandler
    startup_stm32g431xx.o(RESET) refers to stm32g4xx_it.o(i.USART1_IRQHandler) for USART1_IRQHandler
    startup_stm32g431xx.o(RESET) refers to stm32g4xx_it.o(i.EXTI15_10_IRQHandler) for EXTI15_10_IRQHandler
    startup_stm32g431xx.o(RESET) refers to stm32g4xx_it.o(i.TIM6_DAC_IRQHandler) for TIM6_DAC_IRQHandler
    startup_stm32g431xx.o(.text) refers to system_stm32g4xx.o(i.SystemInit) for SystemInit
    startup_stm32g431xx.o(.text) refers to entry.o(.ARM.Collect$$$$00000000) for __main
    vofa.o(i.Vofa_Bar_Handler) refers to vofa.o(.bss) for Vofa_RX
    vofa.o(i.Vofa_Button_Handler) refers to vofa.o(.bss) for Vofa_RX
    vofa.o(i.Vofa_FRAME_Handler) refers to vofa.o(i.Vofa_Slider_Handler) for Vofa_Slider_Handler
    vofa.o(i.Vofa_FRAME_Handler) refers to vofa.o(i.Vofa_Button_Handler) for Vofa_Button_Handler
    vofa.o(i.Vofa_FRAME_Handler) refers to vofa.o(i.Vofa_Key_Handler) for Vofa_Key_Handler
    vofa.o(i.Vofa_FRAME_Handler) refers to vofa.o(i.Vofa_Bar_Handler) for Vofa_Bar_Handler
    vofa.o(i.Vofa_FRAME_Handler) refers to vofa.o(.bss) for Vofa_RX
    vofa.o(i.Vofa_Key_Handler) refers to vofa.o(.bss) for Vofa_RX
    vofa.o(i.Vofa_Slider_Handler) refers to vofa.o(.bss) for Vofa_RX
    vofa.o(i.Vofa_Timeout) refers to vofa.o(.bss) for Vofa_RX
    vofa.o(i.Vofa_Transmit) refers to memcpya.o(.text) for __aeabi_memcpy4
    vofa.o(i.Vofa_Transmit) refers to stm32g4xx_hal_uart.o(i.HAL_UART_Transmit) for HAL_UART_Transmit
    vofa.o(i.Vofa_Transmit) refers to vofa.o(.bss) for tempFloat
    vofa.o(i.Vofa_UART_Receive) refers to memcpya.o(.text) for __aeabi_memcpy
    vofa.o(i.Vofa_UART_Receive) refers to vofa.o(i.Vofa_FRAME_Handler) for Vofa_FRAME_Handler
    vofa.o(i.Vofa_UART_Receive) refers to vofa.o(.bss) for Vofa_RX
    foc.o(i.FOC_AntiPark) refers to arm_cos_f32.o(.text.arm_cos_f32) for arm_cos_f32
    foc.o(i.FOC_AntiPark) refers to arm_sin_f32.o(.text.arm_sin_f32) for arm_sin_f32
    foc.o(i.FOC_Init) refers to stm32g4xx_hal_adc_ex.o(i.HAL_ADCEx_Calibration_Start) for HAL_ADCEx_Calibration_Start
    foc.o(i.FOC_Init) refers to stm32g4xx_hal_adc_ex.o(i.HAL_ADCEx_InjectedStart_IT) for HAL_ADCEx_InjectedStart_IT
    foc.o(i.FOC_Init) refers to stm32g4xx_hal_tim.o(i.HAL_TIM_Base_Start) for HAL_TIM_Base_Start
    foc.o(i.FOC_Init) refers to stm32g4xx_hal_tim.o(i.HAL_TIM_PWM_Start) for HAL_TIM_PWM_Start
    foc.o(i.FOC_Init) refers to pid.o(i.pid_param_init) for pid_param_init
    foc.o(i.FOC_Init) refers to stm32g4xx_hal.o(i.HAL_Delay) for HAL_Delay
    foc.o(i.FOC_Init) refers to stm32g4xx_hal_tim_ex.o(i.HAL_TIMEx_PWMN_Start) for HAL_TIMEx_PWMN_Start
    foc.o(i.FOC_Park) refers to arm_cos_f32.o(.text.arm_cos_f32) for arm_cos_f32
    foc.o(i.FOC_Park) refers to arm_sin_f32.o(.text.arm_sin_f32) for arm_sin_f32
    foc.o(i.FOC_Park) refers to foc.o(.bss) for FOC1_Handler
    foc.o(i.FOC_Pid_Cal) refers to pid.o(i.pid_calc) for pid_calc
    foc.o(i.FOC_Pid_Cal) refers to foc.o(.data) for i
    foc.o(i.FOC_Pid_Cal) refers to vofa.o(.bss) for tempFloat
    foc.o(i.FOC_SVPWM) refers to foc.o(i.FOC_AntiPark) for FOC_AntiPark
    foc.o(i.FOC_SVPWM) refers to f2d.o(.text) for __aeabi_f2d
    foc.o(i.FOC_SVPWM) refers to dmul.o(.text) for __aeabi_dmul
    foc.o(i.FOC_SVPWM) refers to d2f.o(.text) for __aeabi_d2f
[...]
    i.HAL_RCC_GetSysClockFreq                0x08003514   Section        0  stm32g4xx_hal_rcc.o(i.HAL_RCC_GetSysClockFreq)
    i.HAL_RCC_OscConfig                      0x080035ac   Section        0  stm32g4xx_hal_rcc.o(i.HAL_RCC_OscConfig)
    i.HAL_SPI_Init                           0x08003b14   Section        0  stm32g4xx_hal_spi.o(i.HAL_SPI_Init)
    i.HAL_SPI_MspInit                        0x08003c10   Section        0  spi.o(i.HAL_SPI_MspInit)
    i.HAL_SPI_Receive                        0x08003c84   Section        0  stm32g4xx_hal_spi.o(i.HAL_SPI_Receive)
    i.HAL_SPI_TransmitReceive                0x08003e2a   Section        0  stm32g4xx_hal_spi.o(i.HAL_SPI_TransmitReceive)
    i.HAL_SYSTICK_Config                     0x080040e6   Section        0  stm32g4xx_hal_cortex.o(i.HAL_SYSTICK_Config)
    i.HAL_TIMEx_Break2Callback               0x0800411a   Section        0  stm32g4xx_hal_tim_ex.o(i.HAL_TIMEx_Break2Callback)
    i.HAL_TIMEx_BreakCallback                0x0800411c   Section        0  stm32g4xx_hal_tim_ex.o(i.HAL_TIMEx_BreakCallback)
    i.HAL_TIMEx_CommutCallback               0x0800411e   Section        0  stm32g4xx_hal_tim_ex.o(i.HAL_TIMEx_CommutCallback)
    i.HAL_TIMEx_ConfigBreakDeadTime          0x08004120   Section        0  stm32g4xx_hal_tim_ex.o(i.HAL_TIMEx_ConfigBreakDeadTime)
    i.HAL_TIMEx_DirectionChangeCallback      0x08004208   Section        0  stm32g4xx_hal_tim_ex.o(i.HAL_TIMEx_DirectionChangeCallback)
    i.HAL_TIMEx_EnableDeadTimePreload        0x0800420a   Section        0  stm32g4xx_hal_tim_ex.o(i.HAL_TIMEx_EnableDeadTimePreload)
    i.HAL_TIMEx_EncoderIndexCallback         0x0800421c   Section        0  stm32g4xx_hal_tim_ex.o(i.HAL_TIMEx_EncoderIndexCallback)
    i.HAL_TIMEx_IndexErrorCallback           0x0800421e   Section        0  stm32g4xx_hal_tim_ex.o(i.HAL_TIMEx_IndexErrorCallback)
    i.HAL_TIMEx_MasterConfigSynchronization  0x08004220   Section        0  stm32g4xx_hal_tim_ex.o(i.HAL_TIMEx_MasterConfigSynchronization)
    i.HAL_TIMEx_PWMN_Start                   0x080042d8   Section        0  stm32g4xx_hal_tim_ex.o(i.HAL_TIMEx_PWMN_Start)
    i.HAL_TIMEx_TransitionErrorCallback      0x080043c0   Section        0  stm32g4xx_hal_tim_ex.o(i.HAL_TIMEx_TransitionErrorCallback)
    i.HAL_TIM_Base_Init                      0x080043c2   Section        0  stm32g4xx_hal_tim.o(i.HAL_TIM_Base_Init)
    i.HAL_TIM_Base_MspInit                   0x08004430   Section        0  tim.o(i.HAL_TIM_Base_MspInit)
    i.HAL_TIM_Base_Start                     0x080044e8   Section        0  stm32g4xx_hal_tim.o(i.HAL_TIM_Base_Start)
    i.HAL_TIM_Base_Start_IT                  0x08004578   Section        0  stm32g4xx_hal_tim.o(i.HAL_TIM_Base_Start_IT)
    i.HAL_TIM_ConfigClockSource              0x08004614   Section        0  stm32g4xx_hal_tim.o(i.HAL_TIM_ConfigClockSource)
    i.HAL_TIM_IC_CaptureCallback             0x08004748   Section        0  stm32g4xx_hal_tim.o(i.HAL_TIM_IC_CaptureCallback)
    i.HAL_TIM_IRQHandler                     0x0800474a   Section        0  stm32g4xx_hal_tim.o(i.HAL_TIM_IRQHandler)
    i.HAL_TIM_MspPostInit                    0x0800498c   Section        0  tim.o(i.HAL_TIM_MspPostInit)
    i.HAL_TIM_OC_DelayElapsedCallback        0x08004a5c   Section        0  stm32g4xx_hal_tim.o(i.HAL_TIM_OC_DelayElapsedCallback)
    i.HAL_TIM_PWM_ConfigChannel              0x08004a5e   Section        0  stm32g4xx_hal_tim.o(i.HAL_TIM_PWM_ConfigChannel)
    i.HAL_TIM_PWM_Init                       0x08004bce   Section        0  stm32g4xx_hal_tim.o(i.HAL_TIM_PWM_Init)
    i.HAL_TIM_PWM_MspInit                    0x08004c3c   Section        0  stm32g4xx_hal_tim.o(i.HAL_TIM_PWM_MspInit)
    i.HAL_TIM_PWM_PulseFinishedCallback      0x08004c3e   Section        0  stm32g4xx_hal_tim.o(i.HAL_TIM_PWM_PulseFinishedCallback)
    i.HAL_TIM_PWM_Start                      0x08004c40   Section        0  stm32g4xx_hal_tim.o(i.HAL_TIM_PWM_Start)
    i.HAL_TIM_PeriodElapsedCallback          0x08004d8c   Section        0  stm32g4xx_hal_tim.o(i.HAL_TIM_PeriodElapsedCallback)
    i.HAL_TIM_TriggerCallback                0x08004d8e   Section        0  stm32g4xx_hal_tim.o(i.HAL_TIM_TriggerCallback)
    i.HAL_UARTEx_DisableFifoMode             0x08004d90   Section        0  stm32g4xx_hal_uart_ex.o(i.HAL_UARTEx_DisableFifoMode)
    i.HAL_UARTEx_RxEventCallback             0x08004dde   Section        0  stm32g4xx_hal_uart.o(i.HAL_UARTEx_RxEventCallback)
    i.HAL_UARTEx_RxFifoFullCallback          0x08004de0   Section        0  stm32g4xx_hal_uart_ex.o(i.HAL_UARTEx_RxFifoFullCallback)
    i.HAL_UARTEx_SetRxFifoThreshold          0x08004de2   Section        0  stm32g4xx_hal_uart_ex.o(i.HAL_UARTEx_SetRxFifoThreshold)
    i.HAL_UARTEx_SetTxFifoThreshold          0x08004e40   Section        0  stm32g4xx_hal_uart_ex.o(i.HAL_UARTEx_SetTxFifoThreshold)
    i.HAL_UARTEx_TxFifoEmptyCallback         0x08004e9e   Section        0  stm32g4xx_hal_uart_ex.o(i.HAL_UARTEx_TxFifoEmptyCallback)
    i.HAL_UARTEx_WakeupCallback              0x08004ea0   Section        0  stm32g4xx_hal_uart_ex.o(i.HAL_UARTEx_WakeupCallback)
    i.HAL_UART_ErrorCallback                 0x08004ea2   Section        0  stm32g4xx_hal_uart.o(i.HAL_UART_ErrorCallback)
    i.HAL_UART_IRQHandler                    0x08004ea4   Section        0  stm32g4xx_hal_uart.o(i.HAL_UART_IRQHandler)
    i.HAL_UART_Init                          0x08005234   Section        0  stm32g4xx_hal_uart.o(i.HAL_UART_Init)
    i.HAL_UART_MspInit                       0x080052ac   Section        0  usart.o(i.HAL_UART_MspInit)
    i.HAL_UART_Receive_DMA                   0x08005404   Section        0  stm32g4xx_hal_uart.o(i.HAL_UART_Receive_DMA)
    i.HAL_UART_RxCpltCallback                0x08005478   Section        0  stm32g4xx_hal_uart.o(i.HAL_UART_RxCpltCallback)
    i.HAL_UART_RxHalfCpltCallback            0x0800547a   Section        0  stm32g4xx_hal_uart.o(i.HAL_UART_RxHalfCpltCallback)
    i.HAL_UART_Transmit                      0x0800547c   Section        0  stm32g4xx_hal_uart.o(i.HAL_UART_Transmit)
    i.HAL_UART_TxCpltCallback                0x08005552   Section        0  stm32g4xx_hal_uart.o(i.HAL_UART_TxCpltCallback)
    i.HardFault_Handler                      0x08005554   Section        0  stm32g4xx_it.o(i.HardFault_Handler)
    i.LL_ADC_Enable                          0x08005558   Section        0  stm32g4xx_hal_adc.o(i.LL_ADC_Enable)
    LL_ADC_Enable                            0x08005559   Thumb Code    12  stm32g4xx_hal_adc.o(i.LL_ADC_Enable)
    i.LL_ADC_GetMultimode                    0x08005568   Section        0  stm32g4xx_hal_adc.o(i.LL_ADC_GetMultimode)
    LL_ADC_GetMultimode                      0x08005569   Thumb Code    10  stm32g4xx_hal_adc.o(i.LL_ADC_GetMultimode)
    i.LL_ADC_GetOffsetChannel                0x08005572   Section        0  stm32g4xx_hal_adc.o(i.LL_ADC_GetOffsetChannel)
    LL_ADC_GetOffsetChannel                  0x08005573   Thumb Code    18  stm32g4xx_hal_adc.o(i.LL_ADC_GetOffsetChannel)
    i.LL_ADC_GetOffsetChannel                0x08005584   Section        0  stm32g4xx_hal_adc_ex.o(i.LL_ADC_GetOffsetChannel)
    LL_ADC_GetOffsetChannel                  0x08005585   Thumb Code    18  stm32g4xx_hal_adc_ex.o(i.LL_ADC_GetOffsetChannel)
    i.LL_ADC_INJ_GetTrigAuto                 0x08005596   Section        0  stm32g4xx_hal_adc_ex.o(i.LL_ADC_INJ_GetTrigAuto)
    LL_ADC_INJ_GetTrigAuto                   0x08005597   Thumb Code    10  stm32g4xx_hal_adc_ex.o(i.LL_ADC_INJ_GetTrigAuto)
    i.LL_ADC_INJ_IsConversionOngoing         0x080055a0   Section        0  stm32g4xx_hal_adc.o(i.LL_ADC_INJ_IsConversionOngoing)
    LL_ADC_INJ_IsConversionOngoing           0x080055a1   Thumb Code    10  stm32g4xx_hal_adc.o(i.LL_ADC_INJ_IsConversionOngoing)
    i.LL_ADC_INJ_IsConversionOngoing         0x080055aa   Section        0  stm32g4xx_hal_adc_ex.o(i.LL_ADC_INJ_IsConversionOngoing)
    LL_ADC_INJ_IsConversionOngoing           0x080055ab   Thumb Code    10  stm32g4xx_hal_adc_ex.o(i.LL_ADC_INJ_IsConversionOngoing)
    i.LL_ADC_INJ_StartConversion             0x080055b4   Section        0  stm32g4xx_hal_adc_ex.o(i.LL_ADC_INJ_StartConversion)
    LL_ADC_INJ_StartConversion               0x080055b5   Thumb Code    14  stm32g4xx_hal_adc_ex.o(i.LL_ADC_INJ_StartConversion)
    i.LL_ADC_IsDisableOngoing                0x080055c8   Section        0  stm32g4xx_hal_adc.o(i.LL_ADC_IsDisableOngoing)
    LL_ADC_IsDisableOngoing                  0x080055c9   Thumb Code    10  stm32g4xx_hal_adc.o(i.LL_ADC_IsDisableOngoing)
    i.LL_ADC_IsEnabled                       0x080055d2   Section        0  stm32g4xx_hal_adc.o(i.LL_ADC_IsEnabled)
    LL_ADC_IsEnabled                         0x080055d3   Thumb Code    10  stm32g4xx_hal_adc.o(i.LL_ADC_IsEnabled)
    i.LL_ADC_IsEnabled                       0x080055dc   Section        0  stm32g4xx_hal_adc_ex.o(i.LL_ADC_IsEnabled)
    LL_ADC_IsEnabled                         0x080055dd   Thumb Code    10  stm32g4xx_hal_adc_ex.o(i.LL_ADC_IsEnabled)
    i.LL_ADC_IsInternalRegulatorEnabled      0x080055e6   Section        0  stm32g4xx_hal_adc.o(i.LL_ADC_IsInternalRegulatorEnabled)
    LL_ADC_IsInternalRegulatorEnabled        0x080055e7   Thumb Code    10  stm32g4xx_hal_adc.o(i.LL_ADC_IsInternalRegulatorEnabled)
    i.LL_ADC_REG_IsConversionOngoing         0x080055f0   Section        0  stm32g4xx_hal_adc.o(i.LL_ADC_REG_IsConversionOngoing)
    LL_ADC_REG_IsConversionOngoing           0x080055f1   Thumb Code    10  stm32g4xx_hal_adc.o(i.LL_ADC_REG_IsConversionOngoing)
    i.LL_ADC_REG_IsConversionOngoing         0x080055fa   Section        0  stm32g4xx_hal_adc_ex.o(i.LL_ADC_REG_IsConversionOngoing)
    LL_ADC_REG_IsConversionOngoing           0x080055fb   Thumb Code    10  stm32g4xx_hal_adc_ex.o(i.LL_ADC_REG_IsConversionOngoing)
    i.LL_ADC_REG_IsTriggerSourceSWStart      0x08005604   Section        0  stm32g4xx_hal_adc.o(i.LL_ADC_REG_IsTriggerSourceSWStart)
    LL_ADC_REG_IsTriggerSourceSWStart        0x08005605   Thumb Code    18  stm32g4xx_hal_adc.o(i.LL_ADC_REG_IsTriggerSourceSWStart)
    i.LL_ADC_SetChannelSamplingTime          0x08005616   Section        0  stm32g4xx_hal_adc.o(i.LL_ADC_SetChannelSamplingTime)
    LL_ADC_SetChannelSamplingTime            0x08005617   Thumb Code    40  stm32g4xx_hal_adc.o(i.LL_ADC_SetChannelSamplingTime)
    i.LL_ADC_SetChannelSamplingTime          0x0800563e   Section        0  stm32g4xx_hal_adc_ex.o(i.LL_ADC_SetChannelSamplingTime)
    LL_ADC_SetChannelSamplingTime            0x0800563f   Thumb Code    40  stm32g4xx_hal_adc_ex.o(i.LL_ADC_SetChannelSamplingTime)
    i.LL_ADC_SetCommonPathInternalCh         0x08005666   Section        0  stm32g4xx_hal_adc.o(i.LL_ADC_SetCommonPathInternalCh)
    LL_ADC_SetCommonPathInternalCh           0x08005667   Thumb Code    12  stm32g4xx_hal_adc.o(i.LL_ADC_SetCommonPathInternalCh)
    i.LL_ADC_SetCommonPathInternalCh         0x08005672   Section        0  stm32g4xx_hal_adc_ex.o(i.LL_ADC_SetCommonPathInternalCh)
    LL_ADC_SetCommonPathInternalCh           0x08005673   Thumb Code    12  stm32g4xx_hal_adc_ex.o(i.LL_ADC_SetCommonPathInternalCh)
    i.LL_ADC_SetOffsetState                  0x0800567e   Section        0  stm32g4xx_hal_adc.o(i.LL_ADC_SetOffsetState)
    LL_ADC_SetOffsetState                    0x0800567f   Thumb Code    22  stm32g4xx_hal_adc.o(i.LL_ADC_SetOffsetState)
    i.LL_ADC_SetOffsetState                  0x08005694   Section        0  stm32g4xx_hal_adc_ex.o(i.LL_ADC_SetOffsetState)
    LL_ADC_SetOffsetState                    0x08005695   Thumb Code    22  stm32g4xx_hal_adc_ex.o(i.LL_ADC_SetOffsetState)
    i.LL_ADC_SetSamplingTimeCommonConfig     0x080056aa   Section        0  stm32g4xx_hal_adc.o(i.LL_ADC_SetSamplingTimeCommonConfig)
    LL_ADC_SetSamplingTimeCommonConfig       0x080056ab   Thumb Code    12  stm32g4xx_hal_adc.o(i.LL_ADC_SetSamplingTimeCommonConfig)
    i.LL_ADC_SetSamplingTimeCommonConfig     0x080056b6   Section        0  stm32g4xx_hal_adc_ex.o(i.LL_ADC_SetSamplingTimeCommonConfig)
    LL_ADC_SetSamplingTimeCommonConfig       0x080056b7   Thumb Code    12  stm32g4xx_hal_adc_ex.o(i.LL_ADC_SetSamplingTimeCommonConfig)
    i.MT6701_GetAngle                        0x080056c4   Section        0  mt6701.o(i.MT6701_GetAngle)
    i.MT6701_Init                            0x08005744   Section        0  mt6701.o(i.MT6701_Init)
    i.MT6701_Speed_Cal_10khz                 0x080057d4   Section        0  mt6701.o(i.MT6701_Speed_Cal_10khz)
    i.MX_ADC1_Init                           0x0800588c   Section        0  adc.o(i.MX_ADC1_Init)
    i.MX_DMA_Init                            0x08005998   Section        0  dma.o(i.MX_DMA_Init)
    i.MX_GPIO_Init                           0x080059f8   Section        0  gpio.o(i.MX_GPIO_Init)
    i.MX_SPI1_Init                           0x08005ae8   Section        0  spi.o(i.MX_SPI1_Init)
    i.MX_TIM15_Init                          0x08005b3c   Section        0  tim.o(i.MX_TIM15_Init)
    i.MX_TIM1_Init                           0x08005bb0   Section        0  tim.o(i.MX_TIM1_Init)
    i.MX_TIM6_Init                           0x08005ce4   Section        0  tim.o(i.MX_TIM6_Init)
    i.MX_USART1_UART_Init                    0x08005d30   Section        0  usart.o(i.MX_USART1_UART_Init)
    i.MemManage_Handler                      0x08005d9c   Section        0  stm32g4xx_it.o(i.MemManage_Handler)
    i.NMI_Handler                            0x08005da0   Section        0  stm32g4xx_it.o(i.NMI_Handler)
    i.PendSV_Handler                         0x08005da2   Section        0  stm32g4xx_it.o(i.PendSV_Handler)
    i.RCC_GetSysClockFreqFromPLLSource       0x08005da4   Section        0  stm32g4xx_hal_rcc.o(i.RCC_GetSysClockFreqFromPLLSource)
    RCC_GetSysClockFreqFromPLLSource         0x08005da5   Thumb Code    90  stm32g4xx_hal_rcc.o(i.RCC_GetSysClockFreqFromPLLSource)
    i.SPI_EndRxTransaction                   0x08005e0c   Section        0  stm32g4xx_hal_spi.o(i.SPI_EndRxTransaction)
    SPI_EndRxTransaction                     0x08005e0d   Thumb Code   130  stm32g4xx_hal_spi.o(i.SPI_EndRxTransaction)
    i.SPI_EndRxTxTransaction                 0x08005e8e   Section        0  stm32g4xx_hal_spi.o(i.SPI_EndRxTxTransaction)
    SPI_EndRxTxTransaction                   0x08005e8f   Thumb Code   100  stm32g4xx_hal_spi.o(i.SPI_EndRxTxTransaction)
    i.SPI_WaitFifoStateUntilTimeout          0x08005ef4   Section        0  stm32g4xx_hal_spi.o(i.SPI_WaitFifoStateUntilTimeout)
    SPI_WaitFifoStateUntilTimeout            0x08005ef5   Thumb Code   242  stm32g4xx_hal_spi.o(i.SPI_WaitFifoStateUntilTimeout)
    i.SPI_WaitFlagStateUntilTimeout          0x08005fec   Section        0  stm32g4xx_hal_spi.o(i.SPI_WaitFlagStateUntilTimeout)
    SPI_WaitFlagStateUntilTimeout            0x08005fed   Thumb Code   210  stm32g4xx_hal_spi.o(i.SPI_WaitFlagStateUntilTimeout)
    i.SVC_Handler                            0x080060c4   Section        0  stm32g4xx_it.o(i.SVC_Handler)
    i.SysTick_Handler                        0x080060c6   Section        0  stm32g4xx_it.o(i.SysTick_Handler)
    i.SystemClock_Config                     0x080060ce   Section        0  main.o(i.SystemClock_Config)
    i.SystemInit                             0x08006138   Section        0  system_stm32g4xx.o(i.SystemInit)
    i.TIM1_BRK_TIM15_IRQHandler              0x08006154   Section        0  stm32g4xx_it.o(i.TIM1_BRK_TIM15_IRQHandler)
    i.TIM6_DAC_IRQHandler                    0x08006178   Section        0  stm32g4xx_it.o(i.TIM6_DAC_IRQHandler)
    i.TIM_Base_SetConfig                     0x08006188   Section        0  stm32g4xx_hal_tim.o(i.TIM_Base_SetConfig)
    i.TIM_CCxChannelCmd                      0x08006244   Section        0  stm32g4xx_hal_tim.o(i.TIM_CCxChannelCmd)
    i.TIM_CCxNChannelCmd                     0x08006266   Section        0  stm32g4xx_hal_tim_ex.o(i.TIM_CCxNChannelCmd)
    TIM_CCxNChannelCmd                       0x08006267   Thumb Code    34  stm32g4xx_hal_tim_ex.o(i.TIM_CCxNChannelCmd)
    i.TIM_ETR_SetConfig                      0x08006288   Section        0  stm32g4xx_hal_tim.o(i.TIM_ETR_SetConfig)
    i.TIM_ITRx_SetConfig                     0x080062a0   Section        0  stm32g4xx_hal_tim.o(i.TIM_ITRx_SetConfig)
    TIM_ITRx_SetConfig                       0x080062a1   Thumb Code    18  stm32g4xx_hal_tim.o(i.TIM_ITRx_SetConfig)
    i.TIM_OC1_SetConfig                      0x080062b8   Section        0  stm32g4xx_hal_tim.o(i.TIM_OC1_SetConfig)
    TIM_OC1_SetConfig                        0x080062b9   Thumb Code   146  stm32g4xx_hal_tim.o(i.TIM_OC1_SetConfig)
    i.TIM_OC2_SetConfig                      0x08006364   Section        0  stm32g4xx_hal_tim.o(i.TIM_OC2_SetConfig)
    i.TIM_OC3_SetConfig                      0x08006418   Section        0  stm32g4xx_hal_tim.o(i.TIM_OC3_SetConfig)
    TIM_OC3_SetConfig                        0x08006419   Thumb Code   154  stm32g4xx_hal_tim.o(i.TIM_OC3_SetConfig)
    i.TIM_OC4_SetConfig                      0x080064cc   Section        0  stm32g4xx_hal_tim.o(i.TIM_OC4_SetConfig)
    TIM_OC4_SetConfig                        0x080064cd   Thumb Code   156  stm32g4xx_hal_tim.o(i.TIM_OC4_SetConfig)
    i.TIM_OC5_SetConfig                      0x08006580   Section        0  stm32g4xx_hal_tim.o(i.TIM_OC5_SetConfig)
    TIM_OC5_SetConfig                        0x08006581   Thumb Code    86  stm32g4xx_hal_tim.o(i.TIM_OC5_SetConfig)
    i.TIM_OC6_SetConfig                      0x080065f0   Section        0  stm32g4xx_hal_tim.o(i.TIM_OC6_SetConfig)
    TIM_OC6_SetConfig                        0x080065f1   Thumb Code    88  stm32g4xx_hal_tim.o(i.TIM_OC6_SetConfig)
    i.TIM_TI1_ConfigInputStage               0x08006660   Section        0  stm32g4xx_hal_tim.o(i.TIM_TI1_ConfigInputStage)
    TIM_TI1_ConfigInputStage                 0x08006661   Thumb Code    38  stm32g4xx_hal_tim.o(i.TIM_TI1_ConfigInputStage)
    i.TIM_TI2_ConfigInputStage               0x08006686   Section        0  stm32g4xx_hal_tim.o(i.TIM_TI2_ConfigInputStage)
    TIM_TI2_ConfigInputStage                 0x08006687   Thumb Code    40  stm32g4xx_hal_tim.o(i.TIM_TI2_ConfigInputStage)
    i.UARTEx_SetNbDataToProcess              0x080066b0   Section        0  stm32g4xx_hal_uart_ex.o(i.UARTEx_SetNbDataToProcess)
    UARTEx_SetNbDataToProcess                0x080066b1   Thumb Code    78  stm32g4xx_hal_uart_ex.o(i.UARTEx_SetNbDataToProcess)
    i.UART_AdvFeatureConfig                  0x08006708   Section        0  stm32g4xx_hal_uart.o(i.UART_AdvFeatureConfig)
    i.UART_CheckIdleState                    0x08006800   Section        0  stm32g4xx_hal_uart.o(i.UART_CheckIdleState)
    i.UART_DMAAbortOnError                   0x08006876   Section        0  stm32g4xx_hal_uart.o(i.UART_DMAAbortOnError)
    UART_DMAAbortOnError                     0x08006877   Thumb Code    24  stm32g4xx_hal_uart.o(i.UART_DMAAbortOnError)
    i.UART_DMAError                          0x0800688e   Section        0  stm32g4xx_hal_uart.o(i.UART_DMAError)
    UART_DMAError                            0x0800688f   Thumb Code    94  stm32g4xx_hal_uart.o(i.UART_DMAError)
    i.UART_DMAReceiveCplt                    0x080068ec   Section        0  stm32g4xx_hal_uart.o(i.UART_DMAReceiveCplt)
    UART_DMAReceiveCplt                      0x080068ed   Thumb Code   176  stm32g4xx_hal_uart.o(i.UART_DMAReceiveCplt)
    i.UART_DMARxHalfCplt                     0x0800699c   Section        0  stm32g4xx_hal_uart.o(i.UART_DMARxHalfCplt)
    UART_DMARxHalfCplt                       0x0800699d   Thumb Code    34  stm32g4xx_hal_uart.o(i.UART_DMARxHalfCplt)
    i.UART_EndRxTransfer                     0x080069c0   Section        0  stm32g4xx_hal_uart.o(i.UART_EndRxTransfer)
    UART_EndRxTransfer                       0x080069c1   Thumb Code   104  stm32g4xx_hal_uart.o(i.UART_EndRxTransfer)
    i.UART_EndTransmit_IT                    0x08006a2c   Section        0  stm32g4xx_hal_uart.o(i.UART_EndTransmit_IT)
    UART_EndTransmit_IT                      0x08006a2d   Thumb Code    48  stm32g4xx_hal_uart.o(i.UART_EndTransmit_IT)
    i.UART_EndTxTransfer                     0x08006a5c   Section        0  stm32g4xx_hal_uart.o(i.UART_EndTxTransfer)
    UART_EndTxTransfer                       0x08006a5d   Thumb Code    64  stm32g4xx_hal_uart.o(i.UART_EndTxTransfer)
    i.UART_SetConfig                         0x08006a9c   Section        0  stm32g4xx_hal_uart.o(i.UART_SetConfig)
    i.UART_Start_Receive_DMA                 0x08006e20   Section        0  stm32g4xx_hal_uart.o(i.UART_Start_Receive_DMA)
    i.UART_WaitOnFlagUntilTimeout            0x08006ef4   Section        0  stm32g4xx_hal_uart.o(i.UART_WaitOnFlagUntilTimeout)
    i.USART1_IRQHandler                      0x08006ff4   Section        0  stm32g4xx_it.o(i.USART1_IRQHandler)
    i.UsageFault_Handler                     0x08007030   Section        0  stm32g4xx_it.o(i.UsageFault_Handler)
    i.Vofa_Bar_Handler                       0x08007034   Section        0  vofa.o(i.Vofa_Bar_Handler)
    i.Vofa_Button_Handler                    0x080070e8   Section        0  vofa.o(i.Vofa_Button_Handler)
    i.Vofa_FRAME_Handler                     0x0800710c   Section        0  vofa.o(i.Vofa_FRAME_Handler)
    i.Vofa_Key_Handler                       0x08007164   Section        0  vofa.o(i.Vofa_Key_Handler)
    i.Vofa_Slider_Handler                    0x0800719c   Section        0  vofa.o(i.Vofa_Slider_Handler)
    i.Vofa_Transmit                          0x080071c0   Section        0  vofa.o(i.Vofa_Transmit)
    i.Vofa_UART_Receive                      0x08007208   Section        0  vofa.o(i.Vofa_UART_Receive)
    i.__NVIC_GetPriorityGrouping             0x080072b0   Section        0  stm32g4xx_hal_cortex.o(i.__NVIC_GetPriorityGrouping)
    __NVIC_GetPriorityGrouping               0x080072b1   Thumb Code    10  stm32g4xx_hal_cortex.o(i.__NVIC_GetPriorityGrouping)
    i.__NVIC_SetPriority                     0x080072c0   Section        0  stm32g4xx_hal_cortex.o(i.__NVIC_SetPriority)
    __NVIC_SetPriority                       0x080072c1   Thumb Code    32  stm32g4xx_hal_cortex.o(i.__NVIC_SetPriority)
    i.__hardfp_fmax                          0x080072e8   Section        0  fmax.o(i.__hardfp_fmax)
    i.__hardfp_fmin                          0x0800735c   Section        0  fmin.o(i.__hardfp_fmin)
    i.__scatterload_copy                     0x080073d0   Section       14  handlers.o(i.__scatterload_copy)
    i.__scatterload_null                     0x080073de   Section        2  handlers.o(i.__scatterload_null)
    i.__scatterload_zeroinit                 0x080073e0   Section       14  handlers.o(i.__scatterload_zeroinit)
    i.abs_limit                              0x080073ee   Section        0  pid.o(i.abs_limit)
    i.angle_Calculate                        0x0800741c   Section        0  mt6701.o(i.angle_Calculate)
    angle_Calculate                          0x0800741d   Thumb Code    90  mt6701.o(i.angle_Calculate)
    i.main                                   0x08007478   Section        0  main.o(i.main)
    i.pid_calc                               0x080075fc   Section        0  pid.o(i.pid_calc)
    i.pid_param_init                         0x08007800   Section        0  pid.o(i.pid_param_init)
    .constdata                               0x08007818   Section       24  system_stm32g4xx.o(.constdata)
    .constdata                               0x08007830   Section       24  stm32g4xx_hal_uart.o(.constdata)
    .constdata                               0x08007848   Section       16  stm32g4xx_hal_uart_ex.o(.constdata)
    numerator                                0x08007848   Data           8  stm32g4xx_hal_uart_ex.o(.constdata)
    denominator                              0x08007850   Data           8  stm32g4xx_hal_uart_ex.o(.constdata)
    .data                                    0x20000000   Section       21  foc.o(.data)
    i                                        0x20000008   Data           2  foc.o(.data)
    current_ctrl_integral_d                  0x2000000c   Data           4  foc.o(.data)
    current_ctrl_integral_q                  0x20000010   Data           4  foc.o(.data)
    i                                        0x20000014   Data           1  foc.o(.data)
    .data                                    0x20000018   Section        4  mt6701.o(.data)
    last                                     0x20000018   Data           4  mt6701.o(.data)
    .data                                    0x2000001c   Section        4  system_stm32g4xx.o(.data)
    .data                                    0x20000020   Section       12  stm32g4xx_hal.o(.data)
    .bss                                     0x2000002c   Section      218  vofa.o(.bss)
    .bss                                     0x20000108   Section      312  foc.o(.bss)
    .bss                                     0x20000240   Section       56  user_config.o(.bss)
    .bss                                     0x20000278   Section       24  mt6701.o(.bss)
    .bss                                     0x20000290   Section      108  adc.o(.bss)
    .bss                                     0x200002fc   Section      100  spi.o(.bss)
    .bss                                     0x20000360   Section      228  tim.o(.bss)
    .bss                                     0x20000444   Section      336  usart.o(.bss)
    STACK                                    0x20000598   Section     1024  startup_stm32g431xx.o(STACK)

    Global Symbols

    Symbol Name                              Value     Ov Type        Size  Object(Section)

    BuildAttributes$$THM_ISAv4$E$P$D$K$B$S$7EM$VFPi3$EXTD16$VFPS$VFMA$PE$A:L22UL41UL21$X:L11$S22US41US21$IEEE1$IW$USESV6$~STKCKD$USESV7$~SHL$OTIME$ROPI$IEEEJ$EBA8$MICROLIB$REQ8$PRES8$EABIv2 0x00000000   Number         0  anon$$obj.o ABSOLUTE
    __ARM_use_no_argv                        0x00000000   Number         0  main.o ABSOLUTE
    __cpp_initialize__aeabi_                  - Undefined Weak Reference
    __cxa_finalize                            - Undefined Weak Reference
    __decompress                              - Undefined Weak Reference
    _clock_init                               - Undefined Weak Reference
    _microlib_exit                            - Undefined Weak Reference
    __Vectors_Size                           0x000001d8   Number         0  startup_stm32g431xx.o ABSOLUTE
    __Vectors                                0x08000000   Data           4  startup_stm32g431xx.o(RESET)
    __Vectors_End                            0x080001d8   Data           0  startup_stm32g431xx.o(RESET)
    __main                                   0x080001d9   Thumb Code     0  entry.o(.ARM.Collect$$$$00000000)
    _main_stk                                0x080001d9   Thumb Code     0  entry2.o(.ARM.Collect$$$$00000001)
    _main_scatterload                        0x080001dd   Thumb Code     0  entry5.o(.ARM.Collect$$$$00000004)
    __main_after_scatterload                 0x080001e1   Thumb Code     0  entry5.o(.ARM.Collect$$$$00000004)
    _main_clock                              0x080001e1   Thumb Code     0  entry7b.o(.ARM.Collect$$$$00000008)
    _main_cpp_init                           0x080001e1   Thumb Code     0  entry8b.o(.ARM.Collect$$$$0000000A)
    _main_init                               0x080001e1   Thumb Code     0  entry9a.o(.ARM.Collect$$$$0000000B)
    __rt_final_cpp                           0x080001e9   Thumb Code     0  entry10a.o(.ARM.Collect$$$$0000000D)
    __rt_final_exit                          0x080001e9   Thumb Code     0  entry11a.o(.ARM.Collect$$$$0000000F)
    Reset_Handler                            0x080001ed   Thumb Code     8  startup_stm32g431xx.o(.text)
    COMP1_2_3_IRQHandler                     0x08000207   Thumb Code     0  startup_stm32g431xx.o(.text)
    COMP4_IRQHandler                         0x08000207   Thumb Code     0  startup_stm32g431xx.o(.text)
    CORDIC_IRQHandler                        0x08000207   Thumb Code     0  startup_stm32g431xx.o(.text)
    CRS_IRQHandler                           0x08000207   Thumb Code     0  startup_stm32g431xx.o(.text)
    DMA1_Channel3_IRQHandler                 0x08000207   Thumb Code     0  startup_stm32g431xx.o(.text)
    DMA1_Channel4_IRQHandler                 0x08000207   Thumb Code     0  startup_stm32g431xx.o(.text)
    DMA1_Channel5_IRQHandler                 0x08000207   Thumb Code     0  startup_stm32g431xx.o(.text)
    DMA1_Channel6_IRQHandler                 0x08000207   Thumb Code     0  startup_stm32g431xx.o(.text)
    DMA2_Channel1_IRQHandler                 0x08000207   Thumb Code     0  startup_stm32g431xx.o(.text)
    DMA2_Channel2_IRQHandler                 0x08000207   Thumb Code     0  startup_stm32g431xx.o(.text)
    DMA2_Channel3_IRQHandler                 0x08000207   Thumb Code     0  startup_stm32g431xx.o(.text)
    DMA2_Channel4_IRQHandler                 0x08000207   Thumb Code     0  startup_stm32g431xx.o(.text)
    DMA2_Channel5_IRQHandler                 0x08000207   Thumb Code     0  startup_stm32g431xx.o(.text)
    DMA2_Channel6_IRQHandler                 0x08000207   Thumb Code     0  startup_stm32g431xx.o(.text)
    DMAMUX_OVR_IRQHandler                    0x08000207   Thumb Code     0  startup_stm32g431xx.o(.text)
    EXTI0_IRQHandler                         0x08000207   Thumb Code     0  startup_stm32g431xx.o(.text)
    EXTI1_IRQHandler                         0x08000207   Thumb Code     0  startup_stm32g431xx.o(.text)
    EXTI2_IRQHandler                         0x08000207   Thumb Code     0  startup_stm32g431xx.o(.text)
    EXTI3_IRQHandler                         0x08000207   Thumb Code     0  startup_stm32g431xx.o(.text)
    EXTI4_IRQHandler                         0x08000207   Thumb Code     0  startup_stm32g431xx.o(.text)
    EXTI9_5_IRQHandler                       0x08000207   Thumb Code     0  startup_stm32g431xx.o(.text)
    FDCAN1_IT0_IRQHandler                    0x08000207   Thumb Code     0  startup_stm32g431xx.o(.text)
    FDCAN1_IT1_IRQHandler                    0x08000207   Thumb Code     0  startup_stm32g431xx.o(.text)
    FLASH_IRQHandler                         0x08000207   Thumb Code     0  startup_stm32g431xx.o(.text)
    FMAC_IRQHandler                          0x08000207   Thumb Code     0  startup_stm32g431xx.o(.text)
    FPU_IRQHandler                           0x08000207   Thumb Code     0  startup_stm32g431xx.o(.text)
    I2C1_ER_IRQHandler                       0x08000207   Thumb Code     0  startup_stm32g431xx.o(.text)
    I2C1_EV_IRQHandler                       0x08000207   Thumb Code     0  startup_stm32g431xx.o(.text)
    I2C2_ER_IRQHandler                       0x08000207   Thumb Code     0  startup_stm32g431xx.o(.text)
    I2C2_EV_IRQHandler                       0x08000207   Thumb Code     0  startup_stm32g431xx.o(.text)
    I2C3_ER_IRQHandler                       0x08000207   Thumb Code     0  startup_stm32g431xx.o(.text)
    I2C3_EV_IRQHandler                       0x08000207   Thumb Code     0  startup_stm32g431xx.o(.text)
    LPTIM1_IRQHandler                        0x08000207   Thumb Code     0  startup_stm32g431xx.o(.text)
    LPUART1_IRQHandler                       0x08000207   Thumb Code     0  startup_stm32g431xx.o(.text)
    PVD_PVM_IRQHandler                       0x08000207   Thumb Code     0  startup_stm32g431xx.o(.text)
    RCC_IRQHandler                           0x08000207   Thumb Code     0  startup_stm32g431xx.o(.text)
    RNG_IRQHandler                           0x08000207   Thumb Code     0  startup_stm32g431xx.o(.text)
    RTC_Alarm_IRQHandler                     0x08000207   Thumb Code     0  startup_stm32g431xx.o(.text)
    RTC_TAMP_LSECSS_IRQHandler               0x08000207   Thumb Code     0  startup_stm32g431xx.o(.text)
    RTC_WKUP_IRQHandler                      0x08000207   Thumb Code     0  startup_stm32g431xx.o(.text)
    SAI1_IRQHandler                          0x08000207   Thumb Code     0  startup_stm32g431xx.o(.text)
    SPI1_IRQHandler                          0x08000207   Thumb Code     0  startup_stm32g431xx.o(.text)
    SPI2_IRQHandler                          0x08000207   Thumb Code     0  startup_stm32g431xx.o(.text)
    SPI3_IRQHandler                          0x08000207   Thumb Code     0  startup_stm32g431xx.o(.text)
    TIM1_CC_IRQHandler                       0x08000207   Thumb Code     0  startup_stm32g431xx.o(.text)
    TIM1_TRG_COM_TIM17_IRQHandler            0x08000207   Thumb Code     0  startup_stm32g431xx.o(.text)
    TIM1_UP_TIM16_IRQHandler                 0x08000207   Thumb Code     0  startup_stm32g431xx.o(.text)
    TIM2_IRQHandler                          0x08000207   Thumb Code     0  startup_stm32g431xx.o(.text)
    TIM3_IRQHandler                          0x08000207   Thumb Code     0  startup_stm32g431xx.o(.text)
    TIM4_IRQHandler                          0x08000207   Thumb Code     0  startup_stm32g431xx.o(.text)
    TIM7_DAC_IRQHandler                      0x08000207   Thumb Code     0  startup_stm32g431xx.o(.text)
    TIM8_BRK_IRQHandler                      0x08000207   Thumb Code     0  startup_stm32g431xx.o(.text)
    TIM8_CC_IRQHandler                       0x08000207   Thumb Code     0  startup_stm32g431xx.o(.text)
    TIM8_TRG_COM_IRQHandler                  0x08000207   Thumb Code     0  startup_stm32g431xx.o(.text)
    TIM8_UP_IRQHandler                       0x08000207   Thumb Code     0  startup_stm32g431xx.o(.text)
    UART4_IRQHandler                         0x08000207   Thumb Code     0  startup_stm32g431xx.o(.text)
    UCPD1_IRQHandler                         0x08000207   Thumb Code     0  startup_stm32g431xx.o(.text)
    USART2_IRQHandler                        0x08000207   Thumb Code     0  startup_stm32g431xx.o(.text)
    USART3_IRQHandler                        0x08000207   Thumb Code     0  startup_stm32g431xx.o(.text)
    USBWakeUp_IRQHandler                     0x08000207   Thumb Code     0  startup_stm32g431xx.o(.text)
    USB_HP_IRQHandler                        0x08000207   Thumb Code     0  startup_stm32g431xx.o(.text)
    USB_LP_IRQHandler                        0x08000207   Thumb Code     0  startup_stm32g431xx.o(.text)
    WWDG_IRQHandler                          0x08000207   Thumb Code     0  startup_stm32g431xx.o(.text)
    __aeabi_uldivmod                         0x08000211   Thumb Code    98  uldiv.o(.text)
    __aeabi_memcpy                           0x08000273   Thumb Code    36  memcpya.o(.text)
    __aeabi_memcpy4                          0x08000273   Thumb Code     0  memcpya.o(.text)
    __aeabi_memcpy8                          0x08000273   Thumb Code     0  memcpya.o(.text)
    __aeabi_memset                           0x08000297   Thumb Code    14  memseta.o(.text)
    __aeabi_memset4                          0x08000297   Thumb Code     0  memseta.o(.text)
    __aeabi_memset8                          0x08000297   Thumb Code     0  memseta.o(.text)
    __aeabi_memclr                           0x080002a5   Thumb Code     4  memseta.o(.text)
    __aeabi_memclr4                          0x080002a5   Thumb Code     0  memseta.o(.text)
    __aeabi_memclr8                          0x080002a5   Thumb Code     0  memseta.o(.text)
    _memset$wrapper                          0x080002a9   Thumb Code    18  memseta.o(.text)
    __aeabi_dadd                             0x080002bb   Thumb Code   322  dadd.o(.text)
    __aeabi_dsub                             0x080003fd   Thumb Code     6  dadd.o(.text)
    __aeabi_drsub                            0x08000403   Thumb Code     6  dadd.o(.text)
    __aeabi_dmul                             0x08000409   Thumb Code   228  dmul.o(.text)
    __aeabi_f2d                              0x080004ed   Thumb Code    38  f2d.o(.text)
    __aeabi_d2f                              0x08000513   Thumb Code    56  d2f.o(.text)
    __aeabi_llsl                             0x0800054b   Thumb Code    30  llshl.o(.text)
    _ll_shift_l                              0x0800054b   Thumb Code     0  llshl.o(.text)
    __aeabi_llsr                             0x08000569   Thumb Code    32  llushr.o(.text)
    _ll_ushift_r                             0x08000569   Thumb Code     0  llushr.o(.text)
    __aeabi_lasr                             0x08000589   Thumb Code    36  llsshr.o(.text)
    _ll_sshift_r                             0x08000589   Thumb Code     0  llsshr.o(.text)
    __I$use$fp                               0x080005ad   Thumb Code     0  iusefp.o(.text)
    _float_round                             0x080005ad   Thumb Code    18  fepilogue.o(.text)
    _float_epilogue                          0x080005bf   Thumb Code    92  fepilogue.o(.text)
    _double_round                            0x0800061b   Thumb Code    30  depilogue.o(.text)
    _double_epilogue                         0x08000639   Thumb Code   156  depilogue.o(.text)
    __ARM_dcmp4                              0x080006d5   Thumb Code    96  dcmp4.o(.text)
    _dcmp4                                   0x080006d5   Thumb Code     0  dcmp4.o(.text)
    __scatterload                            0x08000735   Thumb Code    28  init.o(.text)
    __scatterload_rt2                        0x08000735   Thumb Code     0  init.o(.text)
    arm_cos_f32                              0x08000759   Thumb Code   160  arm_cos_f32.o(.text.arm_cos_f32)
    arm_sin_f32                              0x080007f9   Thumb Code   152  arm_sin_f32.o(.text.arm_sin_f32)
    ADC1_2_IRQHandler                        0x08000891   Thumb Code    10  stm32g4xx_it.o(i.ADC1_2_IRQHandler)
    ADC_Disable                              0x080008a1   Thumb Code   142  stm32g4xx_hal_adc.o(i.ADC_Disable)
    ADC_Enable                               0x08000935   Thumb Code   128  stm32g4xx_hal_adc.o(i.ADC_Enable)
    BusFault_Handler                         0x080009b9   Thumb Code     4  stm32g4xx_it.o(i.BusFault_Handler)
    DMA1_Channel1_IRQHandler                 0x080009bd   Thumb Code    10  stm32g4xx_it.o(i.DMA1_Channel1_IRQHandler)
    DMA1_Channel2_IRQHandler                 0x080009cd   Thumb Code    10  stm32g4xx_it.o(i.DMA1_Channel2_IRQHandler)
    DebugMon_Handler                         0x08000a85   Thumb Code     2  stm32g4xx_it.o(i.DebugMon_Handler)
    EXTI15_10_IRQHandler                     0x08000a87   Thumb Code    28  stm32g4xx_it.o(i.EXTI15_10_IRQHandler)
    Error_Handler                            0x08000aa3   Thumb Code     2  main.o(i.Error_Handler)
    FOC_AntiPark                             0x08000aa5   Thumb Code    86  foc.o(i.FOC_AntiPark)
    FOC_Clark                                0x08000afd   Thumb Code    62  foc.o(i.FOC_Clark)
    FOC_Init                                 0x08000b49   Thumb Code   158  foc.o(i.FOC_Init)
    FOC_Park                                 0x08000c01   Thumb Code   168  foc.o(i.FOC_Park)
    FOC_Pid_Cal                              0x08000cb5   Thumb Code   444  foc.o(i.FOC_Pid_Cal)
    FOC_SVPWM                                0x08000e95   Thumb Code   498  foc.o(i.FOC_SVPWM)
    HAL_ADCEx_Calibration_Start              0x0800109d   Thumb Code   166  stm32g4xx_hal_adc_ex.o(i.HAL_ADCEx_Calibration_Start)
    HAL_ADCEx_EndOfSamplingCallback          0x0800114d   Thumb Code     2  stm32g4xx_hal_adc_ex.o(i.HAL_ADCEx_EndOfSamplingCallback)
    HAL_ADCEx_InjectedConfigChannel          0x08001151   Thumb Code  1538  stm32g4xx_hal_adc_ex.o(i.HAL_ADCEx_InjectedConfigChannel)
    HAL_ADCEx_InjectedConvCpltCallback       0x0800177d   Thumb Code   316  foc.o(i.HAL_ADCEx_InjectedConvCpltCallback)
    HAL_ADCEx_InjectedQueueOverflowCallback  0x080018d1   Thumb Code     2  stm32g4xx_hal_adc_ex.o(i.HAL_ADCEx_InjectedQueueOverflowCallback)
    HAL_ADCEx_InjectedStart_IT               0x080018d5   Thumb Code   338  stm32g4xx_hal_adc_ex.o(i.HAL_ADCEx_InjectedStart_IT)
    HAL_ADCEx_LevelOutOfWindow2Callback      0x08001a31   Thumb Code     2  stm32g4xx_hal_adc_ex.o(i.HAL_ADCEx_LevelOutOfWindow2Callback)
    HAL_ADCEx_LevelOutOfWindow3Callback      0x08001a33   Thumb Code     2  stm32g4xx_hal_adc_ex.o(i.HAL_ADCEx_LevelOutOfWindow3Callback)
    HAL_ADCEx_MultiModeConfigChannel         0x08001a35   Thumb Code   260  stm32g4xx_hal_adc_ex.o(i.HAL_ADCEx_MultiModeConfigChannel)
    HAL_ADC_ConfigChannel                    0x08001b41   Thumb Code  1250  stm32g4xx_hal_adc.o(i.HAL_ADC_ConfigChannel)
    HAL_ADC_ConvCpltCallback                 0x08002049   Thumb Code     2  stm32g4xx_hal_adc.o(i.HAL_ADC_ConvCpltCallback)
    HAL_ADC_ErrorCallback                    0x0800204b   Thumb Code     2  stm32g4xx_hal_adc.o(i.HAL_ADC_ErrorCallback)
    HAL_ADC_IRQHandler                       0x0800204d   Thumb Code   808  stm32g4xx_hal_adc.o(i.HAL_ADC_IRQHandler)
    HAL_ADC_Init                             0x0800237d   Thumb Code   586  stm32g4xx_hal_adc.o(i.HAL_ADC_Init)
    HAL_ADC_LevelOutOfWindowCallback         0x080025e5   Thumb Code     2  stm32g4xx_hal_adc.o(i.HAL_ADC_LevelOutOfWindowCallback)
    HAL_ADC_MspInit                          0x080025e9   Thumb Code   146  adc.o(i.HAL_ADC_MspInit)
    HAL_DMA_Abort                            0x08002681   Thumb Code   118  stm32g4xx_hal_dma.o(i.HAL_DMA_Abort)
    HAL_DMA_Abort_IT                         0x080026f7   Thumb Code   148  stm32g4xx_hal_dma.o(i.HAL_DMA_Abort_IT)
    HAL_DMA_IRQHandler                       0x0800278b   Thumb Code   254  stm32g4xx_hal_dma.o(i.HAL_DMA_IRQHandler)
    HAL_DMA_Init                             0x08002889   Thumb Code   200  stm32g4xx_hal_dma.o(i.HAL_DMA_Init)
    HAL_DMA_Start_IT                         0x08002959   Thumb Code   194  stm32g4xx_hal_dma.o(i.HAL_DMA_Start_IT)
    HAL_Delay                                0x08002a1d   Thumb Code    36  stm32g4xx_hal.o(i.HAL_Delay)
    HAL_GPIO_EXTI_Callback                   0x08002a45   Thumb Code     2  foc.o(i.HAL_GPIO_EXTI_Callback)
    HAL_GPIO_EXTI_IRQHandler                 0x08002a49   Thumb Code    24  stm32g4xx_hal_gpio.o(i.HAL_GPIO_EXTI_IRQHandler)
    HAL_GPIO_Init                            0x08002a65   Thumb Code   428  stm32g4xx_hal_gpio.o(i.HAL_GPIO_Init)
    HAL_GPIO_TogglePin                       0x08002c31   Thumb Code    20  stm32g4xx_hal_gpio.o(i.HAL_GPIO_TogglePin)
    HAL_GPIO_WritePin                        0x08002c45   Thumb Code    10  stm32g4xx_hal_gpio.o(i.HAL_GPIO_WritePin)
    HAL_GetTick                              0x08002c51   Thumb Code     6  stm32g4xx_hal.o(i.HAL_GetTick)
    HAL_IncTick                              0x08002c5d   Thumb Code    16  stm32g4xx_hal.o(i.HAL_IncTick)
    HAL_Init                                 0x08002c75   Thumb Code    30  stm32g4xx_hal.o(i.HAL_Init)
    HAL_InitTick                             0x08002c95   Thumb Code    74  stm32g4xx_hal.o(i.HAL_InitTick)
    HAL_MspInit                              0x08002ced   Thumb Code    68  stm32g4xx_hal_msp.o(i.HAL_MspInit)
    HAL_NVIC_EnableIRQ                       0x08002d35   Thumb Code    40  stm32g4xx_hal_cortex.o(i.HAL_NVIC_EnableIRQ)
    HAL_NVIC_SetPriority                     0x08002d5d   Thumb Code   122  stm32g4xx_hal_cortex.o(i.HAL_NVIC_SetPriority)
    HAL_NVIC_SetPriorityGrouping             0x08002dd9   Thumb Code    32  stm32g4xx_hal_cortex.o(i.HAL_NVIC_SetPriorityGrouping)
    HAL_PWREx_ControlVoltageScaling          0x08002e01   Thumb Code   268  stm32g4xx_hal_pwr_ex.o(i.HAL_PWREx_ControlVoltageScaling)
    HAL_PWREx_DisableUCPDDeadBattery         0x08002f19   Thumb Code    14  stm32g4xx_hal_pwr_ex.o(i.HAL_PWREx_DisableUCPDDeadBattery)
    HAL_RCCEx_PeriphCLKConfig                0x08002f2d   Thumb Code   872  stm32g4xx_hal_rcc_ex.o(i.HAL_RCCEx_PeriphCLKConfig)
    HAL_RCC_ClockConfig                      0x0800329d   Thumb Code   522  stm32g4xx_hal_rcc.o(i.HAL_RCC_ClockConfig)
    HAL_RCC_GetHCLKFreq                      0x080034c1   Thumb Code     6  stm32g4xx_hal_rcc.o(i.HAL_RCC_GetHCLKFreq)
    HAL_RCC_GetPCLK1Freq                     0x080034cd   Thumb Code    26  stm32g4xx_hal_rcc.o(i.HAL_RCC_GetPCLK1Freq)
    HAL_RCC_GetPCLK2Freq                     0x080034f1   Thumb Code    26  stm32g4xx_hal_rcc.o(i.HAL_RCC_GetPCLK2Freq)
    HAL_RCC_GetSysClockFreq                  0x08003515   Thumb Code   138  stm32g4xx_hal_rcc.o(i.HAL_RCC_GetSysClockFreq)
    HAL_RCC_OscConfig                        0x080035ad   Thumb Code  1370  stm32g4xx_hal_rcc.o(i.HAL_RCC_OscConfig)
    HAL_SPI_Init                             0x08003b15   Thumb Code   252  stm32g4xx_hal_spi.o(i.HAL_SPI_Init)
    HAL_SPI_MspInit                          0x08003c11   Thumb Code   108  spi.o(i.HAL_SPI_MspInit)
    HAL_SPI_Receive                          0x08003c85   Thumb Code   422  stm32g4xx_hal_spi.o(i.HAL_SPI_Receive)
    HAL_SPI_TransmitReceive                  0x08003e2b   Thumb Code   700  stm32g4xx_hal_spi.o(i.HAL_SPI_TransmitReceive)
    HAL_SYSTICK_Config                       0x080040e7   Thumb Code    52  stm32g4xx_hal_cortex.o(i.HAL_SYSTICK_Config)
    HAL_TIMEx_Break2Callback                 0x0800411b   Thumb Code     2  stm32g4xx_hal_tim_ex.o(i.HAL_TIMEx_Break2Callback)
    HAL_TIMEx_BreakCallback                  0x0800411d   Thumb Code     2  stm32g4xx_hal_tim_ex.o(i.HAL_TIMEx_BreakCallback)
    HAL_TIMEx_CommutCallback                 0x0800411f   Thumb Code     2  stm32g4xx_hal_tim_ex.o(i.HAL_TIMEx_CommutCallback)
    HAL_TIMEx_ConfigBreakDeadTime            0x08004121   Thumb Code   224  stm32g4xx_hal_tim_ex.o(i.HAL_TIMEx_ConfigBreakDeadTime)
    HAL_TIMEx_DirectionChangeCallback        0x08004209   Thumb Code     2  stm32g4xx_hal_tim_ex.o(i.HAL_TIMEx_DirectionChangeCallback)
    HAL_TIMEx_EnableDeadTimePreload          0x0800420b   Thumb Code    18  stm32g4xx_hal_tim_ex.o(i.HAL_TIMEx_EnableDeadTimePreload)
    HAL_TIMEx_EncoderIndexCallback           0x0800421d   Thumb Code     2  stm32g4xx_hal_tim_ex.o(i.HAL_TIMEx_EncoderIndexCallback)
    HAL_TIMEx_IndexErrorCallback             0x0800421f   Thumb Code     2  stm32g4xx_hal_tim_ex.o(i.HAL_TIMEx_IndexErrorCallback)
    HAL_TIMEx_MasterConfigSynchronization    0x08004221   Thumb Code   158  stm32g4xx_hal_tim_ex.o(i.HAL_TIMEx_MasterConfigSynchronization)
    HAL_TIMEx_PWMN_Start                     0x080042d9   Thumb Code   206  stm32g4xx_hal_tim_ex.o(i.HAL_TIMEx_PWMN_Start)
    HAL_TIMEx_TransitionErrorCallback        0x080043c1   Thumb Code     2  stm32g4xx_hal_tim_ex.o(i.HAL_TIMEx_TransitionErrorCallback)
    HAL_TIM_Base_Init                        0x080043c3   Thumb Code   110  stm32g4xx_hal_tim.o(i.HAL_TIM_Base_Init)
    HAL_TIM_Base_MspInit                     0x08004431   Thumb Code   166  tim.o(i.HAL_TIM_Base_MspInit)
    HAL_TIM_Base_Start                       0x080044e9   Thumb Code   118  stm32g4xx_hal_tim.o(i.HAL_TIM_Base_Start)
    HAL_TIM_Base_Start_IT                    0x08004579   Thumb Code   130  stm32g4xx_hal_tim.o(i.HAL_TIM_Base_Start_IT)
    HAL_TIM_ConfigClockSource                0x08004615   Thumb Code   300  stm32g4xx_hal_tim.o(i.HAL_TIM_ConfigClockSource)
    HAL_TIM_IC_CaptureCallback               0x08004749   Thumb Code     2  stm32g4xx_hal_tim.o(i.HAL_TIM_IC_CaptureCallback)
    HAL_TIM_IRQHandler                       0x0800474b   Thumb Code   576  stm32g4xx_hal_tim.o(i.HAL_TIM_IRQHandler)
    HAL_TIM_MspPostInit                      0x0800498d   Thumb Code   190  tim.o(i.HAL_TIM_MspPostInit)
    HAL_TIM_OC_DelayElapsedCallback          0x08004a5d   Thumb Code     2  stm32g4xx_hal_tim.o(i.HAL_TIM_OC_DelayElapsedCallback)
    HAL_TIM_PWM_ConfigChannel                0x08004a5f   Thumb Code   368  stm32g4xx_hal_tim.o(i.HAL_TIM_PWM_ConfigChannel)
    HAL_TIM_PWM_Init                         0x08004bcf   Thumb Code   110  stm32g4xx_hal_tim.o(i.HAL_TIM_PWM_Init)
    HAL_TIM_PWM_MspInit                      0x08004c3d   Thumb Code     2  stm32g4xx_hal_tim.o(i.HAL_TIM_PWM_MspInit)
    HAL_TIM_PWM_PulseFinishedCallback        0x08004c3f   Thumb Code     2  stm32g4xx_hal_tim.o(i.HAL_TIM_PWM_PulseFinishedCallback)
    HAL_TIM_PWM_Start                        0x08004c41   Thumb Code   298  stm32g4xx_hal_tim.o(i.HAL_TIM_PWM_Start)
    HAL_TIM_PeriodElapsedCallback            0x08004d8d   Thumb Code     2  stm32g4xx_hal_tim.o(i.HAL_TIM_PeriodElapsedCallback)
    HAL_TIM_TriggerCallback                  0x08004d8f   Thumb Code     2  stm32g4xx_hal_tim.o(i.HAL_TIM_TriggerCallback)
    HAL_UARTEx_DisableFifoMode               0x08004d91   Thumb Code    78  stm32g4xx_hal_uart_ex.o(i.HAL_UARTEx_DisableFifoMode)
    HAL_UARTEx_RxEventCallback               0x08004ddf   Thumb Code     2  stm32g4xx_hal_uart.o(i.HAL_UARTEx_RxEventCallback)
    HAL_UARTEx_RxFifoFullCallback            0x08004de1   Thumb Code     2  stm32g4xx_hal_uart_ex.o(i.HAL_UARTEx_RxFifoFullCallback)
    HAL_UARTEx_SetRxFifoThreshold            0x08004de3   Thumb Code    94  stm32g4xx_hal_uart_ex.o(i.HAL_UARTEx_SetRxFifoThreshold)
    HAL_UARTEx_SetTxFifoThreshold            0x08004e41   Thumb Code    94  stm32g4xx_hal_uart_ex.o(i.HAL_UARTEx_SetTxFifoThreshold)
    HAL_UARTEx_TxFifoEmptyCallback           0x08004e9f   Thumb Code     2  stm32g4xx_hal_uart_ex.o(i.HAL_UARTEx_TxFifoEmptyCallback)
    HAL_UARTEx_WakeupCallback                0x08004ea1   Thumb Code     2  stm32g4xx_hal_uart_ex.o(i.HAL_UARTEx_WakeupCallback)
    HAL_UART_ErrorCallback                   0x08004ea3   Thumb Code     2  stm32g4xx_hal_uart.o(i.HAL_UART_ErrorCallback)
    HAL_UART_IRQHandler                      0x08004ea5   Thumb Code   898  stm32g4xx_hal_uart.o(i.HAL_UART_IRQHandler)
    HAL_UART_Init                            0x08005235   Thumb Code   120  stm32g4xx_hal_uart.o(i.HAL_UART_Init)
    HAL_UART_MspInit                         0x080052ad   Thumb Code   314  usart.o(i.HAL_UART_MspInit)
    HAL_UART_Receive_DMA                     0x08005405   Thumb Code   110  stm32g4xx_hal_uart.o(i.HAL_UART_Receive_DMA)
    HAL_UART_RxCpltCallback                  0x08005479   Thumb Code     2  stm32g4xx_hal_uart.o(i.HAL_UART_RxCpltCallback)
    HAL_UART_RxHalfCpltCallback              0x0800547b   Thumb Code     2  stm32g4xx_hal_uart.o(i.HAL_UART_RxHalfCpltCallback)
    HAL_UART_Transmit                        0x0800547d   Thumb Code   214  stm32g4xx_hal_uart.o(i.HAL_UART_Transmit)
    HAL_UART_TxCpltCallback                  0x08005553   Thumb Code     2  stm32g4xx_hal_uart.o(i.HAL_UART_TxCpltCallback)
    HardFault_Handler                        0x08005555   Thumb Code     4  stm32g4xx_it.o(i.HardFault_Handler)
    MT6701_GetAngle                          0x080056c5   Thumb Code   116  mt6701.o(i.MT6701_GetAngle)
    MT6701_Init                              0x08005745   Thumb Code   130  mt6701.o(i.MT6701_Init)
    MT6701_Speed_Cal_10khz                   0x080057d5   Thumb Code   146  mt6701.o(i.MT6701_Speed_Cal_10khz)
    MX_ADC1_Init                             0x0800588d   Thumb Code   254  adc.o(i.MX_ADC1_Init)
    MX_DMA_Init                              0x08005999   Thumb Code    90  dma.o(i.MX_DMA_Init)
    MX_GPIO_Init                             0x080059f9   Thumb Code   232  gpio.o(i.MX_GPIO_Init)
    MX_SPI1_Init                             0x08005ae9   Thumb Code    74  spi.o(i.MX_SPI1_Init)
    MX_TIM15_Init                            0x08005b3d   Thumb Code   106  tim.o(i.MX_TIM15_Init)
    MX_TIM1_Init                             0x08005bb1   Thumb Code   298  tim.o(i.MX_TIM1_Init)
    MX_TIM6_Init                             0x08005ce5   Thumb Code    68  tim.o(i.MX_TIM6_Init)
    MX_USART1_UART_Init                      0x08005d31   Thumb Code    98  usart.o(i.MX_USART1_UART_Init)
    MemManage_Handler                        0x08005d9d   Thumb Code     4  stm32g4xx_it.o(i.MemManage_Handler)
    NMI_Handler                              0x08005da1   Thumb Code     2  stm32g4xx_it.o(i.NMI_Handler)
    PendSV_Handler                           0x08005da3   Thumb Code     2  stm32g4xx_it.o(i.PendSV_Handler)
    SVC_Handler                              0x080060c5   Thumb Code     2  stm32g4xx_it.o(i.SVC_Handler)
    SysTick_Handler                          0x080060c7   Thumb Code     8  stm32g4xx_it.o(i.SysTick_Handler)
    SystemClock_Config                       0x080060cf   Thumb Code   104  main.o(i.SystemClock_Config)
    SystemInit                               0x08006139   Thumb Code    24  system_stm32g4xx.o(i.SystemInit)
    TIM1_BRK_TIM15_IRQHandler                0x08006155   Thumb Code    22  stm32g4xx_it.o(i.TIM1_BRK_TIM15_IRQHandler)
    TIM6_DAC_IRQHandler                      0x08006179   Thumb Code    10  stm32g4xx_it.o(i.TIM6_DAC_IRQHandler)
    TIM_Base_SetConfig                       0x08006189   Thumb Code   158  stm32g4xx_hal_tim.o(i.TIM_Base_SetConfig)
    TIM_CCxChannelCmd                        0x08006245   Thumb Code    34  stm32g4xx_hal_tim.o(i.TIM_CCxChannelCmd)
    TIM_ETR_SetConfig                        0x08006289   Thumb Code    22  stm32g4xx_hal_tim.o(i.TIM_ETR_SetConfig)
    TIM_OC2_SetConfig                        0x08006365   Thumb Code   156  stm32g4xx_hal_tim.o(i.TIM_OC2_SetConfig)
    UART_AdvFeatureConfig                    0x08006709   Thumb Code   248  stm32g4xx_hal_uart.o(i.UART_AdvFeatureConfig)
    UART_CheckIdleState                      0x08006801   Thumb Code   118  stm32g4xx_hal_uart.o(i.UART_CheckIdleState)
    UART_SetConfig                           0x08006a9d   Thumb Code   858  stm32g4xx_hal_uart.o(i.UART_SetConfig)
    UART_Start_Receive_DMA                   0x08006e21   Thumb Code   200  stm32g4xx_hal_uart.o(i.UART_Start_Receive_DMA)
    UART_WaitOnFlagUntilTimeout              0x08006ef5   Thumb Code   254  stm32g4xx_hal_uart.o(i.UART_WaitOnFlagUntilTimeout)
    USART1_IRQHandler                        0x08006ff5   Thumb Code    52  stm32g4xx_it.o(i.USART1_IRQHandler)
    UsageFault_Handler                       0x08007031   Thumb Code     4  stm32g4xx_it.o(i.UsageFault_Handler)
    Vofa_Bar_Handler                         0x08007035   Thumb Code   172  vofa.o(i.Vofa_Bar_Handler)
    Vofa_Button_Handler                      0x080070e9   Thumb Code    32  vofa.o(i.Vofa_Button_Handler)
    Vofa_FRAME_Handler                       0x0800710d   Thumb Code    84  vofa.o(i.Vofa_FRAME_Handler)
    Vofa_Key_Handler                         0x08007165   Thumb Code    46  vofa.o(i.Vofa_Key_Handler)
    Vofa_Slider_Handler                      0x0800719d   Thumb Code    32  vofa.o(i.Vofa_Slider_Handler)
    Vofa_Transmit                            0x080071c1   Thumb Code    66  vofa.o(i.Vofa_Transmit)
    Vofa_UART_Receive                        0x08007209   Thumb Code   164  vofa.o(i.Vofa_UART_Receive)
    __hardfp_fmax                            0x080072e9   Thumb Code   116  fmax.o(i.__hardfp_fmax)
    __hardfp_fmin                            0x0800735d   Thumb Code   116  fmin.o(i.__hardfp_fmin)
    __scatterload_copy                       0x080073d1   Thumb Code    14  handlers.o(i.__scatterload_copy)
    __scatterload_null                       0x080073df   Thumb Code     2  handlers.o(i.__scatterload_null)
    __scatterload_zeroinit                   0x080073e1   Thumb Code    14  handlers.o(i.__scatterload_zeroinit)
    abs_limit                                0x080073ef   Thumb Code    46  pid.o(i.abs_limit)
    main                                     0x08007479   Thumb Code   330  main.o(i.main)
    pid_calc                                 0x080075fd   Thumb Code   512  pid.o(i.pid_calc)
    pid_param_init                           0x08007801   Thumb Code    24  pid.o(i.pid_param_init)
    AHBPrescTable                            0x08007818   Data          16  system_stm32g4xx.o(.constdata)
    APBPrescTable                            0x08007828   Data           8  system_stm32g4xx.o(.constdata)
    UARTPrescTable                           0x08007830   Data          24  stm32g4xx_hal_uart.o(.constdata)
    sinTable_f32                             0x08007858   Data        2052  arm_common_tables.o(.rodata.sinTable_f32)
    Region$$Table$$Base                      0x0800805c   Number         0  anon$$obj.o(Region$$Table)
    Region$$Table$$Limit                     0x0800807c   Number         0  anon$$obj.o(Region$$Table)
    i                                        0x20000000   Data           4  foc.o(.data)
    limit                                    0x20000004   Data           4  foc.o(.data)
    SystemCoreClock                          0x2000001c   Data           4  system_stm32g4xx.o(.data)
    uwTick                                   0x20000020   Data           4  stm32g4xx_hal.o(.data)
    uwTickPrio                               0x20000024   Data           4  stm32g4xx_hal.o(.data)
    uwTickFreq                               0x20000028   Data           4  stm32g4xx_hal.o(.data)
    VofaData                                 0x2000002c   Data          64  vofa.o(.bss)
    tempFloat                                0x2000006c   Data          80  vofa.o(.bss)
    rx_buffer                                0x200000bc   Data          50  vofa.o(.bss)
    Vofa_RX                                  0x200000ee   Data          24  vofa.o(.bss)
    FOC1_Handler                             0x20000108   Data         312  foc.o(.bss)
    UserConfig                               0x20000240   Data          56  user_config.o(.bss)
    MT6701                                   0x20000278   Data          24  mt6701.o(.bss)
    hadc1                                    0x20000290   Data         108  adc.o(.bss)
    hspi1                                    0x200002fc   Data         100  spi.o(.bss)
    htim1                                    0x20000360   Data          76  tim.o(.bss)
    htim6                                    0x200003ac   Data          76  tim.o(.bss)
    htim15                                   0x200003f8   Data          76  tim.o(.bss)
    huart1                                   0x20000444   Data         144  usart.o(.bss)
    hdma_usart1_rx                           0x200004d4   Data          96  usart.o(.bss)
    hdma_usart1_tx                           0x20000534   Data          96  usart.o(.bss)
    __initial_sp                             0x20000998   Data           0  startup_stm32g431xx.o(STACK)



==============================================================================

Memory Map of the image

  Image Entry point : 0x080001d9

  Load Region LR_IROM1 (Base: 0x08000000, Size: 0x000080a8, Max: 0x00020000, ABSOLUTE)

    Execution Region ER_IROM1 (Exec base: 0x08000000, Load base: 0x08000000, Size: 0x0000807c, Max: 0x00020000, ABSOLUTE)

    Exec Addr    Load Addr    Size         Type   Attr      Idx    E Section Name        Object

    0x08000000   0x08000000   0x000001d8   Data   RO            3    RESET               startup_stm32g431xx.o
    0x080001d8   0x080001d8   0x00000000   Code   RO         5141  * .ARM.Collect$$$$00000000  mc_w.l(entry.o)
    0x080001d8   0x080001d8   0x00000004   Code   RO         5160    .ARM.Collect$$$$00000001  mc_w.l(entry2.o)
    0x080001dc   0x080001dc   0x00000004   Code   RO         5163    .ARM.Collect$$$$00000004  mc_w.l(entry5.o)
    0x080001e0   0x080001e0   0x00000000   Code   RO         5165    .ARM.Collect$$$$00000008  mc_w.l(entry7b.o)
    0x080001e0   0x080001e0   0x00000000   Code   RO         5167    .ARM.Collect$$$$0000000A  mc_w.l(entry8b.o)
    0x080001e0   0x080001e0   0x00000008   Code   RO         5168    .ARM.Collect$$$$0000000B  mc_w.l(entry9a.o)
    0x080001e8   0x080001e8   0x00000000   Code   RO         5170    .ARM.Collect$$$$0000000D  mc_w.l(entry10a.o)
    0x080001e8   0x080001e8   0x00000000   Code   RO         5172    .ARM.Collect$$$$0000000F  mc_w.l(entry11a.o)
    0x080001e8   0x080001e8   0x00000004   Code   RO         5161    .ARM.Collect$$$$00002712  mc_w.l(entry2.o)
    0x080001ec   0x080001ec   0x00000024   Code   RO            4    .text               startup_stm32g431xx.o
    0x08000210   0x08000210   0x00000062   Code   RO         5144    .text               mc_w.l(uldiv.o)
    0x08000272   0x08000272   0x00000024   Code   RO         5146    .text               mc_w.l(memcpya.o)
    0x08000296   0x08000296   0x00000024   Code   RO         5148    .text               mc_w.l(memseta.o)
    0x080002ba   0x080002ba   0x0000014e   Code   RO         5152    .text               mf_w.l(dadd.o)
    0x08000408   0x08000408   0x000000e4   Code   RO         5154    .text               mf_w.l(dmul.o)
    0x080004ec   0x080004ec   0x00000026   Code   RO         5156    .text               mf_w.l(f2d.o)
    0x08000512   0x08000512   0x00000038   Code   RO         5158    .text               mf_w.l(d2f.o)
    0x0800054a   0x0800054a   0x0000001e   Code   RO         5174    .text               mc_w.l(llshl.o)
    0x08000568   0x08000568   0x00000020   Code   RO         5176    .text               mc_w.l(llushr.o)
    0x08000588   0x08000588   0x00000024   Code   RO         5178    .text               mc_w.l(llsshr.o)
    0x080005ac   0x080005ac   0x00000000   Code   RO         5180    .text               mc_w.l(iusefp.o)
    0x080005ac   0x080005ac   0x0000006e   Code   RO         5181    .text               mf_w.l(fepilogue.o)
    0x0800061a   0x0800061a   0x000000ba   Code   RO         5183    .text               mf_w.l(depilogue.o)
    0x080006d4   0x080006d4   0x00000060   Code   RO         5185    .text               mf_w.l(dcmp4.o)
    0x08000734   0x08000734   0x00000024   Code   RO         5187    .text               mc_w.l(init.o)
    0x08000758   0x08000758   0x000000a0   Code   RO         5019    .text.arm_cos_f32   arm_cortexM4lf_math.lib(arm_cos_f32.o)
    0x080007f8   0x080007f8   0x00000098   Code   RO         5029    .text.arm_sin_f32   arm_cortexM4lf_math.lib(arm_sin_f32.o)
    0x08000890   0x08000890   0x00000010   Code   RO          741    i.ADC1_2_IRQHandler  stm32g4xx_it.o
    0x080008a0   0x080008a0   0x00000094   Code   RO          924    i.ADC_Disable       stm32g4xx_hal_adc.o
    0x08000934   0x08000934   0x00000084   Code   RO          925    i.ADC_Enable        stm32g4xx_hal_adc.o
    0x080009b8   0x080009b8   0x00000004   Code   RO          742    i.BusFault_Handler  stm32g4xx_it.o
    0x080009bc   0x080009bc   0x00000010   Code   RO          743    i.DMA1_Channel1_IRQHandler  stm32g4xx_it.o
    0x080009cc   0x080009cc   0x00000010   Code   RO          744    i.DMA1_Channel2_IRQHandler  stm32g4xx_it.o
    0x080009dc   0x080009dc   0x00000044   Code   RO         2325    i.DMA_CalcDMAMUXChannelBaseAndMask  stm32g4xx_hal_dma.o
    0x08000a20   0x08000a20   0x00000024   Code   RO         2326    i.DMA_CalcDMAMUXRequestGenBaseAndMask  stm32g4xx_hal_dma.o
    0x08000a44   0x08000a44   0x00000040   Code   RO         2327    i.DMA_SetConfig     stm32g4xx_hal_dma.o
    0x08000a84   0x08000a84   0x00000002   Code   RO          745    i.DebugMon_Handler  stm32g4xx_it.o
    0x08000a86   0x08000a86   0x0000001c   Code   RO          746    i.EXTI15_10_IRQHandler  stm32g4xx_it.o
    0x08000aa2   0x08000aa2   0x00000002   Code   RO          460    i.Error_Handler     main.o
    0x08000aa4   0x08000aa4   0x00000056   Code   RO          226    i.FOC_AntiPark      foc.o
    0x08000afa   0x08000afa   0x00000002   PAD
    0x08000afc   0x08000afc   0x0000004c   Code   RO          227    i.FOC_Clark         foc.o
    0x08000b48   0x08000b48   0x000000b8   Code   RO          228    i.FOC_Init          foc.o
    0x08000c00   0x08000c00   0x000000b4   Code   RO          229    i.FOC_Park          foc.o
    0x08000cb4   0x08000cb4   0x000001e0   Code   RO          230    i.FOC_Pid_Cal       foc.o
    0x08000e94   0x08000e94   0x00000208   Code   RO          231    i.FOC_SVPWM         foc.o
    0x0800109c   0x0800109c   0x000000b0   Code   RO         1198    i.HAL_ADCEx_Calibration_Start  stm32g4xx_hal_adc_ex.o
    0x0800114c   0x0800114c   0x00000002   Code   RO         1202    i.HAL_ADCEx_EndOfSamplingCallback  stm32g4xx_hal_adc_ex.o
    0x0800114e   0x0800114e   0x00000002   PAD
    0x08001150   0x08001150   0x0000062c   Code   RO         1204    i.HAL_ADCEx_InjectedConfigChannel  stm32g4xx_hal_adc_ex.o
    0x0800177c   0x0800177c   0x00000154   Code   RO          232    i.HAL_ADCEx_InjectedConvCpltCallback  foc.o
    0x080018d0   0x080018d0   0x00000002   Code   RO         1208    i.HAL_ADCEx_InjectedQueueOverflowCallback  stm32g4xx_hal_adc_ex.o
    0x080018d2   0x080018d2   0x00000002   PAD
    0x080018d4   0x080018d4   0x0000015c   Code   RO         1210    i.HAL_ADCEx_InjectedStart_IT  stm32g4xx_hal_adc_ex.o
    0x08001a30   0x08001a30   0x00000002   Code   RO         1213    i.HAL_ADCEx_LevelOutOfWindow2Callback  stm32g4xx_hal_adc_ex.o
    0x08001a32   0x08001a32   0x00000002   Code   RO         1214    i.HAL_ADCEx_LevelOutOfWindow3Callback  stm32g4xx_hal_adc_ex.o
    0x08001a34   0x08001a34   0x0000010c   Code   RO         1215    i.HAL_ADCEx_MultiModeConfigChannel  stm32g4xx_hal_adc_ex.o
    0x08001b40   0x08001b40   0x00000508   Code   RO          927    i.HAL_ADC_ConfigChannel  stm32g4xx_hal_adc.o
    0x08002048   0x08002048   0x00000002   Code   RO          928    i.HAL_ADC_ConvCpltCallback  stm32g4xx_hal_adc.o
    0x0800204a   0x0800204a   0x00000002   Code   RO          931    i.HAL_ADC_ErrorCallback  stm32g4xx_hal_adc.o
    0x0800204c   0x0800204c   0x00000330   Code   RO          935    i.HAL_ADC_IRQHandler  stm32g4xx_hal_adc.o
    0x0800237c   0x0800237c   0x00000268   Code   RO          936    i.HAL_ADC_Init      stm32g4xx_hal_adc.o
    0x080025e4   0x080025e4   0x00000002   Code   RO          937    i.HAL_ADC_LevelOutOfWindowCallback  stm32g4xx_hal_adc.o
    0x080025e6   0x080025e6   0x00000002   PAD
    0x080025e8   0x080025e8   0x00000098   Code   RO          532    i.HAL_ADC_MspInit   adc.o
    0x08002680   0x08002680   0x00000076   Code   RO         2328    i.HAL_DMA_Abort     stm32g4xx_hal_dma.o
    0x080026f6   0x080026f6   0x00000094   Code   RO         2329    i.HAL_DMA_Abort_IT  stm32g4xx_hal_dma.o
    0x0800278a   0x0800278a   0x000000fe   Code   RO         2333    i.HAL_DMA_IRQHandler  stm32g4xx_hal_dma.o
    0x08002888   0x08002888   0x000000d0   Code   RO         2334    i.HAL_DMA_Init      stm32g4xx_hal_dma.o
    0x08002958   0x08002958   0x000000c2   Code   RO         2338    i.HAL_DMA_Start_IT  stm32g4xx_hal_dma.o
    0x08002a1a   0x08002a1a   0x00000002   PAD
    0x08002a1c   0x08002a1c   0x00000028   Code   RO         1439    i.HAL_Delay         stm32g4xx_hal.o
    0x08002a44   0x08002a44   0x00000002   Code   RO          233    i.HAL_GPIO_EXTI_Callback  foc.o
    0x08002a46   0x08002a46   0x00000002   PAD
    0x08002a48   0x08002a48   0x0000001c   Code   RO         2189    i.HAL_GPIO_EXTI_IRQHandler  stm32g4xx_hal_gpio.o
    0x08002a64   0x08002a64   0x000001cc   Code   RO         2190    i.HAL_GPIO_Init     stm32g4xx_hal_gpio.o
    0x08002c30   0x08002c30   0x00000014   Code   RO         2193    i.HAL_GPIO_TogglePin  stm32g4xx_hal_gpio.o
    0x08002c44   0x08002c44   0x0000000a   Code   RO         2194    i.HAL_GPIO_WritePin  stm32g4xx_hal_gpio.o
    0x08002c4e   0x08002c4e   0x00000002   PAD
    0x08002c50   0x08002c50   0x0000000c   Code   RO         1443    i.HAL_GetTick       stm32g4xx_hal.o
    0x08002c5c   0x08002c5c   0x00000018   Code   RO         1446    i.HAL_IncTick       stm32g4xx_hal.o
    0x08002c74   0x08002c74   0x0000001e   Code   RO         1447    i.HAL_Init          stm32g4xx_hal.o
    0x08002c92   0x08002c92   0x00000002   PAD
    0x08002c94   0x08002c94   0x00000058   Code   RO         1448    i.HAL_InitTick      stm32g4xx_hal.o
    0x08002cec   0x08002cec   0x00000048   Code   RO          859    i.HAL_MspInit       stm32g4xx_hal_msp.o
    0x08002d34   0x08002d34   0x00000028   Code   RO         2837    i.HAL_NVIC_EnableIRQ  stm32g4xx_hal_cortex.o
    0x08002d5c   0x08002d5c   0x0000007a   Code   RO         2843    i.HAL_NVIC_SetPriority  stm32g4xx_hal_cortex.o
    0x08002dd6   0x08002dd6   0x00000002   PAD
    0x08002dd8   0x08002dd8   0x00000028   Code   RO         2844    i.HAL_NVIC_SetPriorityGrouping  stm32g4xx_hal_cortex.o
    0x08002e00   0x08002e00   0x00000118   Code   RO         2593    i.HAL_PWREx_ControlVoltageScaling  stm32g4xx_hal_pwr_ex.o
    0x08002f18   0x08002f18   0x00000014   Code   RO         2605    i.HAL_PWREx_DisableUCPDDeadBattery  stm32g4xx_hal_pwr_ex.o
    0x08002f2c   0x08002f2c   0x00000370   Code   RO         1797    i.HAL_RCCEx_PeriphCLKConfig  stm32g4xx_hal_rcc_ex.o
    0x0800329c   0x0800329c   0x00000224   Code   RO         1667    i.HAL_RCC_ClockConfig  stm32g4xx_hal_rcc.o
    0x080034c0   0x080034c0   0x0000000c   Code   RO         1673    i.HAL_RCC_GetHCLKFreq  stm32g4xx_hal_rcc.o
    0x080034cc   0x080034cc   0x00000024   Code   RO         1675    i.HAL_RCC_GetPCLK1Freq  stm32g4xx_hal_rcc.o
    0x080034f0   0x080034f0   0x00000024   Code   RO         1676    i.HAL_RCC_GetPCLK2Freq  stm32g4xx_hal_rcc.o
    0x08003514   0x08003514   0x00000098   Code   RO         1677    i.HAL_RCC_GetSysClockFreq  stm32g4xx_hal_rcc.o
    0x080035ac   0x080035ac   0x00000568   Code   RO         1680    i.HAL_RCC_OscConfig  stm32g4xx_hal_rcc.o
    0x08003b14   0x08003b14   0x000000fc   Code   RO         2983    i.HAL_SPI_Init      stm32g4xx_hal_spi.o
    0x08003c10   0x08003c10   0x00000074   Code   RO          598    i.HAL_SPI_MspInit   spi.o
    0x08003c84   0x08003c84   0x000001a6   Code   RO         2986    i.HAL_SPI_Receive   stm32g4xx_hal_spi.o
    0x08003e2a   0x08003e2a   0x000002bc   Code   RO         2992    i.HAL_SPI_TransmitReceive  stm32g4xx_hal_spi.o
    0x080040e6   0x080040e6   0x00000034   Code   RO         2848    i.HAL_SYSTICK_Config  stm32g4xx_hal_cortex.o
    0x0800411a   0x0800411a   0x00000002   Code   RO         4050    i.HAL_TIMEx_Break2Callback  stm32g4xx_hal_tim_ex.o
    0x0800411c   0x0800411c   0x00000002   Code   RO         4051    i.HAL_TIMEx_BreakCallback  stm32g4xx_hal_tim_ex.o
    0x0800411e   0x0800411e   0x00000002   Code   RO         4052    i.HAL_TIMEx_CommutCallback  stm32g4xx_hal_tim_ex.o
    0x08004120   0x08004120   0x000000e8   Code   RO         4055    i.HAL_TIMEx_ConfigBreakDeadTime  stm32g4xx_hal_tim_ex.o
    0x08004208   0x08004208   0x00000002   Code   RO         4063    i.HAL_TIMEx_DirectionChangeCallback  stm32g4xx_hal_tim_ex.o
    0x0800420a   0x0800420a   0x00000012   Code   RO         4073    i.HAL_TIMEx_EnableDeadTimePreload  stm32g4xx_hal_tim_ex.o
    0x0800421c   0x0800421c   0x00000002   Code   RO         4077    i.HAL_TIMEx_EncoderIndexCallback  stm32g4xx_hal_tim_ex.o
    0x0800421e   0x0800421e   0x00000002   Code   RO         4091    i.HAL_TIMEx_IndexErrorCallback  stm32g4xx_hal_tim_ex.o
    0x08004220   0x08004220   0x000000b8   Code   RO         4092    i.HAL_TIMEx_MasterConfigSynchronization  stm32g4xx_hal_tim_ex.o
    0x080042d8   0x080042d8   0x000000e8   Code   RO         4104    i.HAL_TIMEx_PWMN_Start  stm32g4xx_hal_tim_ex.o
    0x080043c0   0x080043c0   0x00000002   Code   RO         4113    i.HAL_TIMEx_TransitionErrorCallback  stm32g4xx_hal_tim_ex.o
    0x080043c2   0x080043c2   0x0000006e   Code   RO         3325    i.HAL_TIM_Base_Init  stm32g4xx_hal_tim.o
    0x08004430   0x08004430   0x000000b8   Code   RO          640    i.HAL_TIM_Base_MspInit  tim.o
    0x080044e8   0x080044e8   0x00000090   Code   RO         3328    i.HAL_TIM_Base_Start  stm32g4xx_hal_tim.o
    0x08004578   0x08004578   0x0000009c   Code   RO         3330    i.HAL_TIM_Base_Start_IT  stm32g4xx_hal_tim.o
    0x08004614   0x08004614   0x00000134   Code   RO         3334    i.HAL_TIM_ConfigClockSource  stm32g4xx_hal_tim.o
    0x08004748   0x08004748   0x00000002   Code   RO         3359    i.HAL_TIM_IC_CaptureCallback  stm32g4xx_hal_tim.o
    0x0800474a   0x0800474a   0x00000240   Code   RO         3373    i.HAL_TIM_IRQHandler  stm32g4xx_hal_tim.o
    0x0800498a   0x0800498a   0x00000002   PAD
    0x0800498c   0x0800498c   0x000000d0   Code   RO          641    i.HAL_TIM_MspPostInit  tim.o
    0x08004a5c   0x08004a5c   0x00000002   Code   RO         3376    i.HAL_TIM_OC_DelayElapsedCallback  stm32g4xx_hal_tim.o
    0x08004a5e   0x08004a5e   0x00000170   Code   RO         3397    i.HAL_TIM_PWM_ConfigChannel  stm32g4xx_hal_tim.o
    0x08004bce   0x08004bce   0x0000006e   Code   RO         3400    i.HAL_TIM_PWM_Init  stm32g4xx_hal_tim.o
    0x08004c3c   0x08004c3c   0x00000002   Code   RO         3402    i.HAL_TIM_PWM_MspInit  stm32g4xx_hal_tim.o
    0x08004c3e   0x08004c3e   0x00000002   Code   RO         3403    i.HAL_TIM_PWM_PulseFinishedCallback  stm32g4xx_hal_tim.o
    0x08004c40   0x08004c40   0x0000014c   Code   RO         3405    i.HAL_TIM_PWM_Start  stm32g4xx_hal_tim.o
    0x08004d8c   0x08004d8c   0x00000002   Code   RO         3411    i.HAL_TIM_PeriodElapsedCallback  stm32g4xx_hal_tim.o
    0x08004d8e   0x08004d8e   0x00000002   Code   RO         3416    i.HAL_TIM_TriggerCallback  stm32g4xx_hal_tim.o
    0x08004d90   0x08004d90   0x0000004e   Code   RO         4904    i.HAL_UARTEx_DisableFifoMode  stm32g4xx_hal_uart_ex.o
    0x08004dde   0x08004dde   0x00000002   Code   RO         4488    i.HAL_UARTEx_RxEventCallback  stm32g4xx_hal_uart.o
    0x08004de0   0x08004de0   0x00000002   Code   RO         4911    i.HAL_UARTEx_RxFifoFullCallback  stm32g4xx_hal_uart_ex.o
    0x08004de2   0x08004de2   0x0000005e   Code   RO         4912    i.HAL_UARTEx_SetRxFifoThreshold  stm32g4xx_hal_uart_ex.o
    0x08004e40   0x08004e40   0x0000005e   Code   RO         4913    i.HAL_UARTEx_SetTxFifoThreshold  stm32g4xx_hal_uart_ex.o
    0x08004e9e   0x08004e9e   0x00000002   Code   RO         4915    i.HAL_UARTEx_TxFifoEmptyCallback  stm32g4xx_hal_uart_ex.o
    0x08004ea0   0x08004ea0   0x00000002   Code   RO         4916    i.HAL_UARTEx_WakeupCallback  stm32g4xx_hal_uart_ex.o
    0x08004ea2   0x08004ea2   0x00000002   Code   RO         4504    i.HAL_UART_ErrorCallback  stm32g4xx_hal_uart.o
    0x08004ea4   0x08004ea4   0x00000390   Code   RO         4507    i.HAL_UART_IRQHandler  stm32g4xx_hal_uart.o
    0x08005234   0x08005234   0x00000078   Code   RO         4508    i.HAL_UART_Init     stm32g4xx_hal_uart.o
    0x080052ac   0x080052ac   0x00000158   Code   RO          700    i.HAL_UART_MspInit  usart.o
    0x08005404   0x08005404   0x00000074   Code   RO         4512    i.HAL_UART_Receive_DMA  stm32g4xx_hal_uart.o
    0x08005478   0x08005478   0x00000002   Code   RO         4515    i.HAL_UART_RxCpltCallback  stm32g4xx_hal_uart.o
    0x0800547a   0x0800547a   0x00000002   Code   RO         4516    i.HAL_UART_RxHalfCpltCallback  stm32g4xx_hal_uart.o
    0x0800547c   0x0800547c   0x000000d6   Code   RO         4517    i.HAL_UART_Transmit  stm32g4xx_hal_uart.o
    0x08005552   0x08005552   0x00000002   Code   RO         4520    i.HAL_UART_TxCpltCallback  stm32g4xx_hal_uart.o
    0x08005554   0x08005554   0x00000004   Code   RO          747    i.HardFault_Handler  stm32g4xx_it.o
    0x08005558   0x08005558   0x00000010   Code   RO          950    i.LL_ADC_Enable     stm32g4xx_hal_adc.o
    0x08005568   0x08005568   0x0000000a   Code   RO          951    i.LL_ADC_GetMultimode  stm32g4xx_hal_adc.o
    0x08005572   0x08005572   0x00000012   Code   RO          952    i.LL_ADC_GetOffsetChannel  stm32g4xx_hal_adc.o
    0x08005584   0x08005584   0x00000012   Code   RO         1223    i.LL_ADC_GetOffsetChannel  stm32g4xx_hal_adc_ex.o
    0x08005596   0x08005596   0x0000000a   Code   RO         1224    i.LL_ADC_INJ_GetTrigAuto  stm32g4xx_hal_adc_ex.o
    0x080055a0   0x080055a0   0x0000000a   Code   RO          953    i.LL_ADC_INJ_IsConversionOngoing  stm32g4xx_hal_adc.o
    0x080055aa   0x080055aa   0x0000000a   Code   RO         1225    i.LL_ADC_INJ_IsConversionOngoing  stm32g4xx_hal_adc_ex.o
    0x080055b4   0x080055b4   0x00000014   Code   RO         1226    i.LL_ADC_INJ_StartConversion  stm32g4xx_hal_adc_ex.o
    0x080055c8   0x080055c8   0x0000000a   Code   RO          954    i.LL_ADC_IsDisableOngoing  stm32g4xx_hal_adc.o
    0x080055d2   0x080055d2   0x0000000a   Code   RO          955    i.LL_ADC_IsEnabled  stm32g4xx_hal_adc.o
    0x080055dc   0x080055dc   0x0000000a   Code   RO         1227    i.LL_ADC_IsEnabled  stm32g4xx_hal_adc_ex.o
    0x080055e6   0x080055e6   0x0000000a   Code   RO          956    i.LL_ADC_IsInternalRegulatorEnabled  stm32g4xx_hal_adc.o
    0x080055f0   0x080055f0   0x0000000a   Code   RO          957    i.LL_ADC_REG_IsConversionOngoing  stm32g4xx_hal_adc.o
    0x080055fa   0x080055fa   0x0000000a   Code   RO         1228    i.LL_ADC_REG_IsConversionOngoing  stm32g4xx_hal_adc_ex.o
    0x08005604   0x08005604   0x00000012   Code   RO          958    i.LL_ADC_REG_IsTriggerSourceSWStart  stm32g4xx_hal_adc.o
    0x08005616   0x08005616   0x00000028   Code   RO          961    i.LL_ADC_SetChannelSamplingTime  stm32g4xx_hal_adc.o
    0x0800563e   0x0800563e   0x00000028   Code   RO         1229    i.LL_ADC_SetChannelSamplingTime  stm32g4xx_hal_adc_ex.o
    0x08005666   0x08005666   0x0000000c   Code   RO          962    i.LL_ADC_SetCommonPathInternalCh  stm32g4xx_hal_adc.o
    0x08005672   0x08005672   0x0000000c   Code   RO         1230    i.LL_ADC_SetCommonPathInternalCh  stm32g4xx_hal_adc_ex.o
    0x0800567e   0x0800567e   0x00000016   Code   RO          963    i.LL_ADC_SetOffsetState  stm32g4xx_hal_adc.o
    0x08005694   0x08005694   0x00000016   Code   RO         1231    i.LL_ADC_SetOffsetState  stm32g4xx_hal_adc_ex.o
    0x080056aa   0x080056aa   0x0000000c   Code   RO          964    i.LL_ADC_SetSamplingTimeCommonConfig  stm32g4xx_hal_adc.o
    0x080056b6   0x080056b6   0x0000000c   Code   RO         1232    i.LL_ADC_SetSamplingTimeCommonConfig  stm32g4xx_hal_adc_ex.o
    0x080056c2   0x080056c2   0x00000002   PAD
    0x080056c4   0x080056c4   0x00000080   Code   RO          403    i.MT6701_GetAngle   mt6701.o
    0x08005744   0x08005744   0x00000090   Code   RO          404    i.MT6701_Init       mt6701.o
    0x080057d4   0x080057d4   0x000000b8   Code   RO          405    i.MT6701_Speed_Cal_10khz  mt6701.o
    0x0800588c   0x0800588c   0x0000010c   Code   RO          533    i.MX_ADC1_Init      adc.o
    0x08005998   0x08005998   0x00000060   Code   RO          573    i.MX_DMA_Init       dma.o
    0x080059f8   0x080059f8   0x000000f0   Code   RO          507    i.MX_GPIO_Init      gpio.o
    0x08005ae8   0x08005ae8   0x00000054   Code   RO          599    i.MX_SPI1_Init      spi.o
    0x08005b3c   0x08005b3c   0x00000074   Code   RO          642    i.MX_TIM15_Init     tim.o
    0x08005bb0   0x08005bb0   0x00000134   Code   RO          643    i.MX_TIM1_Init      tim.o
    0x08005ce4   0x08005ce4   0x0000004c   Code   RO          644    i.MX_TIM6_Init      tim.o
    0x08005d30   0x08005d30   0x0000006c   Code   RO          701    i.MX_USART1_UART_Init  usart.o
    0x08005d9c   0x08005d9c   0x00000004   Code   RO          748    i.MemManage_Handler  stm32g4xx_it.o
    0x08005da0   0x08005da0   0x00000002   Code   RO          749    i.NMI_Handler       stm32g4xx_it.o
    0x08005da2   0x08005da2   0x00000002   Code   RO          750    i.PendSV_Handler    stm32g4xx_it.o
    0x08005da4   0x08005da4   0x00000068   Code   RO         1681    i.RCC_GetSysClockFreqFromPLLSource  stm32g4xx_hal_rcc.o
    0x08005e0c   0x08005e0c   0x00000082   Code   RO         3020    i.SPI_EndRxTransaction  stm32g4xx_hal_spi.o
    0x08005e8e   0x08005e8e   0x00000064   Code   RO         3021    i.SPI_EndRxTxTransaction  stm32g4xx_hal_spi.o
    0x08005ef2   0x08005ef2   0x00000002   PAD
    0x08005ef4   0x08005ef4   0x000000f8   Code   RO         3026    i.SPI_WaitFifoStateUntilTimeout  stm32g4xx_hal_spi.o
    0x08005fec   0x08005fec   0x000000d8   Code   RO         3027    i.SPI_WaitFlagStateUntilTimeout  stm32g4xx_hal_spi.o
    0x080060c4   0x080060c4   0x00000002   Code   RO          751    i.SVC_Handler       stm32g4xx_it.o
    0x080060c6   0x080060c6   0x00000008   Code   RO          752    i.SysTick_Handler   stm32g4xx_it.o
    0x080060ce   0x080060ce   0x00000068   Code   RO          461    i.SystemClock_Config  main.o
    0x08006136   0x08006136   0x00000002   PAD
    0x08006138   0x08006138   0x0000001c   Code   RO          884    i.SystemInit        system_stm32g4xx.o
    0x08006154   0x08006154   0x00000024   Code   RO          753    i.TIM1_BRK_TIM15_IRQHandler  stm32g4xx_it.o
    0x08006178   0x08006178   0x00000010   Code   RO          754    i.TIM6_DAC_IRQHandler  stm32g4xx_it.o
    0x08006188   0x08006188   0x000000bc   Code   RO         3418    i.TIM_Base_SetConfig  stm32g4xx_hal_tim.o
    0x08006244   0x08006244   0x00000022   Code   RO         3419    i.TIM_CCxChannelCmd  stm32g4xx_hal_tim.o
    0x08006266   0x08006266   0x00000022   Code   RO         4116    i.TIM_CCxNChannelCmd  stm32g4xx_hal_tim_ex.o
    0x08006288   0x08006288   0x00000016   Code   RO         3429    i.TIM_ETR_SetConfig  stm32g4xx_hal_tim.o
    0x0800629e   0x0800629e   0x00000002   PAD
    0x080062a0   0x080062a0   0x00000018   Code   RO         3430    i.TIM_ITRx_SetConfig  stm32g4xx_hal_tim.o
    0x080062b8   0x080062b8   0x000000ac   Code   RO         3431    i.TIM_OC1_SetConfig  stm32g4xx_hal_tim.o
    0x08006364   0x08006364   0x000000b4   Code   RO         3432    i.TIM_OC2_SetConfig  stm32g4xx_hal_tim.o
    0x08006418   0x08006418   0x000000b4   Code   RO         3433    i.TIM_OC3_SetConfig  stm32g4xx_hal_tim.o
    0x080064cc   0x080064cc   0x000000b4   Code   RO         3434    i.TIM_OC4_SetConfig  stm32g4xx_hal_tim.o
    0x08006580   0x08006580   0x00000070   Code   RO         3435    i.TIM_OC5_SetConfig  stm32g4xx_hal_tim.o
    0x080065f0   0x080065f0   0x00000070   Code   RO         3436    i.TIM_OC6_SetConfig  stm32g4xx_hal_tim.o
    0x08006660   0x08006660   0x00000026   Code   RO         3438    i.TIM_TI1_ConfigInputStage  stm32g4xx_hal_tim.o
    0x08006686   0x08006686   0x00000028   Code   RO         3440    i.TIM_TI2_ConfigInputStage  stm32g4xx_hal_tim.o
    0x080066ae   0x080066ae   0x00000002   PAD
    0x080066b0   0x080066b0   0x00000058   Code   RO         4917    i.UARTEx_SetNbDataToProcess  stm32g4xx_hal_uart_ex.o
    0x08006708   0x08006708   0x000000f8   Code   RO         4522    i.UART_AdvFeatureConfig  stm32g4xx_hal_uart.o
    0x08006800   0x08006800   0x00000076   Code   RO         4523    i.UART_CheckIdleState  stm32g4xx_hal_uart.o
    0x08006876   0x08006876   0x00000018   Code   RO         4524    i.UART_DMAAbortOnError  stm32g4xx_hal_uart.o
    0x0800688e   0x0800688e   0x0000005e   Code   RO         4525    i.UART_DMAError     stm32g4xx_hal_uart.o
    0x080068ec   0x080068ec   0x000000b0   Code   RO         4526    i.UART_DMAReceiveCplt  stm32g4xx_hal_uart.o
    0x0800699c   0x0800699c   0x00000022   Code   RO         4528    i.UART_DMARxHalfCplt  stm32g4xx_hal_uart.o
    0x080069be   0x080069be   0x00000002   PAD
    0x080069c0   0x080069c0   0x0000006c   Code   RO         4534    i.UART_EndRxTransfer  stm32g4xx_hal_uart.o
    0x08006a2c   0x08006a2c   0x00000030   Code   RO         4535    i.UART_EndTransmit_IT  stm32g4xx_hal_uart.o
    0x08006a5c   0x08006a5c   0x00000040   Code   RO         4536    i.UART_EndTxTransfer  stm32g4xx_hal_uart.o
    0x08006a9c   0x08006a9c   0x00000384   Code   RO         4541    i.UART_SetConfig    stm32g4xx_hal_uart.o
    0x08006e20   0x08006e20   0x000000d4   Code   RO         4542    i.UART_Start_Receive_DMA  stm32g4xx_hal_uart.o
    0x08006ef4   0x08006ef4   0x000000fe   Code   RO         4548    i.UART_WaitOnFlagUntilTimeout  stm32g4xx_hal_uart.o
    0x08006ff2   0x08006ff2   0x00000002   PAD
    0x08006ff4   0x08006ff4   0x0000003c   Code   RO          755    i.USART1_IRQHandler  stm32g4xx_it.o
    0x08007030   0x08007030   0x00000004   Code   RO          756    i.UsageFault_Handler  stm32g4xx_it.o
    0x08007034   0x08007034   0x000000b4   Code   RO           13    i.Vofa_Bar_Handler  vofa.o
    0x080070e8   0x080070e8   0x00000024   Code   RO           14    i.Vofa_Button_Handler  vofa.o
    0x0800710c   0x0800710c   0x00000058   Code   RO           15    i.Vofa_FRAME_Handler  vofa.o
    0x08007164   0x08007164   0x00000038   Code   RO           16    i.Vofa_Key_Handler  vofa.o
    0x0800719c   0x0800719c   0x00000024   Code   RO           17    i.Vofa_Slider_Handler  vofa.o
    0x080071c0   0x080071c0   0x00000048   Code   RO           19    i.Vofa_Transmit     vofa.o
    0x08007208   0x08007208   0x000000a8   Code   RO           20    i.Vofa_UART_Receive  vofa.o
    0x080072b0   0x080072b0   0x00000010   Code   RO         2850    i.__NVIC_GetPriorityGrouping  stm32g4xx_hal_cortex.o
    0x080072c0   0x080072c0   0x00000028   Code   RO         2851    i.__NVIC_SetPriority  stm32g4xx_hal_cortex.o
    0x080072e8   0x080072e8   0x00000074   Code   RO         5133    i.__hardfp_fmax     m_wm.l(fmax.o)
    0x0800735c   0x0800735c   0x00000074   Code   RO         5137    i.__hardfp_fmin     m_wm.l(fmin.o)
    0x080073d0   0x080073d0   0x0000000e   Code   RO         5191    i.__scatterload_copy  mc_w.l(handlers.o)
    0x080073de   0x080073de   0x00000002   Code   RO         5192    i.__scatterload_null  mc_w.l(handlers.o)
    0x080073e0   0x080073e0   0x0000000e   Code   RO         5193    i.__scatterload_zeroinit  mc_w.l(handlers.o)
    0x080073ee   0x080073ee   0x0000002e   Code   RO          326    i.abs_limit         pid.o
    0x0800741c   0x0800741c   0x0000005a   Code   RO          406    i.angle_Calculate   mt6701.o
    0x08007476   0x08007476   0x00000002   PAD
    0x08007478   0x08007478   0x00000184   Code   RO          462    i.main              main.o
    0x080075fc   0x080075fc   0x00000204   Code   RO          327    i.pid_calc          pid.o
    0x08007800   0x08007800   0x00000018   Code   RO          328    i.pid_param_init    pid.o
    0x08007818   0x08007818   0x00000018   Data   RO          885    .constdata          system_stm32g4xx.o
    0x08007830   0x08007830   0x00000018   Data   RO         4549    .constdata          stm32g4xx_hal_uart.o
    0x08007848   0x08007848   0x00000010   Data   RO         4919    .constdata          stm32g4xx_hal_uart_ex.o
    0x08007858   0x08007858   0x00000804   Data   RO         5125    .rodata.sinTable_f32  arm_cortexM4lf_math.lib(arm_common_tables.o)
    0x0800805c   0x0800805c   0x00000020   Data   RO         5189    Region$$Table       anon$$obj.o


    Execution Region RW_IRAM1 (Exec base: 0x20000000, Load base: 0x0800807c, Size: 0x00000998, Max: 0x00008000, ABSOLUTE)

    Exec Addr    Load Addr    Size         Type   Attr      Idx    E Section Name        Object

    0x20000000   0x0800807c   0x00000015   Data   RW          235    .data               foc.o
    0x20000015   0x08008091   0x00000003   PAD
    0x20000018   0x08008094   0x00000004   Data   RW          409    .data               mt6701.o
    0x2000001c   0x08008098   0x00000004   Data   RW          886    .data               system_stm32g4xx.o
    0x20000020   0x0800809c   0x0000000c   Data   RW         1467    .data               stm32g4xx_hal.o
    0x2000002c        -       0x000000da   Zero   RW           21    .bss                vofa.o
    0x20000106   0x080080a8   0x00000002   PAD
    0x20000108        -       0x00000138   Zero   RW          234    .bss                foc.o
    0x20000240        -       0x00000038   Zero   RW          379    .bss                user_config.o
    0x20000278        -       0x00000018   Zero   RW          408    .bss                mt6701.o
    0x20000290        -       0x0000006c   Zero   RW          534    .bss                adc.o
    0x200002fc        -       0x00000064   Zero   RW          600    .bss                spi.o
    0x20000360        -       0x000000e4   Zero   RW          645    .bss                tim.o
    0x20000444        -       0x00000150   Zero   RW          702    .bss                usart.o
    0x20000594   0x080080a8   0x00000004   PAD
    0x20000598        -       0x00000400   Zero   RW            1    STACK               startup_stm32g431xx.o


==============================================================================

Image component sizes


      Code (inc. data)   RO Data    RW Data    ZI Data      Debug   Object Name

       420         20          0          0        108       1965   adc.o
        96          6          0          0          0        798   dma.o
      1868        134          0         21        312      22623   foc.o
       240          8          0          0          0        983   gpio.o
       494         58          0          0          0       1728   main.o
       546         64          0          4         24       3514   mt6701.o
       586          4          0          0          0       2452   pid.o
       200         18          0          0        100       1669   spi.o
        36          8        472          0       1024        844   startup_stm32g431xx.o
       194         32          0         12          0       4377   stm32g4xx_hal.o
      3204        100          0          0          0      82333   stm32g4xx_hal_adc.o
      2544         88          0          0          0      79692   stm32g4xx_hal_adc_ex.o
       310         22          0          0          0      34403   stm32g4xx_hal_cortex.o
      1090         22          0          0          0       6374   stm32g4xx_hal_dma.o
       518         36          0          0          0       3376   stm32g4xx_hal_gpio.o
        72          4          0          0          0        846   stm32g4xx_hal_msp.o
       300         18          0          0          0       1425   stm32g4xx_hal_pwr_ex.o
      2272        108          0          0          0       7320   stm32g4xx_hal_rcc.o
       880          8          0          0          0       1888   stm32g4xx_hal_rcc_ex.o
      2068         12          0          0          0       7939   stm32g4xx_hal_spi.o
      3398        288          0          0          0      19697   stm32g4xx_hal_tim.o
       714         60          0          0          0       8681   stm32g4xx_hal_tim_ex.o
      3652         98         24          0          0      36888   stm32g4xx_hal_uart.o
       360         10         16          0          0       5486   stm32g4xx_hal_uart_ex.o
       220         46          0          0          0       7733   stm32g4xx_it.o
        28          4         24          4          0       1159   system_stm32g4xx.o
       892         64          0          0        228       4000   tim.o
       452         40          0          0        336       2016   usart.o
         0          0          0          0         56        805   user_config.o
       636         40          0          0        218     686723   vofa.o

    ----------------------------------------------------------------------
     28326       1420        568         44       2412    1039737   Object Totals
         0          0         32          0          0          0   (incl. Generated)
        36          0          0          3          6          0   (incl. Padding)

    ----------------------------------------------------------------------

      Code (inc. data)   RO Data    RW Data    ZI Data      Debug   Library Member Name

         0          0       2052          0          0       4961   arm_common_tables.o
       160         12          0          0          0       1103   arm_cos_f32.o
       152         12          0          0          0       1098   arm_sin_f32.o
       116          0          0          0          0        164   fmax.o
       116          0          0          0          0        164   fmin.o
         0          0          0          0          0          0   entry.o
         0          0          0          0          0          0   entry10a.o
         0          0          0          0          0          0   entry11a.o
         8          4          0          0          0          0   entry2.o
         4          0          0          0          0          0   entry5.o
         0          0          0          0          0          0   entry7b.o
         0          0          0          0          0          0   entry8b.o
         8          4          0          0          0          0   entry9a.o
        30          0          0          0          0          0   handlers.o
        36          8          0          0          0         68   init.o
         0          0          0          0          0          0   iusefp.o
        30          0          0          0          0         68   llshl.o
        36          0          0          0          0         68   llsshr.o
        32          0          0          0          0         68   llushr.o
        36          0          0          0          0         68   memcpya.o
        36          0          0          0          0        108   memseta.o
        98          0          0          0          0         92   uldiv.o
        56          0          0          0          0         88   d2f.o
       334          0          0          0          0        148   dadd.o
        96          0          0          0          0         80   dcmp4.o
       186          0          0          0          0        176   depilogue.o
       228          0          0          0          0         96   dmul.o
        38          0          0          0          0         68   f2d.o
       110          0          0          0          0        168   fepilogue.o

    ----------------------------------------------------------------------
      1946         40       2052          0          0       8854   Library Totals
         0          0          0          0          0          0   (incl. Padding)

    ----------------------------------------------------------------------

      Code (inc. data)   RO Data    RW Data    ZI Data      Debug   Library Name

       312         24       2052          0          0       7162   arm_cortexM4lf_math.lib
       232          0          0          0          0        328   m_wm.l
       354         16          0          0          0        540   mc_w.l
      1048          0          0          0          0        824   mf_w.l

    ----------------------------------------------------------------------
      1946         40       2052          0          0       8854   Library Totals

    ----------------------------------------------------------------------

==============================================================================


      Code (inc. data)   RO Data    RW Data    ZI Data      Debug   

     30272       1460       2620         44       2412    1029007   Grand Totals
     30272       1460       2620         44       2412    1029007   ELF Image Totals
     30272       1460       2620         44          0          0   ROM Totals

==============================================================================

    Total RO  Size (Code + RO Data)                32892 (  32.12kB)
    Total RW  Size (RW Data + ZI Data)              2456 (   2.40kB)
    Total ROM Size (Code + RO Data + RW Data)      32936 (  32.16kB)

==============================================================================

